======================================================================
dinov2_vitb14 — CV0 Leave-One-Year-Out Training
======================================================================
Config      : configs/dinov2_vitb14_cv0.yaml
Output dir  : /mnt/research-projects/j/jlgage/RawUAVData01/uavforslb/uav4slb/results/dinov2_vitb14_cv0
Device      : cuda:0
Image size  : [518, 518]
Batch size  : 16
Max epochs  : 60
AMP         : True  dtype=float16
Mode        : fresh training from pretrained weights
Found 3 CV0 fold(s): ['fold_2023', 'fold_2024', 'fold_2025']

======================================================================
FOLD 1: fold_2023  |  train=19949  val=3521  test=2601
======================================================================
Loaded 19949 samples from /tmp/slb_cv0_folds/train_42.csv
Loaded 3521 samples from /tmp/slb_cv0_folds/val_42.csv
Loaded 2601 samples from /tmp/slb_cv0_folds/test_42.csv
Loading DINOv2 ViT-B/14 from torch.hub ...
using MLP layer as FFN
DINOv2 backbone loaded successfully.
DINOv2RegressionModel(
  backbone=DINOv2 ViT-B/14 (feature_dim=768),
  head=Sequential(
  (0): LayerNorm((768,), eps=1e-05, elementwise_affine=True)
  (1): Linear(in_features=768, out_features=256, bias=True)
  (2): GELU(approximate='none')
  (3): Dropout(p=0.3, inplace=False)
  (4): Linear(in_features=256, out_features=1, bias=True)
),
  total_params=86,779,137,
  trainable_params=86,779,137
)
Model : dinov2_vitb14  (86,779,137 params, 86,779,137 trainable)
Epoch   1/60  train_loss=1.4208  train_r2=0.6782  val_loss=0.8192  val_r2=0.8146  val_rmse=0.9051  lr_backbone=1.20e-05  lr_head=1.20e-04  time=687.4s
  ✓ Saved best checkpoint  (val_r2=0.8146)
Epoch   2/60  train_loss=1.0166  train_r2=0.7698  val_loss=1.0865  val_r2=0.7541  val_rmse=1.0423  lr_backbone=1.80e-05  lr_head=1.80e-04  time=217.9s
Epoch   3/60  train_loss=1.0188  train_r2=0.7692  val_loss=1.0586  val_r2=0.7604  val_rmse=1.0289  lr_backbone=2.40e-05  lr_head=2.40e-04  time=226.5s
Epoch   4/60  train_loss=1.0153  train_r2=0.7700  val_loss=0.7762  val_r2=0.8243  val_rmse=0.8810  lr_backbone=3.00e-05  lr_head=3.00e-04  time=257.6s
  ✓ Saved best checkpoint  (val_r2=0.8243)
Epoch   5/60  train_loss=1.0428  train_r2=0.7638  val_loss=1.2285  val_r2=0.7220  val_rmse=1.1084  lr_backbone=3.00e-05  lr_head=3.00e-04  time=222.4s
Epoch   6/60  train_loss=0.9729  train_r2=0.7796  val_loss=0.8552  val_r2=0.8065  val_rmse=0.9248  lr_backbone=3.00e-05  lr_head=3.00e-04  time=218.2s
Epoch   7/60  train_loss=0.9230  train_r2=0.7910  val_loss=0.6874  val_r2=0.8444  val_rmse=0.8291  lr_backbone=2.99e-05  lr_head=2.99e-04  time=215.7s
  ✓ Saved best checkpoint  (val_r2=0.8444)
Epoch   8/60  train_loss=0.8698  train_r2=0.8030  val_loss=0.8779  val_r2=0.8013  val_rmse=0.9370  lr_backbone=2.98e-05  lr_head=2.98e-04  time=212.3s
Epoch   9/60  train_loss=0.8250  train_r2=0.8132  val_loss=0.9665  val_r2=0.7813  val_rmse=0.9831  lr_backbone=2.96e-05  lr_head=2.96e-04  time=211.5s
Epoch  10/60  train_loss=0.8281  train_r2=0.8125  val_loss=0.7267  val_r2=0.8356  val_rmse=0.8524  lr_backbone=2.94e-05  lr_head=2.94e-04  time=212.5s
Epoch  11/60  train_loss=0.7738  train_r2=0.8248  val_loss=0.6765  val_r2=0.8469  val_rmse=0.8225  lr_backbone=2.91e-05  lr_head=2.91e-04  time=213.1s
  ✓ Saved best checkpoint  (val_r2=0.8469)
Epoch  12/60  train_loss=0.7576  train_r2=0.8284  val_loss=0.7051  val_r2=0.8404  val_rmse=0.8397  lr_backbone=2.88e-05  lr_head=2.88e-04  time=216.5s
Epoch  13/60  train_loss=0.7373  train_r2=0.8330  val_loss=0.7032  val_r2=0.8409  val_rmse=0.8386  lr_backbone=2.85e-05  lr_head=2.85e-04  time=234.1s
Epoch  14/60  train_loss=0.7263  train_r2=0.8355  val_loss=0.7246  val_r2=0.8360  val_rmse=0.8512  lr_backbone=2.81e-05  lr_head=2.81e-04  time=225.3s
Epoch  15/60  train_loss=0.6995  train_r2=0.8416  val_loss=0.7116  val_r2=0.8390  val_rmse=0.8435  lr_backbone=2.76e-05  lr_head=2.76e-04  time=229.0s
Epoch  16/60  train_loss=0.6762  train_r2=0.8468  val_loss=0.6721  val_r2=0.8479  val_rmse=0.8198  lr_backbone=2.71e-05  lr_head=2.71e-04  time=223.3s
  ✓ Saved best checkpoint  (val_r2=0.8479)
Epoch  17/60  train_loss=0.6570  train_r2=0.8512  val_loss=0.6369  val_r2=0.8559  val_rmse=0.7981  lr_backbone=2.66e-05  lr_head=2.66e-04  time=217.3s
  ✓ Saved best checkpoint  (val_r2=0.8559)
Epoch  18/60  train_loss=0.6451  train_r2=0.8539  val_loss=0.8582  val_r2=0.8058  val_rmse=0.9264  lr_backbone=2.61e-05  lr_head=2.61e-04  time=213.2s
Epoch  19/60  train_loss=0.6157  train_r2=0.8606  val_loss=0.6188  val_r2=0.8600  val_rmse=0.7867  lr_backbone=2.55e-05  lr_head=2.55e-04  time=219.0s
  ✓ Saved best checkpoint  (val_r2=0.8600)
Epoch  20/60  train_loss=0.5994  train_r2=0.8642  val_loss=0.6490  val_r2=0.8531  val_rmse=0.8056  lr_backbone=2.48e-05  lr_head=2.48e-04  time=216.7s
Epoch  21/60  train_loss=0.5720  train_r2=0.8704  val_loss=0.6219  val_r2=0.8593  val_rmse=0.7886  lr_backbone=2.42e-05  lr_head=2.42e-04  time=217.2s
Epoch  22/60  train_loss=0.5565  train_r2=0.8740  val_loss=0.6293  val_r2=0.8576  val_rmse=0.7933  lr_backbone=2.35e-05  lr_head=2.35e-04  time=211.8s
Epoch  23/60  train_loss=0.5394  train_r2=0.8778  val_loss=0.6835  val_r2=0.8453  val_rmse=0.8267  lr_backbone=2.28e-05  lr_head=2.27e-04  time=214.1s
Epoch  24/60  train_loss=0.5269  train_r2=0.8807  val_loss=0.6924  val_r2=0.8433  val_rmse=0.8321  lr_backbone=2.20e-05  lr_head=2.20e-04  time=211.6s
Epoch  25/60  train_loss=0.5076  train_r2=0.8850  val_loss=0.6210  val_r2=0.8595  val_rmse=0.7880  lr_backbone=2.13e-05  lr_head=2.12e-04  time=242.4s
Epoch  26/60  train_loss=0.4791  train_r2=0.8915  val_loss=0.6415  val_r2=0.8548  val_rmse=0.8009  lr_backbone=2.05e-05  lr_head=2.04e-04  time=246.1s
Epoch  27/60  train_loss=0.4576  train_r2=0.8964  val_loss=0.6463  val_r2=0.8537  val_rmse=0.8039  lr_backbone=1.97e-05  lr_head=1.96e-04  time=241.8s
Epoch  28/60  train_loss=0.4404  train_r2=0.9003  val_loss=0.6235  val_r2=0.8589  val_rmse=0.7896  lr_backbone=1.89e-05  lr_head=1.88e-04  time=329.8s
Epoch  29/60  train_loss=0.4243  train_r2=0.9039  val_loss=0.6475  val_r2=0.8535  val_rmse=0.8046  lr_backbone=1.80e-05  lr_head=1.80e-04  time=273.0s
Epoch  30/60  train_loss=0.4139  train_r2=0.9063  val_loss=0.6811  val_r2=0.8459  val_rmse=0.8253  lr_backbone=1.72e-05  lr_head=1.71e-04  time=250.7s
Epoch  31/60  train_loss=0.3887  train_r2=0.9120  val_loss=0.6066  val_r2=0.8627  val_rmse=0.7789  lr_backbone=1.63e-05  lr_head=1.63e-04  time=646.3s
  ✓ Saved best checkpoint  (val_r2=0.8627)
Epoch  32/60  train_loss=0.3660  train_r2=0.9171  val_loss=0.6528  val_r2=0.8523  val_rmse=0.8080  lr_backbone=1.55e-05  lr_head=1.54e-04  time=474.2s
Epoch  33/60  train_loss=0.3479  train_r2=0.9212  val_loss=0.6077  val_r2=0.8625  val_rmse=0.7795  lr_backbone=1.46e-05  lr_head=1.46e-04  time=533.5s
Epoch  34/60  train_loss=0.3306  train_r2=0.9251  val_loss=0.6394  val_r2=0.8553  val_rmse=0.7996  lr_backbone=1.38e-05  lr_head=1.37e-04  time=286.7s
Epoch  35/60  train_loss=0.3171  train_r2=0.9282  val_loss=0.6068  val_r2=0.8627  val_rmse=0.7790  lr_backbone=1.29e-05  lr_head=1.29e-04  time=229.7s
Epoch  36/60  train_loss=0.2995  train_r2=0.9322  val_loss=0.6310  val_r2=0.8572  val_rmse=0.7944  lr_backbone=1.21e-05  lr_head=1.20e-04  time=222.6s
Epoch  37/60  train_loss=0.2858  train_r2=0.9353  val_loss=0.6461  val_r2=0.8538  val_rmse=0.8038  lr_backbone=1.12e-05  lr_head=1.12e-04  time=252.5s
Epoch  38/60  train_loss=0.2737  train_r2=0.9380  val_loss=0.6123  val_r2=0.8614  val_rmse=0.7825  lr_backbone=1.04e-05  lr_head=1.04e-04  time=258.9s
Epoch  39/60  train_loss=0.2547  train_r2=0.9423  val_loss=0.6392  val_r2=0.8554  val_rmse=0.7995  lr_backbone=9.63e-06  lr_head=9.56e-05  time=248.2s
Epoch  40/60  train_loss=0.2418  train_r2=0.9452  val_loss=0.6144  val_r2=0.8610  val_rmse=0.7838  lr_backbone=8.84e-06  lr_head=8.78e-05  time=239.6s
Epoch  41/60  train_loss=0.2312  train_r2=0.9476  val_loss=0.6223  val_r2=0.8592  val_rmse=0.7889  lr_backbone=8.07e-06  lr_head=8.01e-05  time=224.8s
Epoch  42/60  train_loss=0.2197  train_r2=0.9502  val_loss=0.6150  val_r2=0.8608  val_rmse=0.7842  lr_backbone=7.33e-06  lr_head=7.26e-05  time=270.4s
Epoch  43/60  train_loss=0.2100  train_r2=0.9524  val_loss=0.6271  val_r2=0.8581  val_rmse=0.7919  lr_backbone=6.61e-06  lr_head=6.54e-05  time=262.1s
  Early stopping triggered at epoch 43 (no improvement for 12 epochs).

Loading best checkpoint for test evaluation: /mnt/research-projects/j/jlgage/RawUAVData01/uavforslb/uav4slb/results/dinov2_vitb14_cv0/checkpoints/fold_2023/checkpoint_best.pt

======================================================================
TEST RESULTS — fold_2023
  R²   = 0.6295
  RMSE = 0.8400
  MAE  = 0.6392
======================================================================
Saved test predictions   → /mnt/research-projects/j/jlgage/RawUAVData01/uavforslb/uav4slb/results/dinov2_vitb14_cv0/predictions/fold_2023_test_predictions.csv
Saved training history   → /mnt/research-projects/j/jlgage/RawUAVData01/uavforslb/uav4slb/results/dinov2_vitb14_cv0/history/fold_2023_history.csv

======================================================================
FOLD 2: fold_2024  |  train=15113  val=2668  test=8290
======================================================================
Loaded 15113 samples from /tmp/slb_cv0_folds/train_42.csv
Loaded 2668 samples from /tmp/slb_cv0_folds/val_42.csv
Loaded 8290 samples from /tmp/slb_cv0_folds/test_42.csv
Loading DINOv2 ViT-B/14 from torch.hub ...
using MLP layer as FFN
DINOv2 backbone loaded successfully.
DINOv2RegressionModel(
  backbone=DINOv2 ViT-B/14 (feature_dim=768),
  head=Sequential(
  (0): LayerNorm((768,), eps=1e-05, elementwise_affine=True)
  (1): Linear(in_features=768, out_features=256, bias=True)
  (2): GELU(approximate='none')
  (3): Dropout(p=0.3, inplace=False)
  (4): Linear(in_features=256, out_features=1, bias=True)
),
  total_params=86,779,137,
  trainable_params=86,779,137
)
Model : dinov2_vitb14  (86,779,137 params, 86,779,137 trainable)
Epoch   1/60  train_loss=1.2277  train_r2=0.6351  val_loss=0.5623  val_r2=0.8325  val_rmse=0.7499  lr_backbone=1.20e-05  lr_head=1.20e-04  time=158.4s
  ✓ Saved best checkpoint  (val_r2=0.8325)
Epoch   2/60  train_loss=0.8713  train_r2=0.7413  val_loss=0.7706  val_r2=0.7705  val_rmse=0.8778  lr_backbone=1.80e-05  lr_head=1.80e-04  time=158.3s
Epoch   3/60  train_loss=0.8307  train_r2=0.7532  val_loss=0.6205  val_r2=0.8152  val_rmse=0.7877  lr_backbone=2.40e-05  lr_head=2.40e-04  time=155.7s
Epoch   4/60  train_loss=0.8521  train_r2=0.7468  val_loss=0.6938  val_r2=0.7933  val_rmse=0.8329  lr_backbone=3.00e-05  lr_head=3.00e-04  time=157.4s
Epoch   5/60  train_loss=0.8723  train_r2=0.7409  val_loss=0.7905  val_r2=0.7645  val_rmse=0.8891  lr_backbone=3.00e-05  lr_head=3.00e-04  time=155.9s
Epoch   6/60  train_loss=0.7798  train_r2=0.7683  val_loss=0.6757  val_r2=0.7987  val_rmse=0.8220  lr_backbone=3.00e-05  lr_head=3.00e-04  time=156.8s
Epoch   7/60  train_loss=0.7669  train_r2=0.7721  val_loss=0.5638  val_r2=0.8321  val_rmse=0.7509  lr_backbone=2.99e-05  lr_head=2.99e-04  time=159.3s
Epoch   8/60  train_loss=0.7201  train_r2=0.7860  val_loss=0.6794  val_r2=0.7976  val_rmse=0.8242  lr_backbone=2.98e-05  lr_head=2.98e-04  time=155.2s
Epoch   9/60  train_loss=0.6735  train_r2=0.7999  val_loss=0.5995  val_r2=0.8214  val_rmse=0.7743  lr_backbone=2.96e-05  lr_head=2.96e-04  time=156.9s
Epoch  10/60  train_loss=0.6540  train_r2=0.8057  val_loss=0.6688  val_r2=0.8008  val_rmse=0.8178  lr_backbone=2.94e-05  lr_head=2.94e-04  time=155.0s
Epoch  11/60  train_loss=0.6381  train_r2=0.8104  val_loss=0.6555  val_r2=0.8048  val_rmse=0.8096  lr_backbone=2.91e-05  lr_head=2.91e-04  time=155.5s
Epoch  12/60  train_loss=0.6202  train_r2=0.8157  val_loss=0.6196  val_r2=0.8154  val_rmse=0.7872  lr_backbone=2.88e-05  lr_head=2.88e-04  time=156.9s
Epoch  13/60  train_loss=0.6121  train_r2=0.8182  val_loss=0.6454  val_r2=0.8078  val_rmse=0.8034  lr_backbone=2.85e-05  lr_head=2.85e-04  time=156.7s
  Early stopping triggered at epoch 13 (no improvement for 12 epochs).

Loading best checkpoint for test evaluation: /mnt/research-projects/j/jlgage/RawUAVData01/uavforslb/uav4slb/results/dinov2_vitb14_cv0/checkpoints/fold_2024/checkpoint_best.pt

======================================================================
TEST RESULTS — fold_2024
  R²   = 0.5906
  RMSE = 1.5692
  MAE  = 1.3006
======================================================================
Saved test predictions   → /mnt/research-projects/j/jlgage/RawUAVData01/uavforslb/uav4slb/results/dinov2_vitb14_cv0/predictions/fold_2024_test_predictions.csv
Saved training history   → /mnt/research-projects/j/jlgage/RawUAVData01/uavforslb/uav4slb/results/dinov2_vitb14_cv0/history/fold_2024_history.csv

======================================================================
FOLD 3: fold_2025  |  train=9257  val=1634  test=15180
======================================================================
Loaded 9257 samples from /tmp/slb_cv0_folds/train_42.csv
Loaded 1634 samples from /tmp/slb_cv0_folds/val_42.csv
Loaded 15180 samples from /tmp/slb_cv0_folds/test_42.csv
Loading DINOv2 ViT-B/14 from torch.hub ...
using MLP layer as FFN
DINOv2 backbone loaded successfully.
DINOv2RegressionModel(
  backbone=DINOv2 ViT-B/14 (feature_dim=768),
  head=Sequential(
  (0): LayerNorm((768,), eps=1e-05, elementwise_affine=True)
  (1): Linear(in_features=768, out_features=256, bias=True)
  (2): GELU(approximate='none')
  (3): Dropout(p=0.3, inplace=False)
  (4): Linear(in_features=256, out_features=1, bias=True)
),
  total_params=86,779,137,
  trainable_params=86,779,137
)
Model : dinov2_vitb14  (86,779,137 params, 86,779,137 trainable)
Epoch   1/60  train_loss=1.9983  train_r2=0.6070  val_loss=0.8216  val_r2=0.8393  val_rmse=0.9064  lr_backbone=1.20e-05  lr_head=1.20e-04  time=96.2s
  ✓ Saved best checkpoint  (val_r2=0.8393)
Epoch   2/60  train_loss=1.3206  train_r2=0.7402  val_loss=0.7413  val_r2=0.8550  val_rmse=0.8610  lr_backbone=1.80e-05  lr_head=1.80e-04  time=96.7s
  ✓ Saved best checkpoint  (val_r2=0.8550)
Epoch   3/60  train_loss=1.2554  train_r2=0.7531  val_loss=0.8208  val_r2=0.8394  val_rmse=0.9060  lr_backbone=2.40e-05  lr_head=2.40e-04  time=96.2s
Epoch   4/60  train_loss=1.2541  train_r2=0.7534  val_loss=0.9073  val_r2=0.8225  val_rmse=0.9525  lr_backbone=3.00e-05  lr_head=3.00e-04  time=96.3s
Epoch   5/60  train_loss=1.2276  train_r2=0.7586  val_loss=1.0126  val_r2=0.8019  val_rmse=1.0063  lr_backbone=3.00e-05  lr_head=3.00e-04  time=96.7s
Epoch   6/60  train_loss=1.1928  train_r2=0.7654  val_loss=1.0515  val_r2=0.7943  val_rmse=1.0254  lr_backbone=3.00e-05  lr_head=3.00e-04  time=99.2s
Epoch   7/60  train_loss=1.1185  train_r2=0.7803  val_loss=0.8930  val_r2=0.8253  val_rmse=0.9450  lr_backbone=2.99e-05  lr_head=2.99e-04  time=96.7s
Epoch   8/60  train_loss=1.0444  train_r2=0.7946  val_loss=0.8697  val_r2=0.8299  val_rmse=0.9326  lr_backbone=2.98e-05  lr_head=2.98e-04  time=95.9s
Epoch   9/60  train_loss=1.0288  train_r2=0.7977  val_loss=1.0726  val_r2=0.7902  val_rmse=1.0357  lr_backbone=2.96e-05  lr_head=2.96e-04  time=96.9s
Epoch  10/60  train_loss=0.9650  train_r2=0.8102  val_loss=0.7914  val_r2=0.8452  val_rmse=0.8896  lr_backbone=2.94e-05  lr_head=2.94e-04  time=97.1s
Epoch  11/60  train_loss=0.9680  train_r2=0.8097  val_loss=0.8702  val_r2=0.8298  val_rmse=0.9328  lr_backbone=2.91e-05  lr_head=2.91e-04  time=95.7s
Epoch  12/60  train_loss=0.9134  train_r2=0.8204  val_loss=0.8725  val_r2=0.8293  val_rmse=0.9341  lr_backbone=2.88e-05  lr_head=2.88e-04  time=96.0s
Epoch  13/60  train_loss=0.8816  train_r2=0.8266  val_loss=0.7492  val_r2=0.8534  val_rmse=0.8656  lr_backbone=2.85e-05  lr_head=2.85e-04  time=96.9s
Epoch  14/60  train_loss=0.8852  train_r2=0.8263  val_loss=0.7731  val_r2=0.8488  val_rmse=0.8793  lr_backbone=2.81e-05  lr_head=2.81e-04  time=295.4s
  Early stopping triggered at epoch 14 (no improvement for 12 epochs).

Loading best checkpoint for test evaluation: /mnt/research-projects/j/jlgage/RawUAVData01/uavforslb/uav4slb/results/dinov2_vitb14_cv0/checkpoints/fold_2025/checkpoint_best.pt

======================================================================
TEST RESULTS — fold_2025
  R²   = 0.6725
  RMSE = 1.0742
  MAE  = 0.8397
======================================================================
Saved test predictions   → /mnt/research-projects/j/jlgage/RawUAVData01/uavforslb/uav4slb/results/dinov2_vitb14_cv0/predictions/fold_2025_test_predictions.csv
Saved training history   → /mnt/research-projects/j/jlgage/RawUAVData01/uavforslb/uav4slb/results/dinov2_vitb14_cv0/history/fold_2025_history.csv

======================================================================
CV0 SUMMARY — dinov2_vitb14
======================================================================

  Mean Val  R²   = 0.8501 ± 0.0157
  Mean Test R²   = 0.6309 ± 0.0409
  Mean Test RMSE = 1.1611 ± 0.3723
  Mean Test MAE  = 0.9265

✓ Results saved → /mnt/research-projects/j/jlgage/RawUAVData01/uavforslb/uav4slb/results/dinov2_vitb14_cv0
