======================================================================
coatnet2 — CV0 Leave-One-Year-Out Training
======================================================================
Config      : configs_downsample/coatnet2_cv0.yaml
Output dir  : /mnt/research-projects/j/jlgage/RawUAVData01/uavforslb/uav4slb/downsample_results/coatnet2_cv0
Device      : cuda:3
Image size  : [224, 224]
Batch size  : 32
Max epochs  : 60
AMP         : True  dtype=bfloat16
Mode        : fresh training from pretrained weights
Found 3 CV0 fold(s): ['fold_2023', 'fold_2024', 'fold_2025']

======================================================================
FOLD 1: fold_2023  |  train=4421  val=781  test=2601
======================================================================
Loaded 4421 samples from /tmp/slb_cv0_folds/train_42.csv
Loaded 781 samples from /tmp/slb_cv0_folds/val_42.csv
Loaded 2601 samples from /tmp/slb_cv0_folds/test_42.csv
Loading pretrained weights from Hugging Face hub (timm/coatnet_2_rw_224.sw_in12k_ft_in1k)
HTTP Request: HEAD https://huggingface.co/timm/coatnet_2_rw_224.sw_in12k_ft_in1k/resolve/main/model.safetensors "HTTP/1.1 302 Found"
Warning: You are sending unauthenticated requests to the HF Hub. Please set a HF_TOKEN to enable higher rate limits and faster downloads.
[timm/coatnet_2_rw_224.sw_in12k_ft_in1k] Safe alternative available for 'pytorch_model.bin' (as 'model.safetensors'). Loading weights using safetensors.
CoAtNet-2 backbone loaded  |  pretrained=True  feature_dim=1024  params=72.8M
CoAtNet-2 Regressor  |  total=73.1M  trainable=73.1M
Model : coatnet2  (73,106,057 params, 73,106,057 trainable)
Optimizer param groups  |  backbone_lr=2.0e-05  head_lr=2.0e-04  wd=5.00e-02  total_params=73.1M
Epoch   1/60  train_loss=5.1980  train_r2=-0.0803  val_loss=1.1632  val_r2=0.7546  val_rmse=1.0785  lr_backbone=8.00e-06  lr_head=8.00e-05  time=31.2s
  ✓ Saved best checkpoint  (val_r2=0.7546)
Epoch   2/60  train_loss=1.6445  train_r2=0.6600  val_loss=1.0059  val_r2=0.7878  val_rmse=1.0029  lr_backbone=1.20e-05  lr_head=1.20e-04  time=30.3s
  ✓ Saved best checkpoint  (val_r2=0.7878)
Epoch   3/60  train_loss=1.5033  train_r2=0.6876  val_loss=0.9803  val_r2=0.7932  val_rmse=0.9901  lr_backbone=1.60e-05  lr_head=1.60e-04  time=32.0s
  ✓ Saved best checkpoint  (val_r2=0.7932)
Epoch   4/60  train_loss=1.2867  train_r2=0.7327  val_loss=1.3206  val_r2=0.7214  val_rmse=1.1492  lr_backbone=2.00e-05  lr_head=2.00e-04  time=30.0s
Epoch   5/60  train_loss=1.2372  train_r2=0.7451  val_loss=0.9700  val_r2=0.7954  val_rmse=0.9849  lr_backbone=2.00e-05  lr_head=2.00e-04  time=32.0s
  ✓ Saved best checkpoint  (val_r2=0.7954)
Epoch   6/60  train_loss=1.0899  train_r2=0.7739  val_loss=0.9270  val_r2=0.8044  val_rmse=0.9628  lr_backbone=2.00e-05  lr_head=2.00e-04  time=33.1s
  ✓ Saved best checkpoint  (val_r2=0.8044)
Epoch   7/60  train_loss=1.0905  train_r2=0.7753  val_loss=1.0184  val_r2=0.7852  val_rmse=1.0092  lr_backbone=1.99e-05  lr_head=1.99e-04  time=30.8s
Epoch   8/60  train_loss=0.9254  train_r2=0.8075  val_loss=0.8409  val_r2=0.8226  val_rmse=0.9170  lr_backbone=1.99e-05  lr_head=1.99e-04  time=30.5s
  ✓ Saved best checkpoint  (val_r2=0.8226)
Epoch   9/60  train_loss=0.8406  train_r2=0.8257  val_loss=0.8455  val_r2=0.8216  val_rmse=0.9195  lr_backbone=1.97e-05  lr_head=1.97e-04  time=32.7s
Epoch  10/60  train_loss=0.7540  train_r2=0.8433  val_loss=1.4066  val_r2=0.7033  val_rmse=1.1860  lr_backbone=1.96e-05  lr_head=1.96e-04  time=30.4s
Epoch  11/60  train_loss=0.6971  train_r2=0.8554  val_loss=0.8137  val_r2=0.8284  val_rmse=0.9021  lr_backbone=1.94e-05  lr_head=1.94e-04  time=30.5s
  ✓ Saved best checkpoint  (val_r2=0.8284)
Epoch  12/60  train_loss=0.6615  train_r2=0.8637  val_loss=0.7562  val_r2=0.8405  val_rmse=0.8696  lr_backbone=1.92e-05  lr_head=1.92e-04  time=32.7s
  ✓ Saved best checkpoint  (val_r2=0.8405)
Epoch  13/60  train_loss=0.6396  train_r2=0.8675  val_loss=0.7926  val_r2=0.8328  val_rmse=0.8903  lr_backbone=1.90e-05  lr_head=1.90e-04  time=31.4s
Epoch  14/60  train_loss=0.5456  train_r2=0.8896  val_loss=1.2024  val_r2=0.7464  val_rmse=1.0965  lr_backbone=1.87e-05  lr_head=1.87e-04  time=30.8s
Epoch  15/60  train_loss=0.5359  train_r2=0.8887  val_loss=0.8411  val_r2=0.8226  val_rmse=0.9171  lr_backbone=1.84e-05  lr_head=1.84e-04  time=35.9s
Epoch  16/60  train_loss=0.5271  train_r2=0.8916  val_loss=0.9489  val_r2=0.7998  val_rmse=0.9741  lr_backbone=1.81e-05  lr_head=1.81e-04  time=31.3s
Epoch  17/60  train_loss=0.4792  train_r2=0.9018  val_loss=0.7876  val_r2=0.8339  val_rmse=0.8875  lr_backbone=1.78e-05  lr_head=1.77e-04  time=30.8s
Epoch  18/60  train_loss=0.4730  train_r2=0.9019  val_loss=0.8177  val_r2=0.8275  val_rmse=0.9043  lr_backbone=1.74e-05  lr_head=1.74e-04  time=32.0s
Epoch  19/60  train_loss=0.4248  train_r2=0.9119  val_loss=0.7716  val_r2=0.8372  val_rmse=0.8784  lr_backbone=1.70e-05  lr_head=1.70e-04  time=32.3s
Epoch  20/60  train_loss=0.4338  train_r2=0.9106  val_loss=0.8034  val_r2=0.8305  val_rmse=0.8963  lr_backbone=1.66e-05  lr_head=1.66e-04  time=31.1s
Epoch  21/60  train_loss=0.4339  train_r2=0.9097  val_loss=0.8378  val_r2=0.8233  val_rmse=0.9153  lr_backbone=1.61e-05  lr_head=1.61e-04  time=30.7s
Epoch  22/60  train_loss=0.4170  train_r2=0.9138  val_loss=0.9846  val_r2=0.7923  val_rmse=0.9923  lr_backbone=1.57e-05  lr_head=1.56e-04  time=30.8s
Epoch  23/60  train_loss=0.4175  train_r2=0.9136  val_loss=0.7816  val_r2=0.8351  val_rmse=0.8841  lr_backbone=1.52e-05  lr_head=1.52e-04  time=31.3s
Epoch  24/60  train_loss=0.3591  train_r2=0.9255  val_loss=0.8231  val_r2=0.8264  val_rmse=0.9072  lr_backbone=1.47e-05  lr_head=1.47e-04  time=31.0s
  Early stopping triggered at epoch 24 (no improvement for 12 epochs).

Loading best checkpoint for test evaluation: /mnt/research-projects/j/jlgage/RawUAVData01/uavforslb/uav4slb/downsample_results/coatnet2_cv0/checkpoints/fold_2023/checkpoint_best.pt

======================================================================
TEST RESULTS — fold_2023
  R²   = 0.3668
  RMSE = 1.0981
  MAE  = 0.8409
======================================================================
Saved test predictions   → /mnt/research-projects/j/jlgage/RawUAVData01/uavforslb/uav4slb/downsample_results/coatnet2_cv0/predictions/fold_2023_test_predictions.csv
Saved training history   → /mnt/research-projects/j/jlgage/RawUAVData01/uavforslb/uav4slb/downsample_results/coatnet2_cv0/history/fold_2023_history.csv

======================================================================
FOLD 2: fold_2024  |  train=4421  val=781  test=2601
======================================================================
Loaded 4421 samples from /tmp/slb_cv0_folds/train_42.csv
Loaded 781 samples from /tmp/slb_cv0_folds/val_42.csv
Loaded 2601 samples from /tmp/slb_cv0_folds/test_42.csv
Loading pretrained weights from Hugging Face hub (timm/coatnet_2_rw_224.sw_in12k_ft_in1k)
HTTP Request: HEAD https://huggingface.co/timm/coatnet_2_rw_224.sw_in12k_ft_in1k/resolve/main/model.safetensors "HTTP/1.1 302 Found"
[timm/coatnet_2_rw_224.sw_in12k_ft_in1k] Safe alternative available for 'pytorch_model.bin' (as 'model.safetensors'). Loading weights using safetensors.
CoAtNet-2 backbone loaded  |  pretrained=True  feature_dim=1024  params=72.8M
CoAtNet-2 Regressor  |  total=73.1M  trainable=73.1M
Model : coatnet2  (73,106,057 params, 73,106,057 trainable)
Optimizer param groups  |  backbone_lr=2.0e-05  head_lr=2.0e-04  wd=5.00e-02  total_params=73.1M
Epoch   1/60  train_loss=4.4731  train_r2=-0.5561  val_loss=0.8883  val_r2=0.6818  val_rmse=0.9425  lr_backbone=8.00e-06  lr_head=8.00e-05  time=35.6s
  ✓ Saved best checkpoint  (val_r2=0.6818)
Epoch   2/60  train_loss=1.2249  train_r2=0.5757  val_loss=0.8659  val_r2=0.6898  val_rmse=0.9305  lr_backbone=1.20e-05  lr_head=1.20e-04  time=33.2s
  ✓ Saved best checkpoint  (val_r2=0.6898)
Epoch   3/60  train_loss=1.0883  train_r2=0.6209  val_loss=0.7366  val_r2=0.7361  val_rmse=0.8582  lr_backbone=1.60e-05  lr_head=1.60e-04  time=33.1s
  ✓ Saved best checkpoint  (val_r2=0.7361)
Epoch   4/60  train_loss=0.9807  train_r2=0.6620  val_loss=0.7976  val_r2=0.7143  val_rmse=0.8931  lr_backbone=2.00e-05  lr_head=2.00e-04  time=36.0s
Epoch   5/60  train_loss=0.8932  train_r2=0.6894  val_loss=0.5788  val_r2=0.7926  val_rmse=0.7608  lr_backbone=2.00e-05  lr_head=2.00e-04  time=31.7s
  ✓ Saved best checkpoint  (val_r2=0.7926)
Epoch   6/60  train_loss=0.8518  train_r2=0.7044  val_loss=0.7424  val_r2=0.7340  val_rmse=0.8616  lr_backbone=2.00e-05  lr_head=2.00e-04  time=30.1s
Epoch   7/60  train_loss=0.7159  train_r2=0.7528  val_loss=0.5780  val_r2=0.7929  val_rmse=0.7603  lr_backbone=1.99e-05  lr_head=1.99e-04  time=38.6s
Epoch   8/60  train_loss=0.6156  train_r2=0.7866  val_loss=0.5254  val_r2=0.8118  val_rmse=0.7248  lr_backbone=1.99e-05  lr_head=1.99e-04  time=31.5s
  ✓ Saved best checkpoint  (val_r2=0.8118)
Epoch   9/60  train_loss=0.5871  train_r2=0.7959  val_loss=0.5058  val_r2=0.8188  val_rmse=0.7112  lr_backbone=1.97e-05  lr_head=1.97e-04  time=33.5s
  ✓ Saved best checkpoint  (val_r2=0.8188)
Epoch  10/60  train_loss=0.4966  train_r2=0.8284  val_loss=0.6180  val_r2=0.7786  val_rmse=0.7861  lr_backbone=1.96e-05  lr_head=1.96e-04  time=33.0s
Epoch  11/60  train_loss=0.4777  train_r2=0.8343  val_loss=0.5090  val_r2=0.8176  val_rmse=0.7135  lr_backbone=1.94e-05  lr_head=1.94e-04  time=30.0s
Epoch  12/60  train_loss=0.4447  train_r2=0.8465  val_loss=0.5116  val_r2=0.8167  val_rmse=0.7153  lr_backbone=1.92e-05  lr_head=1.92e-04  time=34.2s
Epoch  13/60  train_loss=0.4284  train_r2=0.8518  val_loss=0.6481  val_r2=0.7678  val_rmse=0.8051  lr_backbone=1.90e-05  lr_head=1.90e-04  time=33.6s
Epoch  14/60  train_loss=0.3856  train_r2=0.8660  val_loss=0.5738  val_r2=0.7944  val_rmse=0.7575  lr_backbone=1.87e-05  lr_head=1.87e-04  time=31.4s
Epoch  15/60  train_loss=0.3581  train_r2=0.8755  val_loss=0.5813  val_r2=0.7917  val_rmse=0.7624  lr_backbone=1.84e-05  lr_head=1.84e-04  time=34.3s
Epoch  16/60  train_loss=0.3296  train_r2=0.8854  val_loss=0.5768  val_r2=0.7933  val_rmse=0.7595  lr_backbone=1.81e-05  lr_head=1.81e-04  time=33.0s
Epoch  17/60  train_loss=0.3410  train_r2=0.8817  val_loss=0.5599  val_r2=0.7994  val_rmse=0.7483  lr_backbone=1.78e-05  lr_head=1.77e-04  time=31.8s
Epoch  18/60  train_loss=0.3035  train_r2=0.8942  val_loss=0.5110  val_r2=0.8169  val_rmse=0.7149  lr_backbone=1.74e-05  lr_head=1.74e-04  time=31.8s
Epoch  19/60  train_loss=0.3065  train_r2=0.8935  val_loss=0.5437  val_r2=0.8052  val_rmse=0.7374  lr_backbone=1.70e-05  lr_head=1.70e-04  time=31.6s
Epoch  20/60  train_loss=0.2702  train_r2=0.9059  val_loss=0.5209  val_r2=0.8134  val_rmse=0.7217  lr_backbone=1.66e-05  lr_head=1.66e-04  time=32.8s
Epoch  21/60  train_loss=0.2750  train_r2=0.9042  val_loss=0.5203  val_r2=0.8136  val_rmse=0.7213  lr_backbone=1.61e-05  lr_head=1.61e-04  time=30.5s
  Early stopping triggered at epoch 21 (no improvement for 12 epochs).

Loading best checkpoint for test evaluation: /mnt/research-projects/j/jlgage/RawUAVData01/uavforslb/uav4slb/downsample_results/coatnet2_cv0/checkpoints/fold_2024/checkpoint_best.pt

======================================================================
TEST RESULTS — fold_2024
  R²   = 0.5983
  RMSE = 1.5638
  MAE  = 1.3119
======================================================================
Saved test predictions   → /mnt/research-projects/j/jlgage/RawUAVData01/uavforslb/uav4slb/downsample_results/coatnet2_cv0/predictions/fold_2024_test_predictions.csv
Saved training history   → /mnt/research-projects/j/jlgage/RawUAVData01/uavforslb/uav4slb/downsample_results/coatnet2_cv0/history/fold_2024_history.csv

======================================================================
FOLD 3: fold_2025  |  train=4421  val=781  test=2601
======================================================================
Loaded 4421 samples from /tmp/slb_cv0_folds/train_42.csv
Loaded 781 samples from /tmp/slb_cv0_folds/val_42.csv
Loaded 2601 samples from /tmp/slb_cv0_folds/test_42.csv
Loading pretrained weights from Hugging Face hub (timm/coatnet_2_rw_224.sw_in12k_ft_in1k)
HTTP Request: HEAD https://huggingface.co/timm/coatnet_2_rw_224.sw_in12k_ft_in1k/resolve/main/model.safetensors "HTTP/1.1 302 Found"
[timm/coatnet_2_rw_224.sw_in12k_ft_in1k] Safe alternative available for 'pytorch_model.bin' (as 'model.safetensors'). Loading weights using safetensors.
CoAtNet-2 backbone loaded  |  pretrained=True  feature_dim=1024  params=72.8M
CoAtNet-2 Regressor  |  total=73.1M  trainable=73.1M
Model : coatnet2  (73,106,057 params, 73,106,057 trainable)
Optimizer param groups  |  backbone_lr=2.0e-05  head_lr=2.0e-04  wd=5.00e-02  total_params=73.1M
Epoch   1/60  train_loss=5.2695  train_r2=-0.3005  val_loss=1.3055  val_r2=0.6823  val_rmse=1.1426  lr_backbone=8.00e-06  lr_head=8.00e-05  time=33.3s
  ✓ Saved best checkpoint  (val_r2=0.6823)
Epoch   2/60  train_loss=1.5106  train_r2=0.6278  val_loss=1.1043  val_r2=0.7312  val_rmse=1.0509  lr_backbone=1.20e-05  lr_head=1.20e-04  time=32.9s
  ✓ Saved best checkpoint  (val_r2=0.7312)
Epoch   3/60  train_loss=1.3374  train_r2=0.6705  val_loss=1.0676  val_r2=0.7402  val_rmse=1.0332  lr_backbone=1.60e-05  lr_head=1.60e-04  time=39.1s
  ✓ Saved best checkpoint  (val_r2=0.7402)
Epoch   4/60  train_loss=1.1876  train_r2=0.7070  val_loss=0.8648  val_r2=0.7895  val_rmse=0.9299  lr_backbone=2.00e-05  lr_head=2.00e-04  time=35.7s
  ✓ Saved best checkpoint  (val_r2=0.7895)
Epoch   5/60  train_loss=1.0517  train_r2=0.7426  val_loss=0.9496  val_r2=0.7689  val_rmse=0.9745  lr_backbone=2.00e-05  lr_head=2.00e-04  time=36.5s
Epoch   6/60  train_loss=1.0107  train_r2=0.7530  val_loss=1.1340  val_r2=0.7240  val_rmse=1.0649  lr_backbone=2.00e-05  lr_head=2.00e-04  time=38.4s
Epoch   7/60  train_loss=0.9182  train_r2=0.7743  val_loss=0.7608  val_r2=0.8148  val_rmse=0.8723  lr_backbone=1.99e-05  lr_head=1.99e-04  time=34.7s
  ✓ Saved best checkpoint  (val_r2=0.8148)
Epoch   8/60  train_loss=0.8433  train_r2=0.7920  val_loss=0.7132  val_r2=0.8264  val_rmse=0.8445  lr_backbone=1.99e-05  lr_head=1.99e-04  time=36.8s
  ✓ Saved best checkpoint  (val_r2=0.8264)
Epoch   9/60  train_loss=0.7095  train_r2=0.8247  val_loss=0.7733  val_r2=0.8118  val_rmse=0.8794  lr_backbone=1.97e-05  lr_head=1.97e-04  time=36.7s
Epoch  10/60  train_loss=0.6795  train_r2=0.8329  val_loss=0.6867  val_r2=0.8329  val_rmse=0.8287  lr_backbone=1.96e-05  lr_head=1.96e-04  time=37.6s
  ✓ Saved best checkpoint  (val_r2=0.8329)
Epoch  11/60  train_loss=0.6356  train_r2=0.8430  val_loss=0.7748  val_r2=0.8114  val_rmse=0.8802  lr_backbone=1.94e-05  lr_head=1.94e-04  time=36.9s
Epoch  12/60  train_loss=0.5781  train_r2=0.8574  val_loss=0.8657  val_r2=0.7893  val_rmse=0.9304  lr_backbone=1.92e-05  lr_head=1.92e-04  time=37.1s
Epoch  13/60  train_loss=0.5214  train_r2=0.8719  val_loss=0.7165  val_r2=0.8256  val_rmse=0.8465  lr_backbone=1.90e-05  lr_head=1.90e-04  time=41.3s
Epoch  14/60  train_loss=0.4563  train_r2=0.8874  val_loss=0.9707  val_r2=0.7638  val_rmse=0.9852  lr_backbone=1.87e-05  lr_head=1.87e-04  time=35.6s
Epoch  15/60  train_loss=0.4731  train_r2=0.8840  val_loss=0.7522  val_r2=0.8169  val_rmse=0.8673  lr_backbone=1.84e-05  lr_head=1.84e-04  time=36.7s
Epoch  16/60  train_loss=0.4235  train_r2=0.8954  val_loss=0.7480  val_r2=0.8180  val_rmse=0.8649  lr_backbone=1.81e-05  lr_head=1.81e-04  time=39.9s
Epoch  17/60  train_loss=0.4010  train_r2=0.9011  val_loss=0.6919  val_r2=0.8316  val_rmse=0.8318  lr_backbone=1.78e-05  lr_head=1.77e-04  time=36.4s
Epoch  18/60  train_loss=0.3697  train_r2=0.9088  val_loss=0.7723  val_r2=0.8120  val_rmse=0.8788  lr_backbone=1.74e-05  lr_head=1.74e-04  time=39.3s
Epoch  19/60  train_loss=0.3636  train_r2=0.9111  val_loss=0.7422  val_r2=0.8194  val_rmse=0.8615  lr_backbone=1.70e-05  lr_head=1.70e-04  time=37.4s
Epoch  20/60  train_loss=0.3228  train_r2=0.9217  val_loss=0.6739  val_r2=0.8360  val_rmse=0.8209  lr_backbone=1.66e-05  lr_head=1.66e-04  time=36.2s
  ✓ Saved best checkpoint  (val_r2=0.8360)
Epoch  21/60  train_loss=0.3269  train_r2=0.9196  val_loss=0.6829  val_r2=0.8338  val_rmse=0.8264  lr_backbone=1.61e-05  lr_head=1.61e-04  time=35.7s
Epoch  22/60  train_loss=0.3118  train_r2=0.9235  val_loss=0.6310  val_r2=0.8464  val_rmse=0.7944  lr_backbone=1.57e-05  lr_head=1.56e-04  time=35.8s
  ✓ Saved best checkpoint  (val_r2=0.8464)
Epoch  23/60  train_loss=0.2796  train_r2=0.9321  val_loss=0.7211  val_r2=0.8245  val_rmse=0.8492  lr_backbone=1.52e-05  lr_head=1.52e-04  time=41.0s
Epoch  24/60  train_loss=0.2797  train_r2=0.9309  val_loss=0.6793  val_r2=0.8347  val_rmse=0.8242  lr_backbone=1.47e-05  lr_head=1.47e-04  time=36.7s
Epoch  25/60  train_loss=0.2736  train_r2=0.9333  val_loss=0.6281  val_r2=0.8471  val_rmse=0.7925  lr_backbone=1.42e-05  lr_head=1.42e-04  time=40.4s
Epoch  26/60  train_loss=0.2684  train_r2=0.9338  val_loss=0.5962  val_r2=0.8549  val_rmse=0.7721  lr_backbone=1.37e-05  lr_head=1.36e-04  time=38.0s
  ✓ Saved best checkpoint  (val_r2=0.8549)
Epoch  27/60  train_loss=0.2422  train_r2=0.9406  val_loss=0.6320  val_r2=0.8462  val_rmse=0.7950  lr_backbone=1.31e-05  lr_head=1.31e-04  time=38.3s
Epoch  28/60  train_loss=0.2288  train_r2=0.9444  val_loss=0.6550  val_r2=0.8406  val_rmse=0.8093  lr_backbone=1.26e-05  lr_head=1.25e-04  time=37.2s
Epoch  29/60  train_loss=0.2246  train_r2=0.9446  val_loss=0.6594  val_r2=0.8395  val_rmse=0.8121  lr_backbone=1.20e-05  lr_head=1.20e-04  time=42.4s
Epoch  30/60  train_loss=0.2027  train_r2=0.9499  val_loss=0.6306  val_r2=0.8465  val_rmse=0.7941  lr_backbone=1.15e-05  lr_head=1.14e-04  time=37.0s
Epoch  31/60  train_loss=0.2093  train_r2=0.9487  val_loss=0.6489  val_r2=0.8421  val_rmse=0.8055  lr_backbone=1.09e-05  lr_head=1.09e-04  time=38.2s
Epoch  32/60  train_loss=0.2044  train_r2=0.9496  val_loss=0.6814  val_r2=0.8342  val_rmse=0.8255  lr_backbone=1.03e-05  lr_head=1.03e-04  time=37.2s
Epoch  33/60  train_loss=0.1895  train_r2=0.9535  val_loss=0.5814  val_r2=0.8585  val_rmse=0.7625  lr_backbone=9.77e-06  lr_head=9.72e-05  time=34.8s
  ✓ Saved best checkpoint  (val_r2=0.8585)
Epoch  34/60  train_loss=0.1751  train_r2=0.9568  val_loss=0.5981  val_r2=0.8544  val_rmse=0.7734  lr_backbone=9.20e-06  lr_head=9.15e-05  time=36.4s
Epoch  35/60  train_loss=0.1758  train_r2=0.9568  val_loss=0.6261  val_r2=0.8476  val_rmse=0.7913  lr_backbone=8.63e-06  lr_head=8.58e-05  time=37.2s
Epoch  36/60  train_loss=0.1754  train_r2=0.9574  val_loss=0.5896  val_r2=0.8565  val_rmse=0.7678  lr_backbone=8.07e-06  lr_head=8.02e-05  time=37.2s
Epoch  37/60  train_loss=0.1566  train_r2=0.9613  val_loss=0.6132  val_r2=0.8508  val_rmse=0.7831  lr_backbone=7.52e-06  lr_head=7.46e-05  time=42.8s
Epoch  38/60  train_loss=0.1605  train_r2=0.9605  val_loss=0.5963  val_r2=0.8549  val_rmse=0.7722  lr_backbone=6.98e-06  lr_head=6.92e-05  time=37.8s
Epoch  39/60  train_loss=0.1486  train_r2=0.9634  val_loss=0.6012  val_r2=0.8537  val_rmse=0.7754  lr_backbone=6.44e-06  lr_head=6.38e-05  time=39.1s
Epoch  40/60  train_loss=0.1559  train_r2=0.9616  val_loss=0.6016  val_r2=0.8536  val_rmse=0.7756  lr_backbone=5.92e-06  lr_head=5.85e-05  time=34.5s
Epoch  41/60  train_loss=0.1540  train_r2=0.9623  val_loss=0.5847  val_r2=0.8577  val_rmse=0.7647  lr_backbone=5.41e-06  lr_head=5.34e-05  time=36.2s
Epoch  42/60  train_loss=0.1455  train_r2=0.9645  val_loss=0.5952  val_r2=0.8551  val_rmse=0.7715  lr_backbone=4.91e-06  lr_head=4.84e-05  time=35.7s
Epoch  43/60  train_loss=0.1446  train_r2=0.9643  val_loss=0.5942  val_r2=0.8554  val_rmse=0.7708  lr_backbone=4.43e-06  lr_head=4.36e-05  time=33.8s
Epoch  44/60  train_loss=0.1310  train_r2=0.9677  val_loss=0.5831  val_r2=0.8581  val_rmse=0.7636  lr_backbone=3.97e-06  lr_head=3.90e-05  time=34.8s
Epoch  45/60  train_loss=0.1346  train_r2=0.9672  val_loss=0.5837  val_r2=0.8579  val_rmse=0.7640  lr_backbone=3.53e-06  lr_head=3.46e-05  time=40.1s
  Early stopping triggered at epoch 45 (no improvement for 12 epochs).

Loading best checkpoint for test evaluation: /mnt/research-projects/j/jlgage/RawUAVData01/uavforslb/uav4slb/downsample_results/coatnet2_cv0/checkpoints/fold_2025/checkpoint_best.pt

======================================================================
TEST RESULTS — fold_2025
  R²   = 0.7423
  RMSE = 0.9514
  MAE  = 0.7302
======================================================================
Saved test predictions   → /mnt/research-projects/j/jlgage/RawUAVData01/uavforslb/uav4slb/downsample_results/coatnet2_cv0/predictions/fold_2025_test_predictions.csv
Saved training history   → /mnt/research-projects/j/jlgage/RawUAVData01/uavforslb/uav4slb/downsample_results/coatnet2_cv0/history/fold_2025_history.csv

======================================================================
CV0 SUMMARY — coatnet2
======================================================================

  Mean Val  R²   = 0.8393 ± 0.0199
  Mean Test R²   = 0.5691 ± 0.1894
  Mean Test RMSE = 1.2045 ± 0.3198
  Mean Test MAE  = 0.9610

✓ Results saved → /mnt/research-projects/j/jlgage/RawUAVData01/uavforslb/uav4slb/downsample_results/coatnet2_cv0
