2026-08-15 17:30:08 | INFO | train_cv0 | Using specified GPU 3: NVIDIA A100 80GB PCIe
2026-08-15 17:30:08 | INFO | train_cv0 | ======================================================================
2026-08-15 17:30:08 | INFO | train_cv0 | coatnet2 — CV0 Leave-One-Year-Out Training
2026-08-15 17:30:08 | INFO | train_cv0 | ======================================================================
2026-08-15 17:30:08 | INFO | train_cv0 | Config      : configs_downsample/coatnet2_cv0.yaml
2026-08-15 17:30:08 | INFO | train_cv0 | Output dir  : /mnt/research-projects/j/jlgage/RawUAVData01/uavforslb/uav4slb/downsample_results/coatnet2_cv0
2026-08-15 17:30:08 | INFO | train_cv0 | Device      : cuda:3
2026-08-15 17:30:08 | INFO | train_cv0 | Image size  : [224, 224]
2026-08-15 17:30:08 | INFO | train_cv0 | Batch size  : 32
2026-08-15 17:30:08 | INFO | train_cv0 | Max epochs  : 60
2026-08-15 17:30:08 | INFO | train_cv0 | AMP         : True  dtype=bfloat16
2026-08-15 17:30:08 | INFO | train_cv0 | Mode        : fresh training from pretrained weights
2026-08-15 17:30:08 | INFO | train_cv0 | Found 3 CV0 fold(s): ['fold_2023', 'fold_2024', 'fold_2025']
2026-08-15 17:30:08 | INFO | train_cv0 | 
======================================================================
2026-08-15 17:30:08 | INFO | train_cv0 | FOLD 1: fold_2023  |  train=4421  val=781  test=2601
2026-08-15 17:30:08 | INFO | train_cv0 | ======================================================================
2026-08-15 17:30:08 | INFO | src.data.dataset | Loaded 4421 samples from /tmp/slb_cv0_folds/train_42.csv
/mnt/research-projects/j/jlgage/RawUAVData01/uavforslb/uav4slb/src/data/augmentation.py:158: UserWarning: Argument(s) 'always_apply' are not valid for transform Resize
  A.Resize(height=image_size[0], width=image_size[1], always_apply=True),
/mnt/research-projects/j/jlgage/RawUAVData01/uavforslb/uav4slb/src/data/augmentation.py:159: UserWarning: Argument(s) 'always_apply' are not valid for transform Normalize
  A.Normalize(mean=mean, std=std, always_apply=True),
2026-08-15 17:30:08 | INFO | src.data.dataset | Loaded 781 samples from /tmp/slb_cv0_folds/val_42.csv
/mnt/research-projects/j/jlgage/RawUAVData01/uavforslb/uav4slb/src/data/augmentation.py:158: UserWarning: Argument(s) 'always_apply' are not valid for transform Resize
  A.Resize(height=image_size[0], width=image_size[1], always_apply=True),
/mnt/research-projects/j/jlgage/RawUAVData01/uavforslb/uav4slb/src/data/augmentation.py:159: UserWarning: Argument(s) 'always_apply' are not valid for transform Normalize
  A.Normalize(mean=mean, std=std, always_apply=True),
2026-08-15 17:30:08 | INFO | src.data.dataset | Loaded 2601 samples from /tmp/slb_cv0_folds/test_42.csv
2026-08-15 17:30:11 | INFO | timm.models._builder | Loading pretrained weights from Hugging Face hub (timm/coatnet_2_rw_224.sw_in12k_ft_in1k)
2026-08-15 17:30:11 | INFO | httpx | HTTP Request: HEAD https://huggingface.co/timm/coatnet_2_rw_224.sw_in12k_ft_in1k/resolve/main/model.safetensors "HTTP/1.1 302 Found"
Warning: You are sending unauthenticated requests to the HF Hub. Please set a HF_TOKEN to enable higher rate limits and faster downloads.
2026-08-15 17:30:11 | WARNING | huggingface_hub.utils._http | Warning: You are sending unauthenticated requests to the HF Hub. Please set a HF_TOKEN to enable higher rate limits and faster downloads.
2026-08-15 17:30:11 | INFO | timm.models._hub | [timm/coatnet_2_rw_224.sw_in12k_ft_in1k] Safe alternative available for 'pytorch_model.bin' (as 'model.safetensors'). Loading weights using safetensors.
2026-08-15 17:30:11 | INFO | src.models.coatnet2 | CoAtNet-2 backbone loaded  |  pretrained=True  feature_dim=1024  params=72.8M
2026-08-15 17:30:11 | INFO | src.models.coatnet2 | CoAtNet-2 Regressor  |  total=73.1M  trainable=73.1M
2026-08-15 17:30:11 | INFO | train_cv0 | Model : coatnet2  (73,106,057 params, 73,106,057 trainable)
2026-08-15 17:30:11 | INFO | src.models.coatnet2 | Optimizer param groups  |  backbone_lr=2.0e-05  head_lr=2.0e-04  wd=5.00e-02  total_params=73.1M
2026-08-15 17:30:42 | INFO | train_cv0 | Epoch   1/60  train_loss=5.1980  train_r2=-0.0803  val_loss=1.1632  val_r2=0.7546  val_rmse=1.0785  lr_backbone=8.00e-06  lr_head=8.00e-05  time=31.2s
2026-08-15 17:30:46 | INFO | train_cv0 |   ✓ Saved best checkpoint  (val_r2=0.7546)
2026-08-15 17:31:26 | INFO | train_cv0 | Epoch   2/60  train_loss=1.6445  train_r2=0.6600  val_loss=1.0059  val_r2=0.7878  val_rmse=1.0029  lr_backbone=1.20e-05  lr_head=1.20e-04  time=30.3s
2026-08-15 17:31:30 | INFO | train_cv0 |   ✓ Saved best checkpoint  (val_r2=0.7878)
2026-08-15 17:32:05 | INFO | train_cv0 | Epoch   3/60  train_loss=1.5033  train_r2=0.6876  val_loss=0.9803  val_r2=0.7932  val_rmse=0.9901  lr_backbone=1.60e-05  lr_head=1.60e-04  time=32.0s
2026-08-15 17:32:09 | INFO | train_cv0 |   ✓ Saved best checkpoint  (val_r2=0.7932)
2026-08-15 17:32:43 | INFO | train_cv0 | Epoch   4/60  train_loss=1.2867  train_r2=0.7327  val_loss=1.3206  val_r2=0.7214  val_rmse=1.1492  lr_backbone=2.00e-05  lr_head=2.00e-04  time=30.0s
/home/chhammet/miniforge3/envs/uav_for_slb/lib/python3.11/site-packages/torch/optim/lr_scheduler.py:240: UserWarning: The epoch parameter in `scheduler.step()` was not necessary and is being deprecated where possible. Please use `scheduler.step()` to step the scheduler. During the deprecation, if epoch is different from None, the closed form is used instead of the new chainable form, where available. Please open an issue if you are unable to replicate your use case: https://github.com/pytorch/pytorch/issues/new/choose.
  warnings.warn(EPOCH_DEPRECATION_WARNING, UserWarning)
2026-08-15 17:33:22 | INFO | train_cv0 | Epoch   5/60  train_loss=1.2372  train_r2=0.7451  val_loss=0.9700  val_r2=0.7954  val_rmse=0.9849  lr_backbone=2.00e-05  lr_head=2.00e-04  time=32.0s
2026-08-15 17:33:26 | INFO | train_cv0 |   ✓ Saved best checkpoint  (val_r2=0.7954)
2026-08-15 17:34:02 | INFO | train_cv0 | Epoch   6/60  train_loss=1.0899  train_r2=0.7739  val_loss=0.9270  val_r2=0.8044  val_rmse=0.9628  lr_backbone=2.00e-05  lr_head=2.00e-04  time=33.1s
2026-08-15 17:34:06 | INFO | train_cv0 |   ✓ Saved best checkpoint  (val_r2=0.8044)
2026-08-15 17:34:40 | INFO | train_cv0 | Epoch   7/60  train_loss=1.0905  train_r2=0.7753  val_loss=1.0184  val_r2=0.7852  val_rmse=1.0092  lr_backbone=1.99e-05  lr_head=1.99e-04  time=30.8s
2026-08-15 17:35:15 | INFO | train_cv0 | Epoch   8/60  train_loss=0.9254  train_r2=0.8075  val_loss=0.8409  val_r2=0.8226  val_rmse=0.9170  lr_backbone=1.99e-05  lr_head=1.99e-04  time=30.5s
2026-08-15 17:35:19 | INFO | train_cv0 |   ✓ Saved best checkpoint  (val_r2=0.8226)
2026-08-15 17:35:55 | INFO | train_cv0 | Epoch   9/60  train_loss=0.8406  train_r2=0.8257  val_loss=0.8455  val_r2=0.8216  val_rmse=0.9195  lr_backbone=1.97e-05  lr_head=1.97e-04  time=32.7s
2026-08-15 17:36:29 | INFO | train_cv0 | Epoch  10/60  train_loss=0.7540  train_r2=0.8433  val_loss=1.4066  val_r2=0.7033  val_rmse=1.1860  lr_backbone=1.96e-05  lr_head=1.96e-04  time=30.4s
2026-08-15 17:37:04 | INFO | train_cv0 | Epoch  11/60  train_loss=0.6971  train_r2=0.8554  val_loss=0.8137  val_r2=0.8284  val_rmse=0.9021  lr_backbone=1.94e-05  lr_head=1.94e-04  time=30.5s
2026-08-15 17:37:08 | INFO | train_cv0 |   ✓ Saved best checkpoint  (val_r2=0.8284)
2026-08-15 17:37:44 | INFO | train_cv0 | Epoch  12/60  train_loss=0.6615  train_r2=0.8637  val_loss=0.7562  val_r2=0.8405  val_rmse=0.8696  lr_backbone=1.92e-05  lr_head=1.92e-04  time=32.7s
2026-08-15 17:37:47 | INFO | train_cv0 |   ✓ Saved best checkpoint  (val_r2=0.8405)
2026-08-15 17:38:22 | INFO | train_cv0 | Epoch  13/60  train_loss=0.6396  train_r2=0.8675  val_loss=0.7926  val_r2=0.8328  val_rmse=0.8903  lr_backbone=1.90e-05  lr_head=1.90e-04  time=31.4s
2026-08-15 17:38:56 | INFO | train_cv0 | Epoch  14/60  train_loss=0.5456  train_r2=0.8896  val_loss=1.2024  val_r2=0.7464  val_rmse=1.0965  lr_backbone=1.87e-05  lr_head=1.87e-04  time=30.8s
2026-08-15 17:39:44 | INFO | train_cv0 | Epoch  15/60  train_loss=0.5359  train_r2=0.8887  val_loss=0.8411  val_r2=0.8226  val_rmse=0.9171  lr_backbone=1.84e-05  lr_head=1.84e-04  time=35.9s
2026-08-15 17:40:19 | INFO | train_cv0 | Epoch  16/60  train_loss=0.5271  train_r2=0.8916  val_loss=0.9489  val_r2=0.7998  val_rmse=0.9741  lr_backbone=1.81e-05  lr_head=1.81e-04  time=31.3s
2026-08-15 17:40:55 | INFO | train_cv0 | Epoch  17/60  train_loss=0.4792  train_r2=0.9018  val_loss=0.7876  val_r2=0.8339  val_rmse=0.8875  lr_backbone=1.78e-05  lr_head=1.77e-04  time=30.8s
2026-08-15 17:41:36 | INFO | train_cv0 | Epoch  18/60  train_loss=0.4730  train_r2=0.9019  val_loss=0.8177  val_r2=0.8275  val_rmse=0.9043  lr_backbone=1.74e-05  lr_head=1.74e-04  time=32.0s
2026-08-15 17:42:12 | INFO | train_cv0 | Epoch  19/60  train_loss=0.4248  train_r2=0.9119  val_loss=0.7716  val_r2=0.8372  val_rmse=0.8784  lr_backbone=1.70e-05  lr_head=1.70e-04  time=32.3s
2026-08-15 17:42:48 | INFO | train_cv0 | Epoch  20/60  train_loss=0.4338  train_r2=0.9106  val_loss=0.8034  val_r2=0.8305  val_rmse=0.8963  lr_backbone=1.66e-05  lr_head=1.66e-04  time=31.1s
2026-08-15 17:43:22 | INFO | train_cv0 | Epoch  21/60  train_loss=0.4339  train_r2=0.9097  val_loss=0.8378  val_r2=0.8233  val_rmse=0.9153  lr_backbone=1.61e-05  lr_head=1.61e-04  time=30.7s
2026-08-15 17:43:56 | INFO | train_cv0 | Epoch  22/60  train_loss=0.4170  train_r2=0.9138  val_loss=0.9846  val_r2=0.7923  val_rmse=0.9923  lr_backbone=1.57e-05  lr_head=1.56e-04  time=30.8s
2026-08-15 17:44:32 | INFO | train_cv0 | Epoch  23/60  train_loss=0.4175  train_r2=0.9136  val_loss=0.7816  val_r2=0.8351  val_rmse=0.8841  lr_backbone=1.52e-05  lr_head=1.52e-04  time=31.3s
2026-08-15 17:45:06 | INFO | train_cv0 | Epoch  24/60  train_loss=0.3591  train_r2=0.9255  val_loss=0.8231  val_r2=0.8264  val_rmse=0.9072  lr_backbone=1.47e-05  lr_head=1.47e-04  time=31.0s
2026-08-15 17:45:06 | INFO | train_cv0 |   Early stopping triggered at epoch 24 (no improvement for 12 epochs).
2026-08-15 17:45:06 | INFO | train_cv0 | 
Loading best checkpoint for test evaluation: /mnt/research-projects/j/jlgage/RawUAVData01/uavforslb/uav4slb/downsample_results/coatnet2_cv0/checkpoints/fold_2023/checkpoint_best.pt
/mnt/research-projects/j/jlgage/RawUAVData01/uavforslb/uav4slb/scripts/train_cv0.py:1116: FutureWarning: You are using `torch.load` with `weights_only=False` (the current default value), which uses the default pickle module implicitly. It is possible to construct malicious pickle data which will execute arbitrary code during unpickling (See https://github.com/pytorch/pytorch/blob/main/SECURITY.md#untrusted-models for more details). In a future release, the default value for `weights_only` will be flipped to `True`. This limits the functions that could be executed during unpickling. Arbitrary objects will no longer be allowed to be loaded via this mode unless they are explicitly allowlisted by the user via `torch.serialization.add_safe_globals`. We recommend you start setting `weights_only=True` for any use case where you don't have full control of the loaded file. Please open an issue on GitHub for any issues related to this experimental feature.
  ckpt = torch.load(best_ckpt, map_location=device)
2026-08-15 17:46:12 | INFO | train_cv0 | 
======================================================================
TEST RESULTS — fold_2023
  R²   = 0.3668
  RMSE = 1.0981
  MAE  = 0.8409
======================================================================
2026-08-15 17:46:12 | INFO | train_cv0 | Saved test predictions   → /mnt/research-projects/j/jlgage/RawUAVData01/uavforslb/uav4slb/downsample_results/coatnet2_cv0/predictions/fold_2023_test_predictions.csv
2026-08-15 17:46:12 | INFO | train_cv0 | Saved training history   → /mnt/research-projects/j/jlgage/RawUAVData01/uavforslb/uav4slb/downsample_results/coatnet2_cv0/history/fold_2023_history.csv
2026-08-15 17:46:12 | INFO | train_cv0 | 
======================================================================
2026-08-15 17:46:12 | INFO | train_cv0 | FOLD 2: fold_2024  |  train=4421  val=781  test=2601
2026-08-15 17:46:12 | INFO | train_cv0 | ======================================================================
2026-08-15 17:46:12 | INFO | src.data.dataset | Loaded 4421 samples from /tmp/slb_cv0_folds/train_42.csv
/mnt/research-projects/j/jlgage/RawUAVData01/uavforslb/uav4slb/src/data/augmentation.py:158: UserWarning: Argument(s) 'always_apply' are not valid for transform Resize
  A.Resize(height=image_size[0], width=image_size[1], always_apply=True),
/mnt/research-projects/j/jlgage/RawUAVData01/uavforslb/uav4slb/src/data/augmentation.py:159: UserWarning: Argument(s) 'always_apply' are not valid for transform Normalize
  A.Normalize(mean=mean, std=std, always_apply=True),
2026-08-15 17:46:12 | INFO | src.data.dataset | Loaded 781 samples from /tmp/slb_cv0_folds/val_42.csv
/mnt/research-projects/j/jlgage/RawUAVData01/uavforslb/uav4slb/src/data/augmentation.py:158: UserWarning: Argument(s) 'always_apply' are not valid for transform Resize
  A.Resize(height=image_size[0], width=image_size[1], always_apply=True),
/mnt/research-projects/j/jlgage/RawUAVData01/uavforslb/uav4slb/src/data/augmentation.py:159: UserWarning: Argument(s) 'always_apply' are not valid for transform Normalize
  A.Normalize(mean=mean, std=std, always_apply=True),
2026-08-15 17:46:12 | INFO | src.data.dataset | Loaded 2601 samples from /tmp/slb_cv0_folds/test_42.csv
2026-08-15 17:46:13 | INFO | timm.models._builder | Loading pretrained weights from Hugging Face hub (timm/coatnet_2_rw_224.sw_in12k_ft_in1k)
2026-08-15 17:46:13 | INFO | httpx | HTTP Request: HEAD https://huggingface.co/timm/coatnet_2_rw_224.sw_in12k_ft_in1k/resolve/main/model.safetensors "HTTP/1.1 302 Found"
2026-08-15 17:46:13 | INFO | timm.models._hub | [timm/coatnet_2_rw_224.sw_in12k_ft_in1k] Safe alternative available for 'pytorch_model.bin' (as 'model.safetensors'). Loading weights using safetensors.
2026-08-15 17:46:14 | INFO | src.models.coatnet2 | CoAtNet-2 backbone loaded  |  pretrained=True  feature_dim=1024  params=72.8M
2026-08-15 17:46:14 | INFO | src.models.coatnet2 | CoAtNet-2 Regressor  |  total=73.1M  trainable=73.1M
2026-08-15 17:46:14 | INFO | train_cv0 | Model : coatnet2  (73,106,057 params, 73,106,057 trainable)
2026-08-15 17:46:14 | INFO | src.models.coatnet2 | Optimizer param groups  |  backbone_lr=2.0e-05  head_lr=2.0e-04  wd=5.00e-02  total_params=73.1M
2026-08-15 17:46:49 | INFO | train_cv0 | Epoch   1/60  train_loss=4.4731  train_r2=-0.5561  val_loss=0.8883  val_r2=0.6818  val_rmse=0.9425  lr_backbone=8.00e-06  lr_head=8.00e-05  time=35.6s
2026-08-15 17:46:56 | INFO | train_cv0 |   ✓ Saved best checkpoint  (val_r2=0.6818)
2026-08-15 17:47:33 | INFO | train_cv0 | Epoch   2/60  train_loss=1.2249  train_r2=0.5757  val_loss=0.8659  val_r2=0.6898  val_rmse=0.9305  lr_backbone=1.20e-05  lr_head=1.20e-04  time=33.2s
2026-08-15 17:47:46 | INFO | train_cv0 |   ✓ Saved best checkpoint  (val_r2=0.6898)
2026-08-15 17:48:23 | INFO | train_cv0 | Epoch   3/60  train_loss=1.0883  train_r2=0.6209  val_loss=0.7366  val_r2=0.7361  val_rmse=0.8582  lr_backbone=1.60e-05  lr_head=1.60e-04  time=33.1s
2026-08-15 17:48:27 | INFO | train_cv0 |   ✓ Saved best checkpoint  (val_r2=0.7361)
2026-08-15 17:49:07 | INFO | train_cv0 | Epoch   4/60  train_loss=0.9807  train_r2=0.6620  val_loss=0.7976  val_r2=0.7143  val_rmse=0.8931  lr_backbone=2.00e-05  lr_head=2.00e-04  time=36.0s
/home/chhammet/miniforge3/envs/uav_for_slb/lib/python3.11/site-packages/torch/optim/lr_scheduler.py:240: UserWarning: The epoch parameter in `scheduler.step()` was not necessary and is being deprecated where possible. Please use `scheduler.step()` to step the scheduler. During the deprecation, if epoch is different from None, the closed form is used instead of the new chainable form, where available. Please open an issue if you are unable to replicate your use case: https://github.com/pytorch/pytorch/issues/new/choose.
  warnings.warn(EPOCH_DEPRECATION_WARNING, UserWarning)
2026-08-15 17:49:42 | INFO | train_cv0 | Epoch   5/60  train_loss=0.8932  train_r2=0.6894  val_loss=0.5788  val_r2=0.7926  val_rmse=0.7608  lr_backbone=2.00e-05  lr_head=2.00e-04  time=31.7s
2026-08-15 17:49:45 | INFO | train_cv0 |   ✓ Saved best checkpoint  (val_r2=0.7926)
2026-08-15 17:50:19 | INFO | train_cv0 | Epoch   6/60  train_loss=0.8518  train_r2=0.7044  val_loss=0.7424  val_r2=0.7340  val_rmse=0.8616  lr_backbone=2.00e-05  lr_head=2.00e-04  time=30.1s
2026-08-15 17:51:01 | INFO | train_cv0 | Epoch   7/60  train_loss=0.7159  train_r2=0.7528  val_loss=0.5780  val_r2=0.7929  val_rmse=0.7603  lr_backbone=1.99e-05  lr_head=1.99e-04  time=38.6s
2026-08-15 17:51:36 | INFO | train_cv0 | Epoch   8/60  train_loss=0.6156  train_r2=0.7866  val_loss=0.5254  val_r2=0.8118  val_rmse=0.7248  lr_backbone=1.99e-05  lr_head=1.99e-04  time=31.5s
2026-08-15 17:51:39 | INFO | train_cv0 |   ✓ Saved best checkpoint  (val_r2=0.8118)
2026-08-15 17:52:24 | INFO | train_cv0 | Epoch   9/60  train_loss=0.5871  train_r2=0.7959  val_loss=0.5058  val_r2=0.8188  val_rmse=0.7112  lr_backbone=1.97e-05  lr_head=1.97e-04  time=33.5s
2026-08-15 17:52:27 | INFO | train_cv0 |   ✓ Saved best checkpoint  (val_r2=0.8188)
2026-08-15 17:53:04 | INFO | train_cv0 | Epoch  10/60  train_loss=0.4966  train_r2=0.8284  val_loss=0.6180  val_r2=0.7786  val_rmse=0.7861  lr_backbone=1.96e-05  lr_head=1.96e-04  time=33.0s
2026-08-15 17:53:41 | INFO | train_cv0 | Epoch  11/60  train_loss=0.4777  train_r2=0.8343  val_loss=0.5090  val_r2=0.8176  val_rmse=0.7135  lr_backbone=1.94e-05  lr_head=1.94e-04  time=30.0s
2026-08-15 17:54:22 | INFO | train_cv0 | Epoch  12/60  train_loss=0.4447  train_r2=0.8465  val_loss=0.5116  val_r2=0.8167  val_rmse=0.7153  lr_backbone=1.92e-05  lr_head=1.92e-04  time=34.2s
2026-08-15 17:54:59 | INFO | train_cv0 | Epoch  13/60  train_loss=0.4284  train_r2=0.8518  val_loss=0.6481  val_r2=0.7678  val_rmse=0.8051  lr_backbone=1.90e-05  lr_head=1.90e-04  time=33.6s
2026-08-15 17:55:34 | INFO | train_cv0 | Epoch  14/60  train_loss=0.3856  train_r2=0.8660  val_loss=0.5738  val_r2=0.7944  val_rmse=0.7575  lr_backbone=1.87e-05  lr_head=1.87e-04  time=31.4s
2026-08-15 17:56:16 | INFO | train_cv0 | Epoch  15/60  train_loss=0.3581  train_r2=0.8755  val_loss=0.5813  val_r2=0.7917  val_rmse=0.7624  lr_backbone=1.84e-05  lr_head=1.84e-04  time=34.3s
2026-08-15 17:56:53 | INFO | train_cv0 | Epoch  16/60  train_loss=0.3296  train_r2=0.8854  val_loss=0.5768  val_r2=0.7933  val_rmse=0.7595  lr_backbone=1.81e-05  lr_head=1.81e-04  time=33.0s
2026-08-15 17:57:31 | INFO | train_cv0 | Epoch  17/60  train_loss=0.3410  train_r2=0.8817  val_loss=0.5599  val_r2=0.7994  val_rmse=0.7483  lr_backbone=1.78e-05  lr_head=1.77e-04  time=31.8s
2026-08-15 17:58:06 | INFO | train_cv0 | Epoch  18/60  train_loss=0.3035  train_r2=0.8942  val_loss=0.5110  val_r2=0.8169  val_rmse=0.7149  lr_backbone=1.74e-05  lr_head=1.74e-04  time=31.8s
2026-08-15 17:58:41 | INFO | train_cv0 | Epoch  19/60  train_loss=0.3065  train_r2=0.8935  val_loss=0.5437  val_r2=0.8052  val_rmse=0.7374  lr_backbone=1.70e-05  lr_head=1.70e-04  time=31.6s
2026-08-15 17:59:17 | INFO | train_cv0 | Epoch  20/60  train_loss=0.2702  train_r2=0.9059  val_loss=0.5209  val_r2=0.8134  val_rmse=0.7217  lr_backbone=1.66e-05  lr_head=1.66e-04  time=32.8s
2026-08-15 17:59:51 | INFO | train_cv0 | Epoch  21/60  train_loss=0.2750  train_r2=0.9042  val_loss=0.5203  val_r2=0.8136  val_rmse=0.7213  lr_backbone=1.61e-05  lr_head=1.61e-04  time=30.5s
2026-08-15 17:59:51 | INFO | train_cv0 |   Early stopping triggered at epoch 21 (no improvement for 12 epochs).
2026-08-15 17:59:51 | INFO | train_cv0 | 
Loading best checkpoint for test evaluation: /mnt/research-projects/j/jlgage/RawUAVData01/uavforslb/uav4slb/downsample_results/coatnet2_cv0/checkpoints/fold_2024/checkpoint_best.pt
/mnt/research-projects/j/jlgage/RawUAVData01/uavforslb/uav4slb/scripts/train_cv0.py:1116: FutureWarning: You are using `torch.load` with `weights_only=False` (the current default value), which uses the default pickle module implicitly. It is possible to construct malicious pickle data which will execute arbitrary code during unpickling (See https://github.com/pytorch/pytorch/blob/main/SECURITY.md#untrusted-models for more details). In a future release, the default value for `weights_only` will be flipped to `True`. This limits the functions that could be executed during unpickling. Arbitrary objects will no longer be allowed to be loaded via this mode unless they are explicitly allowlisted by the user via `torch.serialization.add_safe_globals`. We recommend you start setting `weights_only=True` for any use case where you don't have full control of the loaded file. Please open an issue on GitHub for any issues related to this experimental feature.
  ckpt = torch.load(best_ckpt, map_location=device)
2026-08-15 18:00:15 | INFO | train_cv0 | 
======================================================================
TEST RESULTS — fold_2024
  R²   = 0.5983
  RMSE = 1.5638
  MAE  = 1.3119
======================================================================
2026-08-15 18:00:15 | INFO | train_cv0 | Saved test predictions   → /mnt/research-projects/j/jlgage/RawUAVData01/uavforslb/uav4slb/downsample_results/coatnet2_cv0/predictions/fold_2024_test_predictions.csv
2026-08-15 18:00:15 | INFO | train_cv0 | Saved training history   → /mnt/research-projects/j/jlgage/RawUAVData01/uavforslb/uav4slb/downsample_results/coatnet2_cv0/history/fold_2024_history.csv
2026-08-15 18:00:15 | INFO | train_cv0 | 
======================================================================
2026-08-15 18:00:15 | INFO | train_cv0 | FOLD 3: fold_2025  |  train=4421  val=781  test=2601
2026-08-15 18:00:15 | INFO | train_cv0 | ======================================================================
2026-08-15 18:00:16 | INFO | src.data.dataset | Loaded 4421 samples from /tmp/slb_cv0_folds/train_42.csv
/mnt/research-projects/j/jlgage/RawUAVData01/uavforslb/uav4slb/src/data/augmentation.py:158: UserWarning: Argument(s) 'always_apply' are not valid for transform Resize
  A.Resize(height=image_size[0], width=image_size[1], always_apply=True),
/mnt/research-projects/j/jlgage/RawUAVData01/uavforslb/uav4slb/src/data/augmentation.py:159: UserWarning: Argument(s) 'always_apply' are not valid for transform Normalize
  A.Normalize(mean=mean, std=std, always_apply=True),
2026-08-15 18:00:16 | INFO | src.data.dataset | Loaded 781 samples from /tmp/slb_cv0_folds/val_42.csv
/mnt/research-projects/j/jlgage/RawUAVData01/uavforslb/uav4slb/src/data/augmentation.py:158: UserWarning: Argument(s) 'always_apply' are not valid for transform Resize
  A.Resize(height=image_size[0], width=image_size[1], always_apply=True),
/mnt/research-projects/j/jlgage/RawUAVData01/uavforslb/uav4slb/src/data/augmentation.py:159: UserWarning: Argument(s) 'always_apply' are not valid for transform Normalize
  A.Normalize(mean=mean, std=std, always_apply=True),
2026-08-15 18:00:16 | INFO | src.data.dataset | Loaded 2601 samples from /tmp/slb_cv0_folds/test_42.csv
2026-08-15 18:00:16 | INFO | timm.models._builder | Loading pretrained weights from Hugging Face hub (timm/coatnet_2_rw_224.sw_in12k_ft_in1k)
2026-08-15 18:00:17 | INFO | httpx | HTTP Request: HEAD https://huggingface.co/timm/coatnet_2_rw_224.sw_in12k_ft_in1k/resolve/main/model.safetensors "HTTP/1.1 302 Found"
2026-08-15 18:00:17 | INFO | timm.models._hub | [timm/coatnet_2_rw_224.sw_in12k_ft_in1k] Safe alternative available for 'pytorch_model.bin' (as 'model.safetensors'). Loading weights using safetensors.
2026-08-15 18:00:17 | INFO | src.models.coatnet2 | CoAtNet-2 backbone loaded  |  pretrained=True  feature_dim=1024  params=72.8M
2026-08-15 18:00:17 | INFO | src.models.coatnet2 | CoAtNet-2 Regressor  |  total=73.1M  trainable=73.1M
2026-08-15 18:00:17 | INFO | train_cv0 | Model : coatnet2  (73,106,057 params, 73,106,057 trainable)
2026-08-15 18:00:17 | INFO | src.models.coatnet2 | Optimizer param groups  |  backbone_lr=2.0e-05  head_lr=2.0e-04  wd=5.00e-02  total_params=73.1M
2026-08-15 18:00:50 | INFO | train_cv0 | Epoch   1/60  train_loss=5.2695  train_r2=-0.3005  val_loss=1.3055  val_r2=0.6823  val_rmse=1.1426  lr_backbone=8.00e-06  lr_head=8.00e-05  time=33.3s
2026-08-15 18:01:03 | INFO | train_cv0 |   ✓ Saved best checkpoint  (val_r2=0.6823)
2026-08-15 18:01:41 | INFO | train_cv0 | Epoch   2/60  train_loss=1.5106  train_r2=0.6278  val_loss=1.1043  val_r2=0.7312  val_rmse=1.0509  lr_backbone=1.20e-05  lr_head=1.20e-04  time=32.9s
2026-08-15 18:01:44 | INFO | train_cv0 |   ✓ Saved best checkpoint  (val_r2=0.7312)
2026-08-15 18:02:27 | INFO | train_cv0 | Epoch   3/60  train_loss=1.3374  train_r2=0.6705  val_loss=1.0676  val_r2=0.7402  val_rmse=1.0332  lr_backbone=1.60e-05  lr_head=1.60e-04  time=39.1s
2026-08-15 18:02:30 | INFO | train_cv0 |   ✓ Saved best checkpoint  (val_r2=0.7402)
2026-08-15 18:03:09 | INFO | train_cv0 | Epoch   4/60  train_loss=1.1876  train_r2=0.7070  val_loss=0.8648  val_r2=0.7895  val_rmse=0.9299  lr_backbone=2.00e-05  lr_head=2.00e-04  time=35.7s
2026-08-15 18:03:12 | INFO | train_cv0 |   ✓ Saved best checkpoint  (val_r2=0.7895)
/home/chhammet/miniforge3/envs/uav_for_slb/lib/python3.11/site-packages/torch/optim/lr_scheduler.py:240: UserWarning: The epoch parameter in `scheduler.step()` was not necessary and is being deprecated where possible. Please use `scheduler.step()` to step the scheduler. During the deprecation, if epoch is different from None, the closed form is used instead of the new chainable form, where available. Please open an issue if you are unable to replicate your use case: https://github.com/pytorch/pytorch/issues/new/choose.
  warnings.warn(EPOCH_DEPRECATION_WARNING, UserWarning)
2026-08-15 18:03:52 | INFO | train_cv0 | Epoch   5/60  train_loss=1.0517  train_r2=0.7426  val_loss=0.9496  val_r2=0.7689  val_rmse=0.9745  lr_backbone=2.00e-05  lr_head=2.00e-04  time=36.5s
2026-08-15 18:04:34 | INFO | train_cv0 | Epoch   6/60  train_loss=1.0107  train_r2=0.7530  val_loss=1.1340  val_r2=0.7240  val_rmse=1.0649  lr_backbone=2.00e-05  lr_head=2.00e-04  time=38.4s
2026-08-15 18:05:14 | INFO | train_cv0 | Epoch   7/60  train_loss=0.9182  train_r2=0.7743  val_loss=0.7608  val_r2=0.8148  val_rmse=0.8723  lr_backbone=1.99e-05  lr_head=1.99e-04  time=34.7s
2026-08-15 18:05:17 | INFO | train_cv0 |   ✓ Saved best checkpoint  (val_r2=0.8148)
2026-08-15 18:06:07 | INFO | train_cv0 | Epoch   8/60  train_loss=0.8433  train_r2=0.7920  val_loss=0.7132  val_r2=0.8264  val_rmse=0.8445  lr_backbone=1.99e-05  lr_head=1.99e-04  time=36.8s
2026-08-15 18:06:14 | INFO | train_cv0 |   ✓ Saved best checkpoint  (val_r2=0.8264)
2026-08-15 18:07:00 | INFO | train_cv0 | Epoch   9/60  train_loss=0.7095  train_r2=0.8247  val_loss=0.7733  val_r2=0.8118  val_rmse=0.8794  lr_backbone=1.97e-05  lr_head=1.97e-04  time=36.7s
2026-08-15 18:07:41 | INFO | train_cv0 | Epoch  10/60  train_loss=0.6795  train_r2=0.8329  val_loss=0.6867  val_r2=0.8329  val_rmse=0.8287  lr_backbone=1.96e-05  lr_head=1.96e-04  time=37.6s
2026-08-15 18:07:44 | INFO | train_cv0 |   ✓ Saved best checkpoint  (val_r2=0.8329)
2026-08-15 18:08:24 | INFO | train_cv0 | Epoch  11/60  train_loss=0.6356  train_r2=0.8430  val_loss=0.7748  val_r2=0.8114  val_rmse=0.8802  lr_backbone=1.94e-05  lr_head=1.94e-04  time=36.9s
2026-08-15 18:09:06 | INFO | train_cv0 | Epoch  12/60  train_loss=0.5781  train_r2=0.8574  val_loss=0.8657  val_r2=0.7893  val_rmse=0.9304  lr_backbone=1.92e-05  lr_head=1.92e-04  time=37.1s
2026-08-15 18:09:51 | INFO | train_cv0 | Epoch  13/60  train_loss=0.5214  train_r2=0.8719  val_loss=0.7165  val_r2=0.8256  val_rmse=0.8465  lr_backbone=1.90e-05  lr_head=1.90e-04  time=41.3s
2026-08-15 18:10:30 | INFO | train_cv0 | Epoch  14/60  train_loss=0.4563  train_r2=0.8874  val_loss=0.9707  val_r2=0.7638  val_rmse=0.9852  lr_backbone=1.87e-05  lr_head=1.87e-04  time=35.6s
2026-08-15 18:11:15 | INFO | train_cv0 | Epoch  15/60  train_loss=0.4731  train_r2=0.8840  val_loss=0.7522  val_r2=0.8169  val_rmse=0.8673  lr_backbone=1.84e-05  lr_head=1.84e-04  time=36.7s
2026-08-15 18:11:59 | INFO | train_cv0 | Epoch  16/60  train_loss=0.4235  train_r2=0.8954  val_loss=0.7480  val_r2=0.8180  val_rmse=0.8649  lr_backbone=1.81e-05  lr_head=1.81e-04  time=39.9s
2026-08-15 18:12:39 | INFO | train_cv0 | Epoch  17/60  train_loss=0.4010  train_r2=0.9011  val_loss=0.6919  val_r2=0.8316  val_rmse=0.8318  lr_backbone=1.78e-05  lr_head=1.77e-04  time=36.4s
2026-08-15 18:13:22 | INFO | train_cv0 | Epoch  18/60  train_loss=0.3697  train_r2=0.9088  val_loss=0.7723  val_r2=0.8120  val_rmse=0.8788  lr_backbone=1.74e-05  lr_head=1.74e-04  time=39.3s
2026-08-15 18:14:03 | INFO | train_cv0 | Epoch  19/60  train_loss=0.3636  train_r2=0.9111  val_loss=0.7422  val_r2=0.8194  val_rmse=0.8615  lr_backbone=1.70e-05  lr_head=1.70e-04  time=37.4s
2026-08-15 18:14:43 | INFO | train_cv0 | Epoch  20/60  train_loss=0.3228  train_r2=0.9217  val_loss=0.6739  val_r2=0.8360  val_rmse=0.8209  lr_backbone=1.66e-05  lr_head=1.66e-04  time=36.2s
2026-08-15 18:14:52 | INFO | train_cv0 |   ✓ Saved best checkpoint  (val_r2=0.8360)
2026-08-15 18:15:32 | INFO | train_cv0 | Epoch  21/60  train_loss=0.3269  train_r2=0.9196  val_loss=0.6829  val_r2=0.8338  val_rmse=0.8264  lr_backbone=1.61e-05  lr_head=1.61e-04  time=35.7s
2026-08-15 18:16:21 | INFO | train_cv0 | Epoch  22/60  train_loss=0.3118  train_r2=0.9235  val_loss=0.6310  val_r2=0.8464  val_rmse=0.7944  lr_backbone=1.57e-05  lr_head=1.56e-04  time=35.8s
2026-08-15 18:16:26 | INFO | train_cv0 |   ✓ Saved best checkpoint  (val_r2=0.8464)
2026-08-15 18:17:10 | INFO | train_cv0 | Epoch  23/60  train_loss=0.2796  train_r2=0.9321  val_loss=0.7211  val_r2=0.8245  val_rmse=0.8492  lr_backbone=1.52e-05  lr_head=1.52e-04  time=41.0s
2026-08-15 18:17:50 | INFO | train_cv0 | Epoch  24/60  train_loss=0.2797  train_r2=0.9309  val_loss=0.6793  val_r2=0.8347  val_rmse=0.8242  lr_backbone=1.47e-05  lr_head=1.47e-04  time=36.7s
2026-08-15 18:18:34 | INFO | train_cv0 | Epoch  25/60  train_loss=0.2736  train_r2=0.9333  val_loss=0.6281  val_r2=0.8471  val_rmse=0.7925  lr_backbone=1.42e-05  lr_head=1.42e-04  time=40.4s
2026-08-15 18:19:15 | INFO | train_cv0 | Epoch  26/60  train_loss=0.2684  train_r2=0.9338  val_loss=0.5962  val_r2=0.8549  val_rmse=0.7721  lr_backbone=1.37e-05  lr_head=1.36e-04  time=38.0s
2026-08-15 18:19:19 | INFO | train_cv0 |   ✓ Saved best checkpoint  (val_r2=0.8549)
2026-08-15 18:20:01 | INFO | train_cv0 | Epoch  27/60  train_loss=0.2422  train_r2=0.9406  val_loss=0.6320  val_r2=0.8462  val_rmse=0.7950  lr_backbone=1.31e-05  lr_head=1.31e-04  time=38.3s
2026-08-15 18:20:45 | INFO | train_cv0 | Epoch  28/60  train_loss=0.2288  train_r2=0.9444  val_loss=0.6550  val_r2=0.8406  val_rmse=0.8093  lr_backbone=1.26e-05  lr_head=1.25e-04  time=37.2s
2026-08-15 18:21:31 | INFO | train_cv0 | Epoch  29/60  train_loss=0.2246  train_r2=0.9446  val_loss=0.6594  val_r2=0.8395  val_rmse=0.8121  lr_backbone=1.20e-05  lr_head=1.20e-04  time=42.4s
2026-08-15 18:22:12 | INFO | train_cv0 | Epoch  30/60  train_loss=0.2027  train_r2=0.9499  val_loss=0.6306  val_r2=0.8465  val_rmse=0.7941  lr_backbone=1.15e-05  lr_head=1.14e-04  time=37.0s
2026-08-15 18:22:54 | INFO | train_cv0 | Epoch  31/60  train_loss=0.2093  train_r2=0.9487  val_loss=0.6489  val_r2=0.8421  val_rmse=0.8055  lr_backbone=1.09e-05  lr_head=1.09e-04  time=38.2s
2026-08-15 18:23:34 | INFO | train_cv0 | Epoch  32/60  train_loss=0.2044  train_r2=0.9496  val_loss=0.6814  val_r2=0.8342  val_rmse=0.8255  lr_backbone=1.03e-05  lr_head=1.03e-04  time=37.2s
2026-08-15 18:24:13 | INFO | train_cv0 | Epoch  33/60  train_loss=0.1895  train_r2=0.9535  val_loss=0.5814  val_r2=0.8585  val_rmse=0.7625  lr_backbone=9.77e-06  lr_head=9.72e-05  time=34.8s
2026-08-15 18:24:16 | INFO | train_cv0 |   ✓ Saved best checkpoint  (val_r2=0.8585)
2026-08-15 18:25:02 | INFO | train_cv0 | Epoch  34/60  train_loss=0.1751  train_r2=0.9568  val_loss=0.5981  val_r2=0.8544  val_rmse=0.7734  lr_backbone=9.20e-06  lr_head=9.15e-05  time=36.4s
2026-08-15 18:25:42 | INFO | train_cv0 | Epoch  35/60  train_loss=0.1758  train_r2=0.9568  val_loss=0.6261  val_r2=0.8476  val_rmse=0.7913  lr_backbone=8.63e-06  lr_head=8.58e-05  time=37.2s
2026-08-15 18:26:24 | INFO | train_cv0 | Epoch  36/60  train_loss=0.1754  train_r2=0.9574  val_loss=0.5896  val_r2=0.8565  val_rmse=0.7678  lr_backbone=8.07e-06  lr_head=8.02e-05  time=37.2s
2026-08-15 18:27:10 | INFO | train_cv0 | Epoch  37/60  train_loss=0.1566  train_r2=0.9613  val_loss=0.6132  val_r2=0.8508  val_rmse=0.7831  lr_backbone=7.52e-06  lr_head=7.46e-05  time=42.8s
2026-08-15 18:27:52 | INFO | train_cv0 | Epoch  38/60  train_loss=0.1605  train_r2=0.9605  val_loss=0.5963  val_r2=0.8549  val_rmse=0.7722  lr_backbone=6.98e-06  lr_head=6.92e-05  time=37.8s
2026-08-15 18:28:37 | INFO | train_cv0 | Epoch  39/60  train_loss=0.1486  train_r2=0.9634  val_loss=0.6012  val_r2=0.8537  val_rmse=0.7754  lr_backbone=6.44e-06  lr_head=6.38e-05  time=39.1s
2026-08-15 18:29:15 | INFO | train_cv0 | Epoch  40/60  train_loss=0.1559  train_r2=0.9616  val_loss=0.6016  val_r2=0.8536  val_rmse=0.7756  lr_backbone=5.92e-06  lr_head=5.85e-05  time=34.5s
2026-08-15 18:29:57 | INFO | train_cv0 | Epoch  41/60  train_loss=0.1540  train_r2=0.9623  val_loss=0.5847  val_r2=0.8577  val_rmse=0.7647  lr_backbone=5.41e-06  lr_head=5.34e-05  time=36.2s
2026-08-15 18:30:36 | INFO | train_cv0 | Epoch  42/60  train_loss=0.1455  train_r2=0.9645  val_loss=0.5952  val_r2=0.8551  val_rmse=0.7715  lr_backbone=4.91e-06  lr_head=4.84e-05  time=35.7s
2026-08-15 18:31:13 | INFO | train_cv0 | Epoch  43/60  train_loss=0.1446  train_r2=0.9643  val_loss=0.5942  val_r2=0.8554  val_rmse=0.7708  lr_backbone=4.43e-06  lr_head=4.36e-05  time=33.8s
2026-08-15 18:32:01 | INFO | train_cv0 | Epoch  44/60  train_loss=0.1310  train_r2=0.9677  val_loss=0.5831  val_r2=0.8581  val_rmse=0.7636  lr_backbone=3.97e-06  lr_head=3.90e-05  time=34.8s
2026-08-15 18:32:45 | INFO | train_cv0 | Epoch  45/60  train_loss=0.1346  train_r2=0.9672  val_loss=0.5837  val_r2=0.8579  val_rmse=0.7640  lr_backbone=3.53e-06  lr_head=3.46e-05  time=40.1s
2026-08-15 18:32:45 | INFO | train_cv0 |   Early stopping triggered at epoch 45 (no improvement for 12 epochs).
2026-08-15 18:32:45 | INFO | train_cv0 | 
Loading best checkpoint for test evaluation: /mnt/research-projects/j/jlgage/RawUAVData01/uavforslb/uav4slb/downsample_results/coatnet2_cv0/checkpoints/fold_2025/checkpoint_best.pt
/mnt/research-projects/j/jlgage/RawUAVData01/uavforslb/uav4slb/scripts/train_cv0.py:1116: FutureWarning: You are using `torch.load` with `weights_only=False` (the current default value), which uses the default pickle module implicitly. It is possible to construct malicious pickle data which will execute arbitrary code during unpickling (See https://github.com/pytorch/pytorch/blob/main/SECURITY.md#untrusted-models for more details). In a future release, the default value for `weights_only` will be flipped to `True`. This limits the functions that could be executed during unpickling. Arbitrary objects will no longer be allowed to be loaded via this mode unless they are explicitly allowlisted by the user via `torch.serialization.add_safe_globals`. We recommend you start setting `weights_only=True` for any use case where you don't have full control of the loaded file. Please open an issue on GitHub for any issues related to this experimental feature.
  ckpt = torch.load(best_ckpt, map_location=device)
2026-08-15 18:33:03 | INFO | train_cv0 | 
======================================================================
TEST RESULTS — fold_2025
  R²   = 0.7423
  RMSE = 0.9514
  MAE  = 0.7302
======================================================================
2026-08-15 18:33:03 | INFO | train_cv0 | Saved test predictions   → /mnt/research-projects/j/jlgage/RawUAVData01/uavforslb/uav4slb/downsample_results/coatnet2_cv0/predictions/fold_2025_test_predictions.csv
2026-08-15 18:33:03 | INFO | train_cv0 | Saved training history   → /mnt/research-projects/j/jlgage/RawUAVData01/uavforslb/uav4slb/downsample_results/coatnet2_cv0/history/fold_2025_history.csv
2026-08-15 18:33:04 | INFO | train_cv0 | 
======================================================================
2026-08-15 18:33:04 | INFO | train_cv0 | CV0 SUMMARY — coatnet2
2026-08-15 18:33:04 | INFO | train_cv0 | ======================================================================
2026-08-15 18:33:04 | INFO | train_cv0 | 
  Mean Val  R²   = 0.8393 ± 0.0199
2026-08-15 18:33:04 | INFO | train_cv0 |   Mean Test R²   = 0.5691 ± 0.1894
2026-08-15 18:33:04 | INFO | train_cv0 |   Mean Test RMSE = 1.2045 ± 0.3198
2026-08-15 18:33:04 | INFO | train_cv0 |   Mean Test MAE  = 0.9610
2026-08-15 18:33:04 | INFO | train_cv0 | 
✓ Results saved → /mnt/research-projects/j/jlgage/RawUAVData01/uavforslb/uav4slb/downsample_results/coatnet2_cv0
fold_name  val_samples  test_samples  best_val_r2  test_r2  test_rmse  test_mae
fold_2023          781          2601     0.840485 0.366804   1.098146  0.840903
fold_2024          781          2601     0.818788 0.598252   1.563849  1.311878
fold_2025          781          2601     0.858510 0.742260   0.951357  0.730200
