======================================================================
MaxViT-S — CV0 Leave-One-Year-Out Training
======================================================================
Config      : configs/maxvit_small_cv0.yaml
Output dir  : experiments/maxvit_small_cv0
Device      : cuda:0
Image size  : [224, 224]
Batch size  : 32
Max epochs  : 60
AMP enabled : True
Found 3 CV0 folds: ['fold_23', 'fold_24', 'fold_25']

======================================================================
FOLD: fold_23  |  train=19949  val=3521  test=2601
======================================================================
Loaded 19949 samples from /tmp/maxvit_small_cv0_folds/train_42.csv
Loaded 3521 samples from /tmp/maxvit_small_cv0_folds/val_42.csv
Loaded 2601 samples from /tmp/maxvit_small_cv0_folds/test_42.csv
Loading pretrained weights from Hugging Face hub (timm/maxvit_small_tf_224.in1k)
HTTP Request: HEAD https://huggingface.co/timm/maxvit_small_tf_224.in1k/resolve/main/model.safetensors "HTTP/1.1 302 Found"
HTTP Request: GET https://huggingface.co/api/models/timm/maxvit_small_tf_224.in1k/xet-read-token/2a365270ad1776b3b69a7004c43f51fe4fd02a6f "HTTP/1.1 200 OK"
[timm/maxvit_small_tf_224.in1k] Safe alternative available for 'pytorch_model.bin' (as 'model.safetensors'). Loading weights using safetensors.
MaxViT-S backbone loaded  |  pretrained=True  feature_dim=768  params=68.2M
MaxViT-S Regressor  |  total=68.4M  trainable=68.4M
Optimizer param groups  |  backbone_lr=2.0e-05  head_lr=2.0e-04  wd=5.00e-02  total_params=68.4M
Epoch   1/60  train_loss=6.6224  train_r2=-0.5010  val_loss=1.1715  val_r2=0.7349  val_rmse=1.0824  lr_backbone=8.00e-06  lr_head=8.00e-05  time=171.2s
  ✓ Saved best checkpoint (val_r2=0.7349)
Epoch   2/60  train_loss=1.2005  train_r2=0.7280  val_loss=0.9754  val_r2=0.7793  val_rmse=0.9876  lr_backbone=1.20e-05  lr_head=1.20e-04  time=197.6s
  ✓ Saved best checkpoint (val_r2=0.7793)
Epoch   3/60  train_loss=1.0383  train_r2=0.7649  val_loss=0.7938  val_r2=0.8204  val_rmse=0.8910  lr_backbone=1.60e-05  lr_head=1.60e-04  time=205.0s
  ✓ Saved best checkpoint (val_r2=0.8204)
Epoch   4/60  train_loss=0.9566  train_r2=0.7833  val_loss=0.7441  val_r2=0.8316  val_rmse=0.8626  lr_backbone=2.00e-05  lr_head=2.00e-04  time=197.8s
  ✓ Saved best checkpoint (val_r2=0.8316)
Epoch   5/60  train_loss=0.8799  train_r2=0.8007  val_loss=0.7096  val_r2=0.8394  val_rmse=0.8424  lr_backbone=2.00e-05  lr_head=2.00e-04  time=196.1s
  ✓ Saved best checkpoint (val_r2=0.8394)
Epoch   6/60  train_loss=0.8036  train_r2=0.8180  val_loss=0.6743  val_r2=0.8474  val_rmse=0.8211  lr_backbone=2.00e-05  lr_head=2.00e-04  time=195.9s
  ✓ Saved best checkpoint (val_r2=0.8474)
Epoch   7/60  train_loss=0.7358  train_r2=0.8333  val_loss=0.7032  val_r2=0.8409  val_rmse=0.8386  lr_backbone=1.99e-05  lr_head=1.99e-04  time=196.2s
Epoch   8/60  train_loss=0.6960  train_r2=0.8423  val_loss=0.6643  val_r2=0.8497  val_rmse=0.8151  lr_backbone=1.99e-05  lr_head=1.99e-04  time=201.6s
  ✓ Saved best checkpoint (val_r2=0.8497)
Epoch   9/60  train_loss=0.6512  train_r2=0.8524  val_loss=0.6628  val_r2=0.8500  val_rmse=0.8141  lr_backbone=1.97e-05  lr_head=1.97e-04  time=155.7s
Epoch  10/60  train_loss=0.6210  train_r2=0.8593  val_loss=0.6924  val_r2=0.8433  val_rmse=0.8321  lr_backbone=1.96e-05  lr_head=1.96e-04  time=199.0s
Epoch  11/60  train_loss=0.5924  train_r2=0.8659  val_loss=0.6645  val_r2=0.8496  val_rmse=0.8152  lr_backbone=1.94e-05  lr_head=1.94e-04  time=206.9s
Epoch  12/60  train_loss=0.5565  train_r2=0.8739  val_loss=0.6472  val_r2=0.8535  val_rmse=0.8045  lr_backbone=1.92e-05  lr_head=1.92e-04  time=194.9s
  ✓ Saved best checkpoint (val_r2=0.8535)
Epoch  13/60  train_loss=0.5388  train_r2=0.8782  val_loss=0.6609  val_r2=0.8504  val_rmse=0.8130  lr_backbone=1.90e-05  lr_head=1.90e-04  time=198.5s
Epoch  14/60  train_loss=0.5062  train_r2=0.8854  val_loss=0.7239  val_r2=0.8362  val_rmse=0.8508  lr_backbone=1.87e-05  lr_head=1.87e-04  time=204.9s
Epoch  15/60  train_loss=0.4691  train_r2=0.8937  val_loss=0.6407  val_r2=0.8550  val_rmse=0.8004  lr_backbone=1.84e-05  lr_head=1.84e-04  time=207.3s
  ✓ Saved best checkpoint (val_r2=0.8550)
Epoch  16/60  train_loss=0.4490  train_r2=0.8983  val_loss=0.6946  val_r2=0.8428  val_rmse=0.8334  lr_backbone=1.81e-05  lr_head=1.81e-04  time=204.7s
Epoch  17/60  train_loss=0.4280  train_r2=0.9031  val_loss=0.6804  val_r2=0.8460  val_rmse=0.8249  lr_backbone=1.78e-05  lr_head=1.77e-04  time=211.5s
Epoch  18/60  train_loss=0.4075  train_r2=0.9077  val_loss=0.6940  val_r2=0.8429  val_rmse=0.8331  lr_backbone=1.74e-05  lr_head=1.74e-04  time=202.3s
Epoch  19/60  train_loss=0.3831  train_r2=0.9134  val_loss=0.6663  val_r2=0.8492  val_rmse=0.8163  lr_backbone=1.70e-05  lr_head=1.70e-04  time=199.7s
Epoch  20/60  train_loss=0.3764  train_r2=0.9147  val_loss=0.6732  val_r2=0.8477  val_rmse=0.8205  lr_backbone=1.66e-05  lr_head=1.66e-04  time=201.8s
Epoch  21/60  train_loss=0.3568  train_r2=0.9192  val_loss=0.6941  val_r2=0.8429  val_rmse=0.8331  lr_backbone=1.61e-05  lr_head=1.61e-04  time=202.2s
Epoch  22/60  train_loss=0.3401  train_r2=0.9229  val_loss=0.6776  val_r2=0.8467  val_rmse=0.8232  lr_backbone=1.57e-05  lr_head=1.56e-04  time=194.2s
Epoch  23/60  train_loss=0.3288  train_r2=0.9255  val_loss=0.6867  val_r2=0.8446  val_rmse=0.8287  lr_backbone=1.52e-05  lr_head=1.52e-04  time=204.4s
Epoch  24/60  train_loss=0.3159  train_r2=0.9285  val_loss=0.6744  val_r2=0.8474  val_rmse=0.8212  lr_backbone=1.47e-05  lr_head=1.47e-04  time=202.4s
Epoch  25/60  train_loss=0.3044  train_r2=0.9310  val_loss=0.6889  val_r2=0.8441  val_rmse=0.8300  lr_backbone=1.42e-05  lr_head=1.42e-04  time=205.8s
Epoch  26/60  train_loss=0.2922  train_r2=0.9338  val_loss=0.6704  val_r2=0.8483  val_rmse=0.8188  lr_backbone=1.37e-05  lr_head=1.36e-04  time=205.1s
Epoch  27/60  train_loss=0.2817  train_r2=0.9362  val_loss=0.6698  val_r2=0.8484  val_rmse=0.8184  lr_backbone=1.31e-05  lr_head=1.31e-04  time=199.1s
Early stopping triggered at epoch 27 (no improvement for 12 epochs).

Loading best checkpoint for test evaluation: experiments/maxvit_small_cv0/checkpoints/fold_23/checkpoint_best.pt

======================================================================
TEST RESULTS — fold_23
  R²   = 0.5277
  RMSE = 0.9484
  MAE  = 0.7225
======================================================================
Saved test predictions → experiments/maxvit_small_cv0/predictions/fold_23_test_predictions.csv
Saved training history  → experiments/maxvit_small_cv0/history/fold_23_history.csv

======================================================================
FOLD: fold_24  |  train=15113  val=2668  test=8290
======================================================================
Loaded 15113 samples from /tmp/maxvit_small_cv0_folds/train_42.csv
Loaded 2668 samples from /tmp/maxvit_small_cv0_folds/val_42.csv
Loaded 8290 samples from /tmp/maxvit_small_cv0_folds/test_42.csv
Loading pretrained weights from Hugging Face hub (timm/maxvit_small_tf_224.in1k)
HTTP Request: HEAD https://huggingface.co/timm/maxvit_small_tf_224.in1k/resolve/main/model.safetensors "HTTP/1.1 302 Found"
[timm/maxvit_small_tf_224.in1k] Safe alternative available for 'pytorch_model.bin' (as 'model.safetensors'). Loading weights using safetensors.
MaxViT-S backbone loaded  |  pretrained=True  feature_dim=768  params=68.2M
MaxViT-S Regressor  |  total=68.4M  trainable=68.4M
Optimizer param groups  |  backbone_lr=2.0e-05  head_lr=2.0e-04  wd=5.00e-02  total_params=68.4M
Epoch   1/60  train_loss=7.4935  train_r2=-1.2295  val_loss=0.9710  val_r2=0.7108  val_rmse=0.9854  lr_backbone=8.00e-06  lr_head=8.00e-05  time=118.9s
  ✓ Saved best checkpoint (val_r2=0.7108)
Epoch   2/60  train_loss=0.9984  train_r2=0.7035  val_loss=0.7576  val_r2=0.7743  val_rmse=0.8704  lr_backbone=1.20e-05  lr_head=1.20e-04  time=116.2s
  ✓ Saved best checkpoint (val_r2=0.7743)
Epoch   3/60  train_loss=0.8562  train_r2=0.7456  val_loss=0.6729  val_r2=0.7996  val_rmse=0.8203  lr_backbone=1.60e-05  lr_head=1.60e-04  time=118.1s
  ✓ Saved best checkpoint (val_r2=0.7996)
Epoch   4/60  train_loss=0.7879  train_r2=0.7658  val_loss=0.6241  val_r2=0.8141  val_rmse=0.7900  lr_backbone=2.00e-05  lr_head=2.00e-04  time=116.8s
  ✓ Saved best checkpoint (val_r2=0.8141)
Epoch   5/60  train_loss=0.7448  train_r2=0.7787  val_loss=0.6367  val_r2=0.8103  val_rmse=0.7979  lr_backbone=2.00e-05  lr_head=2.00e-04  time=119.8s
Epoch   6/60  train_loss=0.6769  train_r2=0.7987  val_loss=0.6077  val_r2=0.8190  val_rmse=0.7795  lr_backbone=2.00e-05  lr_head=2.00e-04  time=119.1s
  ✓ Saved best checkpoint (val_r2=0.8190)
Epoch   7/60  train_loss=0.6422  train_r2=0.8093  val_loss=0.5971  val_r2=0.8221  val_rmse=0.7727  lr_backbone=1.99e-05  lr_head=1.99e-04  time=116.0s
  ✓ Saved best checkpoint (val_r2=0.8221)
Epoch   8/60  train_loss=0.5951  train_r2=0.8232  val_loss=0.5267  val_r2=0.8431  val_rmse=0.7257  lr_backbone=1.99e-05  lr_head=1.99e-04  time=117.5s
  ✓ Saved best checkpoint (val_r2=0.8431)
Epoch   9/60  train_loss=0.5707  train_r2=0.8303  val_loss=0.5348  val_r2=0.8407  val_rmse=0.7313  lr_backbone=1.97e-05  lr_head=1.97e-04  time=118.5s
Epoch  10/60  train_loss=0.5297  train_r2=0.8426  val_loss=0.5213  val_r2=0.8447  val_rmse=0.7220  lr_backbone=1.96e-05  lr_head=1.96e-04  time=114.3s
  ✓ Saved best checkpoint (val_r2=0.8447)
Epoch  11/60  train_loss=0.5029  train_r2=0.8506  val_loss=0.6524  val_r2=0.8057  val_rmse=0.8077  lr_backbone=1.94e-05  lr_head=1.94e-04  time=117.4s
Epoch  12/60  train_loss=0.4883  train_r2=0.8551  val_loss=0.5595  val_r2=0.8333  val_rmse=0.7480  lr_backbone=1.92e-05  lr_head=1.92e-04  time=117.9s
Epoch  13/60  train_loss=0.4583  train_r2=0.8638  val_loss=0.5591  val_r2=0.8335  val_rmse=0.7477  lr_backbone=1.90e-05  lr_head=1.90e-04  time=121.9s
Epoch  14/60  train_loss=0.4388  train_r2=0.8696  val_loss=0.5222  val_r2=0.8444  val_rmse=0.7227  lr_backbone=1.87e-05  lr_head=1.87e-04  time=116.5s
Epoch  15/60  train_loss=0.4124  train_r2=0.8780  val_loss=0.5716  val_r2=0.8297  val_rmse=0.7561  lr_backbone=1.84e-05  lr_head=1.84e-04  time=117.3s
Epoch  16/60  train_loss=0.3911  train_r2=0.8838  val_loss=0.5192  val_r2=0.8453  val_rmse=0.7206  lr_backbone=1.81e-05  lr_head=1.81e-04  time=120.7s
Epoch  17/60  train_loss=0.3697  train_r2=0.8904  val_loss=0.5524  val_r2=0.8355  val_rmse=0.7432  lr_backbone=1.78e-05  lr_head=1.77e-04  time=117.8s
Epoch  18/60  train_loss=0.3504  train_r2=0.8959  val_loss=0.5321  val_r2=0.8415  val_rmse=0.7294  lr_backbone=1.74e-05  lr_head=1.74e-04  time=119.0s
Epoch  19/60  train_loss=0.3402  train_r2=0.8990  val_loss=0.5488  val_r2=0.8365  val_rmse=0.7408  lr_backbone=1.70e-05  lr_head=1.70e-04  time=123.1s
Epoch  20/60  train_loss=0.3171  train_r2=0.9059  val_loss=0.5764  val_r2=0.8283  val_rmse=0.7592  lr_backbone=1.66e-05  lr_head=1.66e-04  time=120.9s
Epoch  21/60  train_loss=0.3082  train_r2=0.9084  val_loss=0.5775  val_r2=0.8280  val_rmse=0.7599  lr_backbone=1.61e-05  lr_head=1.61e-04  time=117.3s
Epoch  22/60  train_loss=0.2993  train_r2=0.9112  val_loss=0.5832  val_r2=0.8263  val_rmse=0.7636  lr_backbone=1.57e-05  lr_head=1.56e-04  time=119.2s
Early stopping triggered at epoch 22 (no improvement for 12 epochs).

Loading best checkpoint for test evaluation: experiments/maxvit_small_cv0/checkpoints/fold_24/checkpoint_best.pt

======================================================================
TEST RESULTS — fold_24
  R²   = 0.5807
  RMSE = 1.5881
  MAE  = 1.2673
======================================================================
Saved test predictions → experiments/maxvit_small_cv0/predictions/fold_24_test_predictions.csv
Saved training history  → experiments/maxvit_small_cv0/history/fold_24_history.csv

======================================================================
FOLD: fold_25  |  train=9257  val=1634  test=15180
======================================================================
Loaded 9257 samples from /tmp/maxvit_small_cv0_folds/train_42.csv
Loaded 1634 samples from /tmp/maxvit_small_cv0_folds/val_42.csv
Loaded 15180 samples from /tmp/maxvit_small_cv0_folds/test_42.csv
Loading pretrained weights from Hugging Face hub (timm/maxvit_small_tf_224.in1k)
HTTP Request: HEAD https://huggingface.co/timm/maxvit_small_tf_224.in1k/resolve/main/model.safetensors "HTTP/1.1 302 Found"
[timm/maxvit_small_tf_224.in1k] Safe alternative available for 'pytorch_model.bin' (as 'model.safetensors'). Loading weights using safetensors.
MaxViT-S backbone loaded  |  pretrained=True  feature_dim=768  params=68.2M
MaxViT-S Regressor  |  total=68.4M  trainable=68.4M
Optimizer param groups  |  backbone_lr=2.0e-05  head_lr=2.0e-04  wd=5.00e-02  total_params=68.4M
Epoch   1/60  train_loss=14.9604  train_r2=-1.9465  val_loss=1.9813  val_r2=0.6124  val_rmse=1.4076  lr_backbone=8.00e-06  lr_head=8.00e-05  time=71.6s
  ✓ Saved best checkpoint (val_r2=0.6124)
Epoch   2/60  train_loss=1.6475  train_r2=0.6763  val_loss=1.0738  val_r2=0.7899  val_rmse=1.0363  lr_backbone=1.20e-05  lr_head=1.20e-04  time=73.6s
  ✓ Saved best checkpoint (val_r2=0.7899)
Epoch   3/60  train_loss=1.3444  train_r2=0.7356  val_loss=0.9515  val_r2=0.8139  val_rmse=0.9754  lr_backbone=1.60e-05  lr_head=1.60e-04  time=73.0s
  ✓ Saved best checkpoint (val_r2=0.8139)
Epoch   4/60  train_loss=1.1677  train_r2=0.7701  val_loss=0.8708  val_r2=0.8297  val_rmse=0.9331  lr_backbone=2.00e-05  lr_head=2.00e-04  time=72.7s
  ✓ Saved best checkpoint (val_r2=0.8297)
Epoch   5/60  train_loss=1.0708  train_r2=0.7893  val_loss=0.7887  val_r2=0.8457  val_rmse=0.8881  lr_backbone=2.00e-05  lr_head=2.00e-04  time=74.5s
  ✓ Saved best checkpoint (val_r2=0.8457)
Epoch   6/60  train_loss=0.9963  train_r2=0.8041  val_loss=0.7637  val_r2=0.8506  val_rmse=0.8739  lr_backbone=2.00e-05  lr_head=2.00e-04  time=73.7s
  ✓ Saved best checkpoint (val_r2=0.8506)
Epoch   7/60  train_loss=0.9436  train_r2=0.8151  val_loss=0.7565  val_r2=0.8520  val_rmse=0.8698  lr_backbone=1.99e-05  lr_head=1.99e-04  time=72.8s
  ✓ Saved best checkpoint (val_r2=0.8520)
Epoch   8/60  train_loss=0.8894  train_r2=0.8250  val_loss=0.7775  val_r2=0.8479  val_rmse=0.8818  lr_backbone=1.99e-05  lr_head=1.99e-04  time=73.1s
Epoch   9/60  train_loss=0.8274  train_r2=0.8372  val_loss=0.7614  val_r2=0.8510  val_rmse=0.8726  lr_backbone=1.97e-05  lr_head=1.97e-04  time=73.1s
Epoch  10/60  train_loss=0.7888  train_r2=0.8448  val_loss=0.7167  val_r2=0.8598  val_rmse=0.8466  lr_backbone=1.96e-05  lr_head=1.96e-04  time=75.4s
  ✓ Saved best checkpoint (val_r2=0.8598)
Epoch  11/60  train_loss=0.7380  train_r2=0.8549  val_loss=0.7796  val_r2=0.8475  val_rmse=0.8830  lr_backbone=1.94e-05  lr_head=1.94e-04  time=74.5s
Epoch  12/60  train_loss=0.7007  train_r2=0.8620  val_loss=0.7359  val_r2=0.8560  val_rmse=0.8578  lr_backbone=1.92e-05  lr_head=1.92e-04  time=72.8s
Epoch  13/60  train_loss=0.6510  train_r2=0.8720  val_loss=0.7632  val_r2=0.8507  val_rmse=0.8736  lr_backbone=1.90e-05  lr_head=1.90e-04  time=74.2s
Epoch  14/60  train_loss=0.6470  train_r2=0.8730  val_loss=0.8231  val_r2=0.8390  val_rmse=0.9072  lr_backbone=1.87e-05  lr_head=1.87e-04  time=72.7s
Epoch  15/60  train_loss=0.5833  train_r2=0.8853  val_loss=0.7893  val_r2=0.8456  val_rmse=0.8884  lr_backbone=1.84e-05  lr_head=1.84e-04  time=74.2s
Epoch  16/60  train_loss=0.5469  train_r2=0.8926  val_loss=0.7227  val_r2=0.8586  val_rmse=0.8501  lr_backbone=1.81e-05  lr_head=1.81e-04  time=73.2s
Epoch  17/60  train_loss=0.5274  train_r2=0.8965  val_loss=0.6949  val_r2=0.8641  val_rmse=0.8336  lr_backbone=1.78e-05  lr_head=1.77e-04  time=74.9s
  ✓ Saved best checkpoint (val_r2=0.8641)
Epoch  18/60  train_loss=0.4928  train_r2=0.9030  val_loss=0.7736  val_r2=0.8487  val_rmse=0.8796  lr_backbone=1.74e-05  lr_head=1.74e-04  time=72.5s
Epoch  19/60  train_loss=0.4816  train_r2=0.9052  val_loss=0.7538  val_r2=0.8525  val_rmse=0.8682  lr_backbone=1.70e-05  lr_head=1.70e-04  time=73.5s
Epoch  20/60  train_loss=0.4683  train_r2=0.9078  val_loss=0.7476  val_r2=0.8537  val_rmse=0.8646  lr_backbone=1.66e-05  lr_head=1.66e-04  time=72.7s
Epoch  21/60  train_loss=0.4348  train_r2=0.9146  val_loss=0.7889  val_r2=0.8457  val_rmse=0.8882  lr_backbone=1.61e-05  lr_head=1.61e-04  time=74.6s
Epoch  22/60  train_loss=0.4060  train_r2=0.9200  val_loss=0.7639  val_r2=0.8506  val_rmse=0.8740  lr_backbone=1.57e-05  lr_head=1.56e-04  time=75.8s
Epoch  23/60  train_loss=0.4118  train_r2=0.9192  val_loss=0.7271  val_r2=0.8578  val_rmse=0.8527  lr_backbone=1.52e-05  lr_head=1.52e-04  time=74.0s
Epoch  24/60  train_loss=0.3765  train_r2=0.9260  val_loss=0.7469  val_r2=0.8539  val_rmse=0.8642  lr_backbone=1.47e-05  lr_head=1.47e-04  time=76.4s
Epoch  25/60  train_loss=0.3753  train_r2=0.9263  val_loss=0.7307  val_r2=0.8571  val_rmse=0.8548  lr_backbone=1.42e-05  lr_head=1.42e-04  time=77.4s
Epoch  26/60  train_loss=0.3452  train_r2=0.9321  val_loss=0.7732  val_r2=0.8487  val_rmse=0.8793  lr_backbone=1.37e-05  lr_head=1.36e-04  time=78.2s
Epoch  27/60  train_loss=0.3340  train_r2=0.9343  val_loss=0.7249  val_r2=0.8582  val_rmse=0.8514  lr_backbone=1.31e-05  lr_head=1.31e-04  time=77.0s
Epoch  28/60  train_loss=0.3325  train_r2=0.9345  val_loss=0.7160  val_r2=0.8599  val_rmse=0.8462  lr_backbone=1.26e-05  lr_head=1.25e-04  time=77.3s
Epoch  29/60  train_loss=0.3172  train_r2=0.9376  val_loss=0.7298  val_r2=0.8572  val_rmse=0.8543  lr_backbone=1.20e-05  lr_head=1.20e-04  time=76.3s
Early stopping triggered at epoch 29 (no improvement for 12 epochs).

Loading best checkpoint for test evaluation: experiments/maxvit_small_cv0/checkpoints/fold_25/checkpoint_best.pt

======================================================================
TEST RESULTS — fold_25
  R²   = 0.6268
  RMSE = 1.1466
  MAE  = 0.9001
======================================================================
Saved test predictions → experiments/maxvit_small_cv0/predictions/fold_25_test_predictions.csv
Saved training history  → experiments/maxvit_small_cv0/history/fold_25_history.csv

======================================================================
CV0 SUMMARY — MaxViT-S
======================================================================

  Mean Val R²:   0.8546 ± 0.0097
  Mean Test R²   = 0.5784 ± 0.0496
  Mean Test RMSE = 1.2277 ± 0.3275
  Mean Test MAE  = 0.9633

✓ Results saved to experiments/maxvit_small_cv0
