======================================================================
efficientnetv2_s — CV0 Leave-One-Year-Out Training
======================================================================
Config      : configs/efficientnetv2_s_cv0.yaml
Output dir  : /mnt/research-projects/j/jlgage/RawUAVData01/uavforslb/uav4slb/results/efficientnetv2_s_cv0
Device      : cuda:2
Image size  : [384, 384]
Batch size  : 32
Max epochs  : 60
AMP         : True  dtype=float16
Mode        : fresh training from pretrained weights
Found 3 CV0 fold(s): ['fold_2023', 'fold_2024', 'fold_2025']

======================================================================
FOLD 1: fold_2023  |  train=19949  val=3521  test=2601
======================================================================
Loaded 19949 samples from /tmp/slb_cv0_folds/train_42.csv
Loaded 3521 samples from /tmp/slb_cv0_folds/val_42.csv
Loaded 2601 samples from /tmp/slb_cv0_folds/test_42.csv
Loading pretrained weights from Hugging Face hub (timm/tf_efficientnetv2_s.in21k_ft_in1k)
HTTP Request: HEAD https://huggingface.co/timm/tf_efficientnetv2_s.in21k_ft_in1k/resolve/main/model.safetensors "HTTP/1.1 302 Found"
Warning: You are sending unauthenticated requests to the HF Hub. Please set a HF_TOKEN to enable higher rate limits and faster downloads.
[timm/tf_efficientnetv2_s.in21k_ft_in1k] Safe alternative available for 'pytorch_model.bin' (as 'model.safetensors'). Loading weights using safetensors.
EfficientNet V2-S backbone loaded  |  pretrained=True  feature_dim=1280  params=20.2M
EfficientNet V2-S Regressor  |  total=20.5M  trainable=20.5M
Model : efficientnetv2_s  (20,505,681 params, 20,505,681 trainable)
Optimizer param groups  |  backbone_lr=5.0e-05  head_lr=5.0e-04  wd=5.00e-02  total_params=20.5M
Epoch   1/60  train_loss=2.9259  train_r2=0.3369  val_loss=1.1151  val_r2=0.7477  val_rmse=1.0560  lr_backbone=2.00e-05  lr_head=2.00e-04  time=665.9s
  ✓ Saved best checkpoint  (val_r2=0.7477)
Epoch   2/60  train_loss=1.3185  train_r2=0.7015  val_loss=0.8787  val_r2=0.8012  val_rmse=0.9374  lr_backbone=3.00e-05  lr_head=3.00e-04  time=230.8s
  ✓ Saved best checkpoint  (val_r2=0.8012)
Epoch   3/60  train_loss=1.1848  train_r2=0.7317  val_loss=0.7762  val_r2=0.8243  val_rmse=0.8810  lr_backbone=4.00e-05  lr_head=4.00e-04  time=231.1s
  ✓ Saved best checkpoint  (val_r2=0.8243)
Epoch   4/60  train_loss=1.0578  train_r2=0.7603  val_loss=0.7441  val_r2=0.8316  val_rmse=0.8626  lr_backbone=5.00e-05  lr_head=5.00e-04  time=262.3s
  ✓ Saved best checkpoint  (val_r2=0.8316)
Epoch   5/60  train_loss=0.9862  train_r2=0.7767  val_loss=0.8705  val_r2=0.8030  val_rmse=0.9330  lr_backbone=5.00e-05  lr_head=5.00e-04  time=272.5s
Epoch   6/60  train_loss=0.8971  train_r2=0.7968  val_loss=0.7480  val_r2=0.8307  val_rmse=0.8649  lr_backbone=5.00e-05  lr_head=5.00e-04  time=222.3s
Epoch   7/60  train_loss=0.8221  train_r2=0.8138  val_loss=0.7592  val_r2=0.8282  val_rmse=0.8713  lr_backbone=4.98e-05  lr_head=4.98e-04  time=210.9s
Epoch   8/60  train_loss=0.7335  train_r2=0.8340  val_loss=0.7437  val_r2=0.8317  val_rmse=0.8624  lr_backbone=4.96e-05  lr_head=4.96e-04  time=215.1s
Epoch   9/60  train_loss=0.6790  train_r2=0.8462  val_loss=0.6812  val_r2=0.8459  val_rmse=0.8253  lr_backbone=4.94e-05  lr_head=4.94e-04  time=197.4s
  ✓ Saved best checkpoint  (val_r2=0.8459)
Epoch  10/60  train_loss=0.6321  train_r2=0.8568  val_loss=0.6724  val_r2=0.8478  val_rmse=0.8200  lr_backbone=4.90e-05  lr_head=4.90e-04  time=201.4s
  ✓ Saved best checkpoint  (val_r2=0.8478)
Epoch  11/60  train_loss=0.5859  train_r2=0.8673  val_loss=0.6968  val_r2=0.8423  val_rmse=0.8348  lr_backbone=4.85e-05  lr_head=4.85e-04  time=204.6s
Epoch  12/60  train_loss=0.5326  train_r2=0.8794  val_loss=0.6535  val_r2=0.8521  val_rmse=0.8084  lr_backbone=4.80e-05  lr_head=4.80e-04  time=224.8s
  ✓ Saved best checkpoint  (val_r2=0.8521)
Epoch  13/60  train_loss=0.5147  train_r2=0.8838  val_loss=0.6775  val_r2=0.8467  val_rmse=0.8231  lr_backbone=4.74e-05  lr_head=4.74e-04  time=221.8s
Epoch  14/60  train_loss=0.4704  train_r2=0.8935  val_loss=0.7230  val_r2=0.8364  val_rmse=0.8503  lr_backbone=4.68e-05  lr_head=4.68e-04  time=225.4s
Epoch  15/60  train_loss=0.4331  train_r2=0.9019  val_loss=0.6520  val_r2=0.8525  val_rmse=0.8075  lr_backbone=4.60e-05  lr_head=4.60e-04  time=211.4s
Epoch  16/60  train_loss=0.3986  train_r2=0.9097  val_loss=0.6698  val_r2=0.8484  val_rmse=0.8184  lr_backbone=4.52e-05  lr_head=4.52e-04  time=227.6s
Epoch  17/60  train_loss=0.3794  train_r2=0.9141  val_loss=0.6312  val_r2=0.8572  val_rmse=0.7945  lr_backbone=4.44e-05  lr_head=4.44e-04  time=226.1s
  ✓ Saved best checkpoint  (val_r2=0.8572)
Epoch  18/60  train_loss=0.3570  train_r2=0.9191  val_loss=0.6560  val_r2=0.8515  val_rmse=0.8100  lr_backbone=4.34e-05  lr_head=4.34e-04  time=218.4s
Epoch  19/60  train_loss=0.3365  train_r2=0.9239  val_loss=0.6270  val_r2=0.8581  val_rmse=0.7918  lr_backbone=4.24e-05  lr_head=4.24e-04  time=206.3s
Epoch  20/60  train_loss=0.3155  train_r2=0.9285  val_loss=0.6423  val_r2=0.8547  val_rmse=0.8014  lr_backbone=4.14e-05  lr_head=4.14e-04  time=202.1s
Epoch  21/60  train_loss=0.3083  train_r2=0.9302  val_loss=0.6556  val_r2=0.8516  val_rmse=0.8097  lr_backbone=4.03e-05  lr_head=4.03e-04  time=233.1s
Epoch  22/60  train_loss=0.2964  train_r2=0.9329  val_loss=0.6355  val_r2=0.8562  val_rmse=0.7972  lr_backbone=3.91e-05  lr_head=3.91e-04  time=214.4s
Epoch  23/60  train_loss=0.2734  train_r2=0.9381  val_loss=0.6498  val_r2=0.8530  val_rmse=0.8061  lr_backbone=3.79e-05  lr_head=3.79e-04  time=223.6s
Epoch  24/60  train_loss=0.2673  train_r2=0.9395  val_loss=0.6260  val_r2=0.8583  val_rmse=0.7912  lr_backbone=3.67e-05  lr_head=3.67e-04  time=203.5s
  ✓ Saved best checkpoint  (val_r2=0.8583)
Epoch  25/60  train_loss=0.2492  train_r2=0.9436  val_loss=0.6485  val_r2=0.8532  val_rmse=0.8053  lr_backbone=3.54e-05  lr_head=3.54e-04  time=200.2s
Epoch  26/60  train_loss=0.2428  train_r2=0.9451  val_loss=0.6263  val_r2=0.8583  val_rmse=0.7914  lr_backbone=3.41e-05  lr_head=3.41e-04  time=214.1s
Epoch  27/60  train_loss=0.2294  train_r2=0.9481  val_loss=0.6237  val_r2=0.8588  val_rmse=0.7898  lr_backbone=3.28e-05  lr_head=3.27e-04  time=265.9s
Epoch  28/60  train_loss=0.2202  train_r2=0.9502  val_loss=0.6238  val_r2=0.8588  val_rmse=0.7898  lr_backbone=3.14e-05  lr_head=3.14e-04  time=252.5s
Epoch  29/60  train_loss=0.2161  train_r2=0.9512  val_loss=0.6081  val_r2=0.8624  val_rmse=0.7798  lr_backbone=3.00e-05  lr_head=3.00e-04  time=288.1s
  ✓ Saved best checkpoint  (val_r2=0.8624)
Epoch  30/60  train_loss=0.2026  train_r2=0.9541  val_loss=0.6209  val_r2=0.8595  val_rmse=0.7880  lr_backbone=2.86e-05  lr_head=2.86e-04  time=327.5s
Epoch  31/60  train_loss=0.1905  train_r2=0.9568  val_loss=0.6090  val_r2=0.8622  val_rmse=0.7804  lr_backbone=2.72e-05  lr_head=2.71e-04  time=272.7s
Epoch  32/60  train_loss=0.1871  train_r2=0.9576  val_loss=0.6074  val_r2=0.8626  val_rmse=0.7793  lr_backbone=2.58e-05  lr_head=2.57e-04  time=389.5s
Epoch  33/60  train_loss=0.1799  train_r2=0.9593  val_loss=0.6020  val_r2=0.8638  val_rmse=0.7759  lr_backbone=2.43e-05  lr_head=2.43e-04  time=791.0s
  ✓ Saved best checkpoint  (val_r2=0.8638)
Epoch  34/60  train_loss=0.1707  train_r2=0.9613  val_loss=0.6008  val_r2=0.8640  val_rmse=0.7751  lr_backbone=2.29e-05  lr_head=2.29e-04  time=416.1s
Epoch  35/60  train_loss=0.1704  train_r2=0.9615  val_loss=0.6275  val_r2=0.8580  val_rmse=0.7922  lr_backbone=2.15e-05  lr_head=2.14e-04  time=480.0s
Epoch  36/60  train_loss=0.1642  train_r2=0.9628  val_loss=0.6016  val_r2=0.8639  val_rmse=0.7756  lr_backbone=2.01e-05  lr_head=2.00e-04  time=261.5s
Epoch  37/60  train_loss=0.1601  train_r2=0.9638  val_loss=0.5963  val_r2=0.8651  val_rmse=0.7722  lr_backbone=1.87e-05  lr_head=1.87e-04  time=253.2s
  ✓ Saved best checkpoint  (val_r2=0.8651)
Epoch  38/60  train_loss=0.1518  train_r2=0.9656  val_loss=0.5880  val_r2=0.8669  val_rmse=0.7668  lr_backbone=1.73e-05  lr_head=1.73e-04  time=246.7s
  ✓ Saved best checkpoint  (val_r2=0.8669)
Epoch  39/60  train_loss=0.1478  train_r2=0.9665  val_loss=0.5872  val_r2=0.8671  val_rmse=0.7663  lr_backbone=1.60e-05  lr_head=1.59e-04  time=283.8s
Epoch  40/60  train_loss=0.1450  train_r2=0.9672  val_loss=0.5786  val_r2=0.8691  val_rmse=0.7607  lr_backbone=1.47e-05  lr_head=1.46e-04  time=273.6s
  ✓ Saved best checkpoint  (val_r2=0.8691)
Epoch  41/60  train_loss=0.1414  train_r2=0.9680  val_loss=0.5945  val_r2=0.8655  val_rmse=0.7710  lr_backbone=1.34e-05  lr_head=1.33e-04  time=268.1s
Epoch  42/60  train_loss=0.1349  train_r2=0.9695  val_loss=0.5862  val_r2=0.8673  val_rmse=0.7656  lr_backbone=1.22e-05  lr_head=1.21e-04  time=240.0s
Epoch  43/60  train_loss=0.1338  train_r2=0.9697  val_loss=0.5844  val_r2=0.8678  val_rmse=0.7645  lr_backbone=1.10e-05  lr_head=1.09e-04  time=273.3s
Epoch  44/60  train_loss=0.1279  train_r2=0.9710  val_loss=0.5880  val_r2=0.8669  val_rmse=0.7668  lr_backbone=9.81e-06  lr_head=9.74e-05  time=293.9s
Epoch  45/60  train_loss=0.1267  train_r2=0.9713  val_loss=0.5845  val_r2=0.8677  val_rmse=0.7645  lr_backbone=8.71e-06  lr_head=8.64e-05  time=239.3s
Epoch  46/60  train_loss=0.1235  train_r2=0.9720  val_loss=0.5792  val_r2=0.8689  val_rmse=0.7610  lr_backbone=7.66e-06  lr_head=7.59e-05  time=217.7s
Epoch  47/60  train_loss=0.1191  train_r2=0.9730  val_loss=0.5820  val_r2=0.8683  val_rmse=0.7629  lr_backbone=6.67e-06  lr_head=6.59e-05  time=212.6s
Epoch  48/60  train_loss=0.1140  train_r2=0.9742  val_loss=0.5768  val_r2=0.8695  val_rmse=0.7594  lr_backbone=5.74e-06  lr_head=5.66e-05  time=207.3s
Epoch  49/60  train_loss=0.1140  train_r2=0.9742  val_loss=0.5787  val_r2=0.8690  val_rmse=0.7607  lr_backbone=4.87e-06  lr_head=4.78e-05  time=201.6s
Epoch  50/60  train_loss=0.1137  train_r2=0.9743  val_loss=0.5788  val_r2=0.8690  val_rmse=0.7608  lr_backbone=4.06e-06  lr_head=3.98e-05  time=213.2s
Epoch  51/60  train_loss=0.1125  train_r2=0.9745  val_loss=0.5821  val_r2=0.8683  val_rmse=0.7629  lr_backbone=3.32e-06  lr_head=3.24e-05  time=215.8s
Epoch  52/60  train_loss=0.1107  train_r2=0.9750  val_loss=0.5774  val_r2=0.8693  val_rmse=0.7599  lr_backbone=2.66e-06  lr_head=2.57e-05  time=205.2s
  Early stopping triggered at epoch 52 (no improvement for 12 epochs).

Loading best checkpoint for test evaluation: /mnt/research-projects/j/jlgage/RawUAVData01/uavforslb/uav4slb/results/efficientnetv2_s_cv0/checkpoints/fold_2023/checkpoint_best.pt

======================================================================
TEST RESULTS — fold_2023
  R²   = 0.5838
  RMSE = 0.8903
  MAE  = 0.6815
======================================================================
Saved test predictions   → /mnt/research-projects/j/jlgage/RawUAVData01/uavforslb/uav4slb/results/efficientnetv2_s_cv0/predictions/fold_2023_test_predictions.csv
Saved training history   → /mnt/research-projects/j/jlgage/RawUAVData01/uavforslb/uav4slb/results/efficientnetv2_s_cv0/history/fold_2023_history.csv

======================================================================
FOLD 2: fold_2024  |  train=15113  val=2668  test=8290
======================================================================
Loaded 15113 samples from /tmp/slb_cv0_folds/train_42.csv
Loaded 2668 samples from /tmp/slb_cv0_folds/val_42.csv
Loaded 8290 samples from /tmp/slb_cv0_folds/test_42.csv
Loading pretrained weights from Hugging Face hub (timm/tf_efficientnetv2_s.in21k_ft_in1k)
HTTP Request: HEAD https://huggingface.co/timm/tf_efficientnetv2_s.in21k_ft_in1k/resolve/main/model.safetensors "HTTP/1.1 302 Found"
[timm/tf_efficientnetv2_s.in21k_ft_in1k] Safe alternative available for 'pytorch_model.bin' (as 'model.safetensors'). Loading weights using safetensors.
EfficientNet V2-S backbone loaded  |  pretrained=True  feature_dim=1280  params=20.2M
EfficientNet V2-S Regressor  |  total=20.5M  trainable=20.5M
Model : efficientnetv2_s  (20,505,681 params, 20,505,681 trainable)
Optimizer param groups  |  backbone_lr=5.0e-05  head_lr=5.0e-04  wd=5.00e-02  total_params=20.5M
Epoch   1/60  train_loss=2.8738  train_r2=0.1457  val_loss=0.9276  val_r2=0.7237  val_rmse=0.9631  lr_backbone=2.00e-05  lr_head=2.00e-04  time=121.0s
  ✓ Saved best checkpoint  (val_r2=0.7237)
Epoch   2/60  train_loss=1.0786  train_r2=0.6795  val_loss=0.7348  val_r2=0.7811  val_rmse=0.8572  lr_backbone=3.00e-05  lr_head=3.00e-04  time=148.4s
  ✓ Saved best checkpoint  (val_r2=0.7811)
Epoch   3/60  train_loss=0.9733  train_r2=0.7107  val_loss=0.7039  val_r2=0.7903  val_rmse=0.8390  lr_backbone=4.00e-05  lr_head=4.00e-04  time=149.5s
  ✓ Saved best checkpoint  (val_r2=0.7903)
Epoch   4/60  train_loss=0.8660  train_r2=0.7426  val_loss=0.6118  val_r2=0.8178  val_rmse=0.7821  lr_backbone=5.00e-05  lr_head=5.00e-04  time=143.7s
  ✓ Saved best checkpoint  (val_r2=0.8178)
Epoch   5/60  train_loss=0.8245  train_r2=0.7550  val_loss=0.6183  val_r2=0.8158  val_rmse=0.7863  lr_backbone=5.00e-05  lr_head=5.00e-04  time=143.0s
Epoch   6/60  train_loss=0.7590  train_r2=0.7747  val_loss=0.7889  val_r2=0.7650  val_rmse=0.8882  lr_backbone=5.00e-05  lr_head=5.00e-04  time=158.8s
Epoch   7/60  train_loss=0.7174  train_r2=0.7871  val_loss=0.7903  val_r2=0.7646  val_rmse=0.8890  lr_backbone=4.98e-05  lr_head=4.98e-04  time=146.5s
Epoch   8/60  train_loss=0.6794  train_r2=0.7983  val_loss=0.5849  val_r2=0.8258  val_rmse=0.7648  lr_backbone=4.96e-05  lr_head=4.96e-04  time=150.6s
  ✓ Saved best checkpoint  (val_r2=0.8258)
Epoch   9/60  train_loss=0.6221  train_r2=0.8151  val_loss=0.5799  val_r2=0.8273  val_rmse=0.7615  lr_backbone=4.94e-05  lr_head=4.94e-04  time=147.3s
  ✓ Saved best checkpoint  (val_r2=0.8273)
Epoch  10/60  train_loss=0.5714  train_r2=0.8302  val_loss=0.5488  val_r2=0.8365  val_rmse=0.7408  lr_backbone=4.90e-05  lr_head=4.90e-04  time=150.9s
  ✓ Saved best checkpoint  (val_r2=0.8365)
Epoch  11/60  train_loss=0.5322  train_r2=0.8424  val_loss=0.8439  val_r2=0.7486  val_rmse=0.9186  lr_backbone=4.85e-05  lr_head=4.85e-04  time=147.9s
Epoch  12/60  train_loss=0.5035  train_r2=0.8505  val_loss=0.5827  val_r2=0.8264  val_rmse=0.7633  lr_backbone=4.80e-05  lr_head=4.80e-04  time=152.7s
Epoch  13/60  train_loss=0.4613  train_r2=0.8629  val_loss=0.5618  val_r2=0.8327  val_rmse=0.7495  lr_backbone=4.74e-05  lr_head=4.74e-04  time=147.6s
Epoch  14/60  train_loss=0.4489  train_r2=0.8666  val_loss=0.5372  val_r2=0.8400  val_rmse=0.7330  lr_backbone=4.68e-05  lr_head=4.68e-04  time=394.2s
  ✓ Saved best checkpoint  (val_r2=0.8400)
Epoch  15/60  train_loss=0.3953  train_r2=0.8826  val_loss=0.5256  val_r2=0.8435  val_rmse=0.7250  lr_backbone=4.60e-05  lr_head=4.60e-04  time=154.2s
  ✓ Saved best checkpoint  (val_r2=0.8435)
Epoch  16/60  train_loss=0.3774  train_r2=0.8879  val_loss=0.5374  val_r2=0.8399  val_rmse=0.7331  lr_backbone=4.52e-05  lr_head=4.52e-04  time=142.1s
Epoch  17/60  train_loss=0.3554  train_r2=0.8945  val_loss=0.5908  val_r2=0.8240  val_rmse=0.7687  lr_backbone=4.44e-05  lr_head=4.44e-04  time=145.8s
Epoch  18/60  train_loss=0.3337  train_r2=0.9008  val_loss=0.5242  val_r2=0.8438  val_rmse=0.7240  lr_backbone=4.34e-05  lr_head=4.34e-04  time=140.7s
Epoch  19/60  train_loss=0.3169  train_r2=0.9059  val_loss=0.5324  val_r2=0.8414  val_rmse=0.7297  lr_backbone=4.24e-05  lr_head=4.24e-04  time=141.4s
Epoch  20/60  train_loss=0.2910  train_r2=0.9139  val_loss=0.5532  val_r2=0.8352  val_rmse=0.7438  lr_backbone=4.14e-05  lr_head=4.14e-04  time=142.4s
Epoch  21/60  train_loss=0.2813  train_r2=0.9164  val_loss=0.5457  val_r2=0.8375  val_rmse=0.7387  lr_backbone=4.03e-05  lr_head=4.03e-04  time=142.4s
Epoch  22/60  train_loss=0.2697  train_r2=0.9200  val_loss=0.5216  val_r2=0.8446  val_rmse=0.7222  lr_backbone=3.91e-05  lr_head=3.91e-04  time=141.4s
  ✓ Saved best checkpoint  (val_r2=0.8446)
Epoch  23/60  train_loss=0.2542  train_r2=0.9244  val_loss=0.5349  val_r2=0.8407  val_rmse=0.7314  lr_backbone=3.79e-05  lr_head=3.79e-04  time=141.3s
Epoch  24/60  train_loss=0.2439  train_r2=0.9276  val_loss=0.5030  val_r2=0.8502  val_rmse=0.7092  lr_backbone=3.67e-05  lr_head=3.67e-04  time=141.4s
  ✓ Saved best checkpoint  (val_r2=0.8502)
Epoch  25/60  train_loss=0.2399  train_r2=0.9288  val_loss=0.5425  val_r2=0.8384  val_rmse=0.7366  lr_backbone=3.54e-05  lr_head=3.54e-04  time=142.9s
Epoch  26/60  train_loss=0.2257  train_r2=0.9330  val_loss=0.5276  val_r2=0.8428  val_rmse=0.7264  lr_backbone=3.41e-05  lr_head=3.41e-04  time=139.5s
Epoch  27/60  train_loss=0.2132  train_r2=0.9367  val_loss=0.5165  val_r2=0.8461  val_rmse=0.7187  lr_backbone=3.28e-05  lr_head=3.27e-04  time=142.7s
Epoch  28/60  train_loss=0.2086  train_r2=0.9380  val_loss=0.5046  val_r2=0.8497  val_rmse=0.7104  lr_backbone=3.14e-05  lr_head=3.14e-04  time=140.2s
Epoch  29/60  train_loss=0.1956  train_r2=0.9420  val_loss=0.5076  val_r2=0.8488  val_rmse=0.7124  lr_backbone=3.00e-05  lr_head=3.00e-04  time=141.1s
Epoch  30/60  train_loss=0.1904  train_r2=0.9434  val_loss=0.4983  val_r2=0.8516  val_rmse=0.7059  lr_backbone=2.86e-05  lr_head=2.86e-04  time=142.2s
  ✓ Saved best checkpoint  (val_r2=0.8516)
Epoch  31/60  train_loss=0.1863  train_r2=0.9447  val_loss=0.5235  val_r2=0.8441  val_rmse=0.7235  lr_backbone=2.72e-05  lr_head=2.71e-04  time=140.2s
Epoch  32/60  train_loss=0.1768  train_r2=0.9474  val_loss=0.4999  val_r2=0.8511  val_rmse=0.7071  lr_backbone=2.58e-05  lr_head=2.57e-04  time=138.7s
Epoch  33/60  train_loss=0.1702  train_r2=0.9494  val_loss=0.5008  val_r2=0.8508  val_rmse=0.7077  lr_backbone=2.43e-05  lr_head=2.43e-04  time=141.3s
Epoch  34/60  train_loss=0.1686  train_r2=0.9500  val_loss=0.4962  val_r2=0.8522  val_rmse=0.7044  lr_backbone=2.29e-05  lr_head=2.29e-04  time=141.8s
Epoch  35/60  train_loss=0.1629  train_r2=0.9517  val_loss=0.5268  val_r2=0.8431  val_rmse=0.7258  lr_backbone=2.15e-05  lr_head=2.14e-04  time=141.4s
Epoch  36/60  train_loss=0.1610  train_r2=0.9522  val_loss=0.4903  val_r2=0.8539  val_rmse=0.7002  lr_backbone=2.01e-05  lr_head=2.00e-04  time=140.6s
  ✓ Saved best checkpoint  (val_r2=0.8539)
Epoch  37/60  train_loss=0.1481  train_r2=0.9560  val_loss=0.5108  val_r2=0.8478  val_rmse=0.7147  lr_backbone=1.87e-05  lr_head=1.87e-04  time=140.1s
Epoch  38/60  train_loss=0.1472  train_r2=0.9563  val_loss=0.4958  val_r2=0.8523  val_rmse=0.7041  lr_backbone=1.73e-05  lr_head=1.73e-04  time=140.4s
Epoch  39/60  train_loss=0.1405  train_r2=0.9583  val_loss=0.4924  val_r2=0.8533  val_rmse=0.7017  lr_backbone=1.60e-05  lr_head=1.59e-04  time=141.4s
Epoch  40/60  train_loss=0.1392  train_r2=0.9586  val_loss=0.4914  val_r2=0.8536  val_rmse=0.7010  lr_backbone=1.47e-05  lr_head=1.46e-04  time=142.1s
Epoch  41/60  train_loss=0.1348  train_r2=0.9599  val_loss=0.4876  val_r2=0.8548  val_rmse=0.6983  lr_backbone=1.34e-05  lr_head=1.33e-04  time=142.5s
Epoch  42/60  train_loss=0.1370  train_r2=0.9593  val_loss=0.4921  val_r2=0.8534  val_rmse=0.7015  lr_backbone=1.22e-05  lr_head=1.21e-04  time=138.4s
Epoch  43/60  train_loss=0.1260  train_r2=0.9626  val_loss=0.4874  val_r2=0.8548  val_rmse=0.6981  lr_backbone=1.10e-05  lr_head=1.09e-04  time=141.0s
Epoch  44/60  train_loss=0.1249  train_r2=0.9630  val_loss=0.4836  val_r2=0.8560  val_rmse=0.6954  lr_backbone=9.81e-06  lr_head=9.74e-05  time=143.5s
  ✓ Saved best checkpoint  (val_r2=0.8560)
Epoch  45/60  train_loss=0.1239  train_r2=0.9632  val_loss=0.5006  val_r2=0.8509  val_rmse=0.7075  lr_backbone=8.71e-06  lr_head=8.64e-05  time=143.0s
Epoch  46/60  train_loss=0.1176  train_r2=0.9651  val_loss=0.4871  val_r2=0.8549  val_rmse=0.6979  lr_backbone=7.66e-06  lr_head=7.59e-05  time=139.5s
Epoch  47/60  train_loss=0.1182  train_r2=0.9649  val_loss=0.4826  val_r2=0.8563  val_rmse=0.6947  lr_backbone=6.67e-06  lr_head=6.59e-05  time=144.3s
Epoch  48/60  train_loss=0.1149  train_r2=0.9659  val_loss=0.4870  val_r2=0.8549  val_rmse=0.6978  lr_backbone=5.74e-06  lr_head=5.66e-05  time=147.1s
Epoch  49/60  train_loss=0.1159  train_r2=0.9656  val_loss=0.4830  val_r2=0.8561  val_rmse=0.6950  lr_backbone=4.87e-06  lr_head=4.78e-05  time=145.3s
Epoch  50/60  train_loss=0.1121  train_r2=0.9669  val_loss=0.4827  val_r2=0.8562  val_rmse=0.6948  lr_backbone=4.06e-06  lr_head=3.98e-05  time=143.1s
Epoch  51/60  train_loss=0.1086  train_r2=0.9678  val_loss=0.4825  val_r2=0.8563  val_rmse=0.6946  lr_backbone=3.32e-06  lr_head=3.24e-05  time=142.8s
Epoch  52/60  train_loss=0.1095  train_r2=0.9675  val_loss=0.4815  val_r2=0.8566  val_rmse=0.6939  lr_backbone=2.66e-06  lr_head=2.57e-05  time=140.0s
Epoch  53/60  train_loss=0.1070  train_r2=0.9682  val_loss=0.4806  val_r2=0.8568  val_rmse=0.6932  lr_backbone=2.07e-06  lr_head=1.98e-05  time=142.4s
Epoch  54/60  train_loss=0.1065  train_r2=0.9684  val_loss=0.4808  val_r2=0.8568  val_rmse=0.6934  lr_backbone=1.55e-06  lr_head=1.46e-05  time=142.4s
Epoch  55/60  train_loss=0.1053  train_r2=0.9687  val_loss=0.4816  val_r2=0.8565  val_rmse=0.6940  lr_backbone=1.11e-06  lr_head=1.02e-05  time=143.9s
Epoch  56/60  train_loss=0.1043  train_r2=0.9690  val_loss=0.4808  val_r2=0.8568  val_rmse=0.6934  lr_backbone=7.48e-07  lr_head=6.60e-06  time=143.0s
  Early stopping triggered at epoch 56 (no improvement for 12 epochs).

Loading best checkpoint for test evaluation: /mnt/research-projects/j/jlgage/RawUAVData01/uavforslb/uav4slb/results/efficientnetv2_s_cv0/checkpoints/fold_2024/checkpoint_best.pt

======================================================================
TEST RESULTS — fold_2024
  R²   = 0.5855
  RMSE = 1.5790
  MAE  = 1.2690
======================================================================
Saved test predictions   → /mnt/research-projects/j/jlgage/RawUAVData01/uavforslb/uav4slb/results/efficientnetv2_s_cv0/predictions/fold_2024_test_predictions.csv
Saved training history   → /mnt/research-projects/j/jlgage/RawUAVData01/uavforslb/uav4slb/results/efficientnetv2_s_cv0/history/fold_2024_history.csv

======================================================================
FOLD 3: fold_2025  |  train=9257  val=1634  test=15180
======================================================================
Loaded 9257 samples from /tmp/slb_cv0_folds/train_42.csv
Loaded 1634 samples from /tmp/slb_cv0_folds/val_42.csv
Loaded 15180 samples from /tmp/slb_cv0_folds/test_42.csv
Loading pretrained weights from Hugging Face hub (timm/tf_efficientnetv2_s.in21k_ft_in1k)
HTTP Request: HEAD https://huggingface.co/timm/tf_efficientnetv2_s.in21k_ft_in1k/resolve/main/model.safetensors "HTTP/1.1 302 Found"
[timm/tf_efficientnetv2_s.in21k_ft_in1k] Safe alternative available for 'pytorch_model.bin' (as 'model.safetensors'). Loading weights using safetensors.
EfficientNet V2-S backbone loaded  |  pretrained=True  feature_dim=1280  params=20.2M
EfficientNet V2-S Regressor  |  total=20.5M  trainable=20.5M
Model : efficientnetv2_s  (20,505,681 params, 20,505,681 trainable)
Optimizer param groups  |  backbone_lr=5.0e-05  head_lr=5.0e-04  wd=5.00e-02  total_params=20.5M
Epoch   1/60  train_loss=5.1738  train_r2=-0.0190  val_loss=1.5421  val_r2=0.6983  val_rmse=1.2418  lr_backbone=2.00e-05  lr_head=2.00e-04  time=73.2s
  ✓ Saved best checkpoint  (val_r2=0.6983)
Epoch   2/60  train_loss=1.7318  train_r2=0.6589  val_loss=1.1009  val_r2=0.7846  val_rmse=1.0492  lr_backbone=3.00e-05  lr_head=3.00e-04  time=73.1s
  ✓ Saved best checkpoint  (val_r2=0.7846)
Epoch   3/60  train_loss=1.4973  train_r2=0.7067  val_loss=0.9624  val_r2=0.8117  val_rmse=0.9810  lr_backbone=4.00e-05  lr_head=4.00e-04  time=74.2s
  ✓ Saved best checkpoint  (val_r2=0.8117)
Epoch   4/60  train_loss=1.3586  train_r2=0.7324  val_loss=0.8940  val_r2=0.8251  val_rmse=0.9455  lr_backbone=5.00e-05  lr_head=5.00e-04  time=73.2s
  ✓ Saved best checkpoint  (val_r2=0.8251)
Epoch   5/60  train_loss=1.1863  train_r2=0.7669  val_loss=0.8556  val_r2=0.8326  val_rmse=0.9250  lr_backbone=5.00e-05  lr_head=5.00e-04  time=73.0s
  ✓ Saved best checkpoint  (val_r2=0.8326)
Epoch   6/60  train_loss=1.0882  train_r2=0.7861  val_loss=0.8470  val_r2=0.8343  val_rmse=0.9204  lr_backbone=5.00e-05  lr_head=5.00e-04  time=73.1s
  ✓ Saved best checkpoint  (val_r2=0.8343)
Epoch   7/60  train_loss=1.0431  train_r2=0.7947  val_loss=0.8236  val_r2=0.8389  val_rmse=0.9075  lr_backbone=4.98e-05  lr_head=4.98e-04  time=73.2s
  ✓ Saved best checkpoint  (val_r2=0.8389)
Epoch   8/60  train_loss=0.9587  train_r2=0.8114  val_loss=0.8243  val_r2=0.8387  val_rmse=0.9079  lr_backbone=4.96e-05  lr_head=4.96e-04  time=73.0s
Epoch   9/60  train_loss=0.8947  train_r2=0.8245  val_loss=0.8475  val_r2=0.8342  val_rmse=0.9206  lr_backbone=4.94e-05  lr_head=4.94e-04  time=73.9s
Epoch  10/60  train_loss=0.7799  train_r2=0.8465  val_loss=0.7669  val_r2=0.8500  val_rmse=0.8758  lr_backbone=4.90e-05  lr_head=4.90e-04  time=73.2s
  ✓ Saved best checkpoint  (val_r2=0.8500)
Epoch  11/60  train_loss=0.7630  train_r2=0.8503  val_loss=0.9214  val_r2=0.8198  val_rmse=0.9599  lr_backbone=4.85e-05  lr_head=4.85e-04  time=73.6s
Epoch  12/60  train_loss=0.7146  train_r2=0.8599  val_loss=0.8323  val_r2=0.8372  val_rmse=0.9123  lr_backbone=4.80e-05  lr_head=4.80e-04  time=73.2s
Epoch  13/60  train_loss=0.6777  train_r2=0.8669  val_loss=0.7408  val_r2=0.8551  val_rmse=0.8607  lr_backbone=4.74e-05  lr_head=4.74e-04  time=73.4s
  ✓ Saved best checkpoint  (val_r2=0.8551)
Epoch  14/60  train_loss=0.6070  train_r2=0.8810  val_loss=0.7524  val_r2=0.8528  val_rmse=0.8674  lr_backbone=4.68e-05  lr_head=4.68e-04  time=73.5s
Epoch  15/60  train_loss=0.5897  train_r2=0.8843  val_loss=0.7945  val_r2=0.8446  val_rmse=0.8913  lr_backbone=4.60e-05  lr_head=4.60e-04  time=75.0s
Epoch  16/60  train_loss=0.5564  train_r2=0.8908  val_loss=0.7488  val_r2=0.8535  val_rmse=0.8653  lr_backbone=4.52e-05  lr_head=4.52e-04  time=73.2s
Epoch  17/60  train_loss=0.5459  train_r2=0.8930  val_loss=0.7105  val_r2=0.8610  val_rmse=0.8429  lr_backbone=4.44e-05  lr_head=4.44e-04  time=70.7s
  ✓ Saved best checkpoint  (val_r2=0.8610)
Epoch  18/60  train_loss=0.4965  train_r2=0.9027  val_loss=0.7559  val_r2=0.8521  val_rmse=0.8695  lr_backbone=4.34e-05  lr_head=4.34e-04  time=73.6s
Epoch  19/60  train_loss=0.4609  train_r2=0.9092  val_loss=0.7607  val_r2=0.8512  val_rmse=0.8722  lr_backbone=4.24e-05  lr_head=4.24e-04  time=73.3s
Epoch  20/60  train_loss=0.4595  train_r2=0.9097  val_loss=0.7190  val_r2=0.8593  val_rmse=0.8480  lr_backbone=4.14e-05  lr_head=4.14e-04  time=71.2s
Epoch  21/60  train_loss=0.4318  train_r2=0.9151  val_loss=0.7767  val_r2=0.8481  val_rmse=0.8813  lr_backbone=4.03e-05  lr_head=4.03e-04  time=70.4s
Epoch  22/60  train_loss=0.4035  train_r2=0.9207  val_loss=0.7321  val_r2=0.8568  val_rmse=0.8557  lr_backbone=3.91e-05  lr_head=3.91e-04  time=75.8s
Epoch  23/60  train_loss=0.4004  train_r2=0.9214  val_loss=0.7141  val_r2=0.8603  val_rmse=0.8450  lr_backbone=3.79e-05  lr_head=3.79e-04  time=75.5s
Epoch  24/60  train_loss=0.3684  train_r2=0.9275  val_loss=0.7077  val_r2=0.8616  val_rmse=0.8412  lr_backbone=3.67e-05  lr_head=3.67e-04  time=76.9s
Epoch  25/60  train_loss=0.3602  train_r2=0.9292  val_loss=0.7016  val_r2=0.8628  val_rmse=0.8376  lr_backbone=3.54e-05  lr_head=3.54e-04  time=72.9s
  ✓ Saved best checkpoint  (val_r2=0.8628)
Epoch  26/60  train_loss=0.3317  train_r2=0.9348  val_loss=0.6875  val_r2=0.8655  val_rmse=0.8292  lr_backbone=3.41e-05  lr_head=3.41e-04  time=72.4s
  ✓ Saved best checkpoint  (val_r2=0.8655)
Epoch  27/60  train_loss=0.3344  train_r2=0.9345  val_loss=0.6967  val_r2=0.8637  val_rmse=0.8347  lr_backbone=3.28e-05  lr_head=3.27e-04  time=73.6s
Epoch  28/60  train_loss=0.3148  train_r2=0.9382  val_loss=0.6917  val_r2=0.8647  val_rmse=0.8317  lr_backbone=3.14e-05  lr_head=3.14e-04  time=73.3s
Epoch  29/60  train_loss=0.3095  train_r2=0.9391  val_loss=0.7144  val_r2=0.8602  val_rmse=0.8452  lr_backbone=3.00e-05  lr_head=3.00e-04  time=72.3s
Epoch  30/60  train_loss=0.2983  train_r2=0.9415  val_loss=0.7029  val_r2=0.8625  val_rmse=0.8384  lr_backbone=2.86e-05  lr_head=2.86e-04  time=72.4s
Epoch  31/60  train_loss=0.2783  train_r2=0.9454  val_loss=0.7014  val_r2=0.8628  val_rmse=0.8375  lr_backbone=2.72e-05  lr_head=2.71e-04  time=72.0s
Epoch  32/60  train_loss=0.2705  train_r2=0.9467  val_loss=0.7301  val_r2=0.8572  val_rmse=0.8544  lr_backbone=2.58e-05  lr_head=2.57e-04  time=70.9s
Epoch  33/60  train_loss=0.2715  train_r2=0.9466  val_loss=0.7005  val_r2=0.8630  val_rmse=0.8369  lr_backbone=2.43e-05  lr_head=2.43e-04  time=73.2s
Epoch  34/60  train_loss=0.2548  train_r2=0.9499  val_loss=0.6885  val_r2=0.8653  val_rmse=0.8298  lr_backbone=2.29e-05  lr_head=2.29e-04  time=73.8s
Epoch  35/60  train_loss=0.2496  train_r2=0.9510  val_loss=0.7240  val_r2=0.8584  val_rmse=0.8509  lr_backbone=2.15e-05  lr_head=2.14e-04  time=74.2s
Epoch  36/60  train_loss=0.2354  train_r2=0.9537  val_loss=0.6773  val_r2=0.8675  val_rmse=0.8230  lr_backbone=2.01e-05  lr_head=2.00e-04  time=73.6s
  ✓ Saved best checkpoint  (val_r2=0.8675)
Epoch  37/60  train_loss=0.2313  train_r2=0.9546  val_loss=0.6945  val_r2=0.8641  val_rmse=0.8334  lr_backbone=1.87e-05  lr_head=1.87e-04  time=72.9s
Epoch  38/60  train_loss=0.2207  train_r2=0.9566  val_loss=0.6852  val_r2=0.8660  val_rmse=0.8278  lr_backbone=1.73e-05  lr_head=1.73e-04  time=73.7s
Epoch  39/60  train_loss=0.2112  train_r2=0.9585  val_loss=0.6730  val_r2=0.8683  val_rmse=0.8204  lr_backbone=1.60e-05  lr_head=1.59e-04  time=76.8s
Epoch  40/60  train_loss=0.2010  train_r2=0.9606  val_loss=0.6639  val_r2=0.8701  val_rmse=0.8148  lr_backbone=1.47e-05  lr_head=1.46e-04  time=77.0s
  ✓ Saved best checkpoint  (val_r2=0.8701)
Epoch  41/60  train_loss=0.2020  train_r2=0.9604  val_loss=0.6849  val_r2=0.8660  val_rmse=0.8276  lr_backbone=1.34e-05  lr_head=1.33e-04  time=91.8s
Epoch  42/60  train_loss=0.1936  train_r2=0.9620  val_loss=0.6531  val_r2=0.8722  val_rmse=0.8081  lr_backbone=1.22e-05  lr_head=1.21e-04  time=74.8s
  ✓ Saved best checkpoint  (val_r2=0.8722)
Epoch  43/60  train_loss=0.1878  train_r2=0.9632  val_loss=0.6602  val_r2=0.8708  val_rmse=0.8126  lr_backbone=1.10e-05  lr_head=1.09e-04  time=73.0s
Epoch  44/60  train_loss=0.1911  train_r2=0.9624  val_loss=0.6635  val_r2=0.8702  val_rmse=0.8146  lr_backbone=9.81e-06  lr_head=9.74e-05  time=76.2s
Epoch  45/60  train_loss=0.1735  train_r2=0.9659  val_loss=0.6611  val_r2=0.8707  val_rmse=0.8131  lr_backbone=8.71e-06  lr_head=8.64e-05  time=74.5s
Epoch  46/60  train_loss=0.1799  train_r2=0.9651  val_loss=0.6761  val_r2=0.8677  val_rmse=0.8223  lr_backbone=7.66e-06  lr_head=7.59e-05  time=74.7s
Epoch  47/60  train_loss=0.1739  train_r2=0.9658  val_loss=0.6555  val_r2=0.8718  val_rmse=0.8096  lr_backbone=6.67e-06  lr_head=6.59e-05  time=79.8s
Epoch  48/60  train_loss=0.1712  train_r2=0.9664  val_loss=0.6582  val_r2=0.8712  val_rmse=0.8113  lr_backbone=5.74e-06  lr_head=5.66e-05  time=81.6s
Epoch  49/60  train_loss=0.1730  train_r2=0.9659  val_loss=0.6628  val_r2=0.8703  val_rmse=0.8141  lr_backbone=4.87e-06  lr_head=4.78e-05  time=79.7s
Epoch  50/60  train_loss=0.1664  train_r2=0.9673  val_loss=0.6585  val_r2=0.8712  val_rmse=0.8115  lr_backbone=4.06e-06  lr_head=3.98e-05  time=80.9s
Epoch  51/60  train_loss=0.1677  train_r2=0.9672  val_loss=0.6611  val_r2=0.8707  val_rmse=0.8131  lr_backbone=3.32e-06  lr_head=3.24e-05  time=81.3s
Epoch  52/60  train_loss=0.1616  train_r2=0.9682  val_loss=0.6520  val_r2=0.8724  val_rmse=0.8075  lr_backbone=2.66e-06  lr_head=2.57e-05  time=79.8s
Epoch  53/60  train_loss=0.1656  train_r2=0.9675  val_loss=0.6528  val_r2=0.8723  val_rmse=0.8080  lr_backbone=2.07e-06  lr_head=1.98e-05  time=76.7s
Epoch  54/60  train_loss=0.1561  train_r2=0.9693  val_loss=0.6580  val_r2=0.8713  val_rmse=0.8112  lr_backbone=1.55e-06  lr_head=1.46e-05  time=76.1s
  Early stopping triggered at epoch 54 (no improvement for 12 epochs).

Loading best checkpoint for test evaluation: /mnt/research-projects/j/jlgage/RawUAVData01/uavforslb/uav4slb/results/efficientnetv2_s_cv0/checkpoints/fold_2025/checkpoint_best.pt

======================================================================
TEST RESULTS — fold_2025
  R²   = 0.6881
  RMSE = 1.0483
  MAE  = 0.8322
======================================================================
Saved test predictions   → /mnt/research-projects/j/jlgage/RawUAVData01/uavforslb/uav4slb/results/efficientnetv2_s_cv0/predictions/fold_2025_test_predictions.csv
Saved training history   → /mnt/research-projects/j/jlgage/RawUAVData01/uavforslb/uav4slb/results/efficientnetv2_s_cv0/history/fold_2025_history.csv

======================================================================
CV0 SUMMARY — efficientnetv2_s
======================================================================

  Mean Val  R²   = 0.8657 ± 0.0086
  Mean Test R²   = 0.6191 ± 0.0597
  Mean Test RMSE = 1.1726 ± 0.3608
  Mean Test MAE  = 0.9276

✓ Results saved → /mnt/research-projects/j/jlgage/RawUAVData01/uavforslb/uav4slb/results/efficientnetv2_s_cv0
