======================================================================
eva02_base — CV0 Leave-One-Year-Out Training
======================================================================
Config      : configs_downsample/eva02_base_cv0.yaml
Output dir  : /mnt/research-projects/j/jlgage/RawUAVData01/uavforslb/uav4slb/downsample_results/eva02_base_cv0
Device      : cuda:2
Image size  : [448, 448]
Batch size  : 16
Max epochs  : 60
AMP         : True  dtype=bfloat16
Mode        : fresh training from pretrained weights
Found 3 CV0 fold(s): ['fold_2023', 'fold_2024', 'fold_2025']

======================================================================
FOLD 1: fold_2023  |  train=4421  val=781  test=2601
======================================================================
Loaded 4421 samples from /tmp/slb_cv0_folds/train_42.csv
Loaded 781 samples from /tmp/slb_cv0_folds/val_42.csv
Loaded 2601 samples from /tmp/slb_cv0_folds/test_42.csv
Loading pretrained weights from Hugging Face hub (timm/eva02_base_patch14_448.mim_in22k_ft_in22k_in1k)
HTTP Request: HEAD https://huggingface.co/timm/eva02_base_patch14_448.mim_in22k_ft_in22k_in1k/resolve/main/model.safetensors "HTTP/1.1 302 Found"
Warning: You are sending unauthenticated requests to the HF Hub. Please set a HF_TOKEN to enable higher rate limits and faster downloads.
[timm/eva02_base_patch14_448.mim_in22k_ft_in22k_in1k] Safe alternative available for 'pytorch_model.bin' (as 'model.safetensors'). Loading weights using safetensors.
EVA-02-B backbone loaded  |  pretrained=True  feature_dim=768  params=86.3M
EVA-02-B Regressor  |  total=86.5M  trainable=86.5M
Model : eva02_base  (86,545,665 params, 86,545,665 trainable)
Optimizer param groups  |  backbone_lr=2.0e-05  head_lr=2.0e-04  wd=5.00e-02  total_params=86.5M
Epoch   1/60  train_loss=3.5118  train_r2=0.2714  val_loss=0.9479  val_r2=0.8000  val_rmse=0.9736  lr_backbone=8.00e-06  lr_head=8.00e-05  time=104.6s
  ✓ Saved best checkpoint  (val_r2=0.8000)
Epoch   2/60  train_loss=1.2043  train_r2=0.7504  val_loss=1.0032  val_r2=0.7884  val_rmse=1.0016  lr_backbone=1.20e-05  lr_head=1.20e-04  time=55.8s
Epoch   3/60  train_loss=1.0672  train_r2=0.7785  val_loss=0.8175  val_r2=0.8275  val_rmse=0.9042  lr_backbone=1.60e-05  lr_head=1.60e-04  time=55.7s
  ✓ Saved best checkpoint  (val_r2=0.8275)
Epoch   4/60  train_loss=0.9885  train_r2=0.7954  val_loss=0.8308  val_r2=0.8248  val_rmse=0.9115  lr_backbone=2.00e-05  lr_head=2.00e-04  time=56.2s
Epoch   5/60  train_loss=0.9646  train_r2=0.8004  val_loss=0.7942  val_r2=0.8325  val_rmse=0.8912  lr_backbone=2.00e-05  lr_head=2.00e-04  time=55.8s
  ✓ Saved best checkpoint  (val_r2=0.8325)
Epoch   6/60  train_loss=0.8546  train_r2=0.8230  val_loss=0.9661  val_r2=0.7962  val_rmse=0.9829  lr_backbone=2.00e-05  lr_head=2.00e-04  time=55.7s
Epoch   7/60  train_loss=0.7778  train_r2=0.8392  val_loss=0.8770  val_r2=0.8150  val_rmse=0.9365  lr_backbone=1.99e-05  lr_head=1.99e-04  time=55.7s
Epoch   8/60  train_loss=0.7904  train_r2=0.8361  val_loss=1.8375  val_r2=0.6124  val_rmse=1.3555  lr_backbone=1.99e-05  lr_head=1.99e-04  time=55.3s
Epoch   9/60  train_loss=0.7245  train_r2=0.8500  val_loss=0.8146  val_r2=0.8282  val_rmse=0.9025  lr_backbone=1.97e-05  lr_head=1.97e-04  time=54.3s
Epoch  10/60  train_loss=0.6316  train_r2=0.8689  val_loss=0.9108  val_r2=0.8079  val_rmse=0.9544  lr_backbone=1.96e-05  lr_head=1.96e-04  time=56.1s
Epoch  11/60  train_loss=0.6075  train_r2=0.8740  val_loss=0.8754  val_r2=0.8153  val_rmse=0.9356  lr_backbone=1.94e-05  lr_head=1.94e-04  time=55.4s
Epoch  12/60  train_loss=0.5938  train_r2=0.8773  val_loss=0.8625  val_r2=0.8181  val_rmse=0.9287  lr_backbone=1.92e-05  lr_head=1.92e-04  time=55.7s
Epoch  13/60  train_loss=0.5277  train_r2=0.8908  val_loss=0.7664  val_r2=0.8383  val_rmse=0.8754  lr_backbone=1.90e-05  lr_head=1.90e-04  time=55.3s
  ✓ Saved best checkpoint  (val_r2=0.8383)
Epoch  14/60  train_loss=0.5204  train_r2=0.8926  val_loss=0.8312  val_r2=0.8247  val_rmse=0.9117  lr_backbone=1.87e-05  lr_head=1.87e-04  time=55.1s
Epoch  15/60  train_loss=0.4745  train_r2=0.9016  val_loss=0.8688  val_r2=0.8167  val_rmse=0.9321  lr_backbone=1.84e-05  lr_head=1.84e-04  time=55.2s
Epoch  16/60  train_loss=0.4538  train_r2=0.9059  val_loss=0.7956  val_r2=0.8322  val_rmse=0.8919  lr_backbone=1.81e-05  lr_head=1.81e-04  time=55.9s
Epoch  17/60  train_loss=0.4253  train_r2=0.9121  val_loss=0.9832  val_r2=0.7926  val_rmse=0.9916  lr_backbone=1.78e-05  lr_head=1.77e-04  time=56.0s
Epoch  18/60  train_loss=0.4278  train_r2=0.9113  val_loss=0.8567  val_r2=0.8193  val_rmse=0.9256  lr_backbone=1.74e-05  lr_head=1.74e-04  time=55.2s
Epoch  19/60  train_loss=0.4024  train_r2=0.9165  val_loss=0.7436  val_r2=0.8431  val_rmse=0.8623  lr_backbone=1.70e-05  lr_head=1.70e-04  time=55.4s
  ✓ Saved best checkpoint  (val_r2=0.8431)
Epoch  20/60  train_loss=0.3741  train_r2=0.9223  val_loss=0.7487  val_r2=0.8421  val_rmse=0.8652  lr_backbone=1.66e-05  lr_head=1.66e-04  time=54.9s
Epoch  21/60  train_loss=0.3710  train_r2=0.9232  val_loss=0.6914  val_r2=0.8541  val_rmse=0.8315  lr_backbone=1.61e-05  lr_head=1.61e-04  time=55.3s
  ✓ Saved best checkpoint  (val_r2=0.8541)
Epoch  22/60  train_loss=0.3364  train_r2=0.9303  val_loss=0.7733  val_r2=0.8369  val_rmse=0.8794  lr_backbone=1.57e-05  lr_head=1.56e-04  time=54.5s
Epoch  23/60  train_loss=0.3366  train_r2=0.9303  val_loss=0.8667  val_r2=0.8172  val_rmse=0.9310  lr_backbone=1.52e-05  lr_head=1.52e-04  time=54.4s
Epoch  24/60  train_loss=0.3185  train_r2=0.9340  val_loss=0.7252  val_r2=0.8470  val_rmse=0.8516  lr_backbone=1.47e-05  lr_head=1.47e-04  time=55.6s
Epoch  25/60  train_loss=0.3043  train_r2=0.9369  val_loss=0.7762  val_r2=0.8363  val_rmse=0.8810  lr_backbone=1.42e-05  lr_head=1.42e-04  time=55.0s
Epoch  26/60  train_loss=0.2967  train_r2=0.9385  val_loss=0.7433  val_r2=0.8432  val_rmse=0.8622  lr_backbone=1.37e-05  lr_head=1.36e-04  time=55.1s
Epoch  27/60  train_loss=0.2985  train_r2=0.9383  val_loss=0.7354  val_r2=0.8449  val_rmse=0.8575  lr_backbone=1.31e-05  lr_head=1.31e-04  time=55.6s
Epoch  28/60  train_loss=0.2768  train_r2=0.9428  val_loss=0.7647  val_r2=0.8387  val_rmse=0.8745  lr_backbone=1.26e-05  lr_head=1.25e-04  time=55.4s
Epoch  29/60  train_loss=0.2807  train_r2=0.9418  val_loss=0.8216  val_r2=0.8267  val_rmse=0.9064  lr_backbone=1.20e-05  lr_head=1.20e-04  time=55.9s
Epoch  30/60  train_loss=0.2726  train_r2=0.9436  val_loss=0.8195  val_r2=0.8271  val_rmse=0.9053  lr_backbone=1.15e-05  lr_head=1.14e-04  time=55.3s
Epoch  31/60  train_loss=0.2491  train_r2=0.9484  val_loss=0.7411  val_r2=0.8437  val_rmse=0.8608  lr_backbone=1.09e-05  lr_head=1.09e-04  time=55.4s
Epoch  32/60  train_loss=0.2361  train_r2=0.9510  val_loss=0.7588  val_r2=0.8399  val_rmse=0.8711  lr_backbone=1.03e-05  lr_head=1.03e-04  time=55.7s
Epoch  33/60  train_loss=0.2250  train_r2=0.9535  val_loss=0.7190  val_r2=0.8483  val_rmse=0.8480  lr_backbone=9.77e-06  lr_head=9.72e-05  time=55.5s
  Early stopping triggered at epoch 33 (no improvement for 12 epochs).

Loading best checkpoint for test evaluation: /mnt/research-projects/j/jlgage/RawUAVData01/uavforslb/uav4slb/downsample_results/eva02_base_cv0/checkpoints/fold_2023/checkpoint_best.pt

======================================================================
TEST RESULTS — fold_2023
  R²   = 0.5846
  RMSE = 0.8894
  MAE  = 0.6751
======================================================================
Saved test predictions   → /mnt/research-projects/j/jlgage/RawUAVData01/uavforslb/uav4slb/downsample_results/eva02_base_cv0/predictions/fold_2023_test_predictions.csv
Saved training history   → /mnt/research-projects/j/jlgage/RawUAVData01/uavforslb/uav4slb/downsample_results/eva02_base_cv0/history/fold_2023_history.csv

======================================================================
FOLD 2: fold_2024  |  train=4421  val=781  test=2601
======================================================================
Loaded 4421 samples from /tmp/slb_cv0_folds/train_42.csv
Loaded 781 samples from /tmp/slb_cv0_folds/val_42.csv
Loaded 2601 samples from /tmp/slb_cv0_folds/test_42.csv
Loading pretrained weights from Hugging Face hub (timm/eva02_base_patch14_448.mim_in22k_ft_in22k_in1k)
HTTP Request: HEAD https://huggingface.co/timm/eva02_base_patch14_448.mim_in22k_ft_in22k_in1k/resolve/main/model.safetensors "HTTP/1.1 302 Found"
[timm/eva02_base_patch14_448.mim_in22k_ft_in22k_in1k] Safe alternative available for 'pytorch_model.bin' (as 'model.safetensors'). Loading weights using safetensors.
EVA-02-B backbone loaded  |  pretrained=True  feature_dim=768  params=86.3M
EVA-02-B Regressor  |  total=86.5M  trainable=86.5M
Model : eva02_base  (86,545,665 params, 86,545,665 trainable)
Optimizer param groups  |  backbone_lr=2.0e-05  head_lr=2.0e-04  wd=5.00e-02  total_params=86.5M
Epoch   1/60  train_loss=2.8488  train_r2=0.0101  val_loss=0.6226  val_r2=0.7770  val_rmse=0.7890  lr_backbone=8.00e-06  lr_head=8.00e-05  time=54.1s
  ✓ Saved best checkpoint  (val_r2=0.7770)
Epoch   2/60  train_loss=0.8682  train_r2=0.6984  val_loss=0.6732  val_r2=0.7588  val_rmse=0.8205  lr_backbone=1.20e-05  lr_head=1.20e-04  time=53.5s
Epoch   3/60  train_loss=0.7844  train_r2=0.7274  val_loss=0.5096  val_r2=0.8174  val_rmse=0.7138  lr_backbone=1.60e-05  lr_head=1.60e-04  time=53.4s
  ✓ Saved best checkpoint  (val_r2=0.8174)
Epoch   4/60  train_loss=0.7357  train_r2=0.7445  val_loss=0.5936  val_r2=0.7873  val_rmse=0.7704  lr_backbone=2.00e-05  lr_head=2.00e-04  time=53.9s
Epoch   5/60  train_loss=0.7069  train_r2=0.7551  val_loss=0.5547  val_r2=0.8013  val_rmse=0.7448  lr_backbone=2.00e-05  lr_head=2.00e-04  time=54.2s
Epoch   6/60  train_loss=0.6543  train_r2=0.7730  val_loss=0.6393  val_r2=0.7710  val_rmse=0.7995  lr_backbone=2.00e-05  lr_head=2.00e-04  time=54.1s
Epoch   7/60  train_loss=0.6048  train_r2=0.7909  val_loss=0.6147  val_r2=0.7798  val_rmse=0.7841  lr_backbone=1.99e-05  lr_head=1.99e-04  time=54.1s
Epoch   8/60  train_loss=0.5405  train_r2=0.8124  val_loss=0.6369  val_r2=0.7718  val_rmse=0.7981  lr_backbone=1.99e-05  lr_head=1.99e-04  time=54.2s
Epoch   9/60  train_loss=0.5176  train_r2=0.8203  val_loss=0.5785  val_r2=0.7927  val_rmse=0.7606  lr_backbone=1.97e-05  lr_head=1.97e-04  time=54.0s
Epoch  10/60  train_loss=0.4533  train_r2=0.8434  val_loss=0.4729  val_r2=0.8306  val_rmse=0.6877  lr_backbone=1.96e-05  lr_head=1.96e-04  time=54.1s
  ✓ Saved best checkpoint  (val_r2=0.8306)
Epoch  11/60  train_loss=0.4711  train_r2=0.8363  val_loss=0.4568  val_r2=0.8363  val_rmse=0.6759  lr_backbone=1.94e-05  lr_head=1.94e-04  time=54.5s
  ✓ Saved best checkpoint  (val_r2=0.8363)
Epoch  12/60  train_loss=0.4348  train_r2=0.8504  val_loss=0.5802  val_r2=0.7921  val_rmse=0.7617  lr_backbone=1.92e-05  lr_head=1.92e-04  time=54.0s
Epoch  13/60  train_loss=0.3812  train_r2=0.8676  val_loss=0.4873  val_r2=0.8254  val_rmse=0.6980  lr_backbone=1.90e-05  lr_head=1.90e-04  time=54.4s
Epoch  14/60  train_loss=0.3655  train_r2=0.8731  val_loss=0.4816  val_r2=0.8275  val_rmse=0.6940  lr_backbone=1.87e-05  lr_head=1.87e-04  time=53.7s
Epoch  15/60  train_loss=0.3557  train_r2=0.8764  val_loss=0.4456  val_r2=0.8404  val_rmse=0.6675  lr_backbone=1.84e-05  lr_head=1.84e-04  time=53.5s
  ✓ Saved best checkpoint  (val_r2=0.8404)
Epoch  16/60  train_loss=0.3129  train_r2=0.8912  val_loss=0.4355  val_r2=0.8440  val_rmse=0.6599  lr_backbone=1.81e-05  lr_head=1.81e-04  time=53.3s
  ✓ Saved best checkpoint  (val_r2=0.8440)
Epoch  17/60  train_loss=0.3049  train_r2=0.8942  val_loss=0.5154  val_r2=0.8154  val_rmse=0.7179  lr_backbone=1.78e-05  lr_head=1.77e-04  time=53.2s
Epoch  18/60  train_loss=0.2992  train_r2=0.8966  val_loss=0.4485  val_r2=0.8393  val_rmse=0.6697  lr_backbone=1.74e-05  lr_head=1.74e-04  time=53.2s
Epoch  19/60  train_loss=0.2937  train_r2=0.8979  val_loss=0.4543  val_r2=0.8372  val_rmse=0.6740  lr_backbone=1.70e-05  lr_head=1.70e-04  time=53.6s
Epoch  20/60  train_loss=0.2663  train_r2=0.9074  val_loss=0.4340  val_r2=0.8445  val_rmse=0.6588  lr_backbone=1.66e-05  lr_head=1.66e-04  time=53.8s
Epoch  21/60  train_loss=0.2594  train_r2=0.9098  val_loss=0.4211  val_r2=0.8491  val_rmse=0.6489  lr_backbone=1.61e-05  lr_head=1.61e-04  time=54.3s
  ✓ Saved best checkpoint  (val_r2=0.8491)
Epoch  22/60  train_loss=0.2345  train_r2=0.9186  val_loss=0.4615  val_r2=0.8347  val_rmse=0.6794  lr_backbone=1.57e-05  lr_head=1.56e-04  time=53.8s
Epoch  23/60  train_loss=0.2306  train_r2=0.9200  val_loss=0.3977  val_r2=0.8575  val_rmse=0.6306  lr_backbone=1.52e-05  lr_head=1.52e-04  time=54.2s
  ✓ Saved best checkpoint  (val_r2=0.8575)
Epoch  24/60  train_loss=0.2074  train_r2=0.9279  val_loss=0.4351  val_r2=0.8441  val_rmse=0.6596  lr_backbone=1.47e-05  lr_head=1.47e-04  time=53.7s
Epoch  25/60  train_loss=0.2034  train_r2=0.9296  val_loss=0.4182  val_r2=0.8502  val_rmse=0.6467  lr_backbone=1.42e-05  lr_head=1.42e-04  time=54.3s
Epoch  26/60  train_loss=0.2164  train_r2=0.9248  val_loss=0.4617  val_r2=0.8346  val_rmse=0.6795  lr_backbone=1.37e-05  lr_head=1.36e-04  time=53.7s
Epoch  27/60  train_loss=0.1973  train_r2=0.9315  val_loss=0.4264  val_r2=0.8472  val_rmse=0.6530  lr_backbone=1.31e-05  lr_head=1.31e-04  time=53.7s
Epoch  28/60  train_loss=0.1841  train_r2=0.9362  val_loss=0.4314  val_r2=0.8455  val_rmse=0.6568  lr_backbone=1.26e-05  lr_head=1.25e-04  time=53.7s
Epoch  29/60  train_loss=0.1716  train_r2=0.9405  val_loss=0.4265  val_r2=0.8472  val_rmse=0.6531  lr_backbone=1.20e-05  lr_head=1.20e-04  time=53.7s
Epoch  30/60  train_loss=0.1712  train_r2=0.9408  val_loss=0.4040  val_r2=0.8553  val_rmse=0.6356  lr_backbone=1.15e-05  lr_head=1.14e-04  time=54.0s
Epoch  31/60  train_loss=0.1781  train_r2=0.9381  val_loss=0.3994  val_r2=0.8569  val_rmse=0.6320  lr_backbone=1.09e-05  lr_head=1.09e-04  time=52.9s
Epoch  32/60  train_loss=0.1544  train_r2=0.9464  val_loss=0.4380  val_r2=0.8431  val_rmse=0.6618  lr_backbone=1.03e-05  lr_head=1.03e-04  time=52.8s
Epoch  33/60  train_loss=0.1605  train_r2=0.9446  val_loss=0.3857  val_r2=0.8618  val_rmse=0.6211  lr_backbone=9.77e-06  lr_head=9.72e-05  time=53.5s
  ✓ Saved best checkpoint  (val_r2=0.8618)
Epoch  34/60  train_loss=0.1436  train_r2=0.9502  val_loss=0.4089  val_r2=0.8535  val_rmse=0.6395  lr_backbone=9.20e-06  lr_head=9.15e-05  time=53.7s
Epoch  35/60  train_loss=0.1443  train_r2=0.9500  val_loss=0.3808  val_r2=0.8636  val_rmse=0.6171  lr_backbone=8.63e-06  lr_head=8.58e-05  time=53.3s
  ✓ Saved best checkpoint  (val_r2=0.8636)
Epoch  36/60  train_loss=0.1396  train_r2=0.9515  val_loss=0.3778  val_r2=0.8647  val_rmse=0.6146  lr_backbone=8.07e-06  lr_head=8.02e-05  time=53.6s
  ✓ Saved best checkpoint  (val_r2=0.8647)
Epoch  37/60  train_loss=0.1329  train_r2=0.9541  val_loss=0.3886  val_r2=0.8608  val_rmse=0.6234  lr_backbone=7.52e-06  lr_head=7.46e-05  time=53.5s
Epoch  38/60  train_loss=0.1258  train_r2=0.9563  val_loss=0.3662  val_r2=0.8688  val_rmse=0.6051  lr_backbone=6.98e-06  lr_head=6.92e-05  time=53.4s
  ✓ Saved best checkpoint  (val_r2=0.8688)
Epoch  39/60  train_loss=0.1198  train_r2=0.9584  val_loss=0.3804  val_r2=0.8637  val_rmse=0.6168  lr_backbone=6.44e-06  lr_head=6.38e-05  time=53.7s
Epoch  40/60  train_loss=0.1164  train_r2=0.9598  val_loss=0.3868  val_r2=0.8614  val_rmse=0.6219  lr_backbone=5.92e-06  lr_head=5.85e-05  time=54.5s
Epoch  41/60  train_loss=0.1159  train_r2=0.9598  val_loss=0.3731  val_r2=0.8663  val_rmse=0.6108  lr_backbone=5.41e-06  lr_head=5.34e-05  time=53.3s
Epoch  42/60  train_loss=0.1124  train_r2=0.9610  val_loss=0.3899  val_r2=0.8603  val_rmse=0.6244  lr_backbone=4.91e-06  lr_head=4.84e-05  time=53.5s
Epoch  43/60  train_loss=0.1130  train_r2=0.9608  val_loss=0.3722  val_r2=0.8667  val_rmse=0.6101  lr_backbone=4.43e-06  lr_head=4.36e-05  time=53.4s
Epoch  44/60  train_loss=0.1049  train_r2=0.9636  val_loss=0.3877  val_r2=0.8611  val_rmse=0.6227  lr_backbone=3.97e-06  lr_head=3.90e-05  time=54.0s
Epoch  45/60  train_loss=0.1059  train_r2=0.9634  val_loss=0.3896  val_r2=0.8604  val_rmse=0.6242  lr_backbone=3.53e-06  lr_head=3.46e-05  time=53.5s
Epoch  46/60  train_loss=0.1035  train_r2=0.9640  val_loss=0.3777  val_r2=0.8647  val_rmse=0.6146  lr_backbone=3.12e-06  lr_head=3.04e-05  time=53.7s
Epoch  47/60  train_loss=0.0981  train_r2=0.9659  val_loss=0.3815  val_r2=0.8633  val_rmse=0.6176  lr_backbone=2.72e-06  lr_head=2.64e-05  time=53.0s
Epoch  48/60  train_loss=0.0982  train_r2=0.9659  val_loss=0.3800  val_r2=0.8638  val_rmse=0.6165  lr_backbone=2.35e-06  lr_head=2.27e-05  time=52.7s
Epoch  49/60  train_loss=0.0954  train_r2=0.9669  val_loss=0.3812  val_r2=0.8634  val_rmse=0.6174  lr_backbone=2.00e-06  lr_head=1.92e-05  time=53.4s
Epoch  50/60  train_loss=0.0976  train_r2=0.9663  val_loss=0.3807  val_r2=0.8636  val_rmse=0.6170  lr_backbone=1.68e-06  lr_head=1.60e-05  time=53.7s
  Early stopping triggered at epoch 50 (no improvement for 12 epochs).

Loading best checkpoint for test evaluation: /mnt/research-projects/j/jlgage/RawUAVData01/uavforslb/uav4slb/downsample_results/eva02_base_cv0/checkpoints/fold_2024/checkpoint_best.pt

======================================================================
TEST RESULTS — fold_2024
  R²   = 0.6398
  RMSE = 1.4809
  MAE  = 1.2055
======================================================================
Saved test predictions   → /mnt/research-projects/j/jlgage/RawUAVData01/uavforslb/uav4slb/downsample_results/eva02_base_cv0/predictions/fold_2024_test_predictions.csv
Saved training history   → /mnt/research-projects/j/jlgage/RawUAVData01/uavforslb/uav4slb/downsample_results/eva02_base_cv0/history/fold_2024_history.csv

======================================================================
FOLD 3: fold_2025  |  train=4421  val=781  test=2601
======================================================================
Loaded 4421 samples from /tmp/slb_cv0_folds/train_42.csv
Loaded 781 samples from /tmp/slb_cv0_folds/val_42.csv
Loaded 2601 samples from /tmp/slb_cv0_folds/test_42.csv
Loading pretrained weights from Hugging Face hub (timm/eva02_base_patch14_448.mim_in22k_ft_in22k_in1k)
HTTP Request: HEAD https://huggingface.co/timm/eva02_base_patch14_448.mim_in22k_ft_in22k_in1k/resolve/main/model.safetensors "HTTP/1.1 302 Found"
[timm/eva02_base_patch14_448.mim_in22k_ft_in22k_in1k] Safe alternative available for 'pytorch_model.bin' (as 'model.safetensors'). Loading weights using safetensors.
EVA-02-B backbone loaded  |  pretrained=True  feature_dim=768  params=86.3M
EVA-02-B Regressor  |  total=86.5M  trainable=86.5M
Model : eva02_base  (86,545,665 params, 86,545,665 trainable)
Optimizer param groups  |  backbone_lr=2.0e-05  head_lr=2.0e-04  wd=5.00e-02  total_params=86.5M
Epoch   1/60  train_loss=3.2827  train_r2=0.1912  val_loss=0.7412  val_r2=0.8196  val_rmse=0.8609  lr_backbone=8.00e-06  lr_head=8.00e-05  time=53.7s
  ✓ Saved best checkpoint  (val_r2=0.8196)
Epoch   2/60  train_loss=1.1179  train_r2=0.7249  val_loss=0.7669  val_r2=0.8134  val_rmse=0.8757  lr_backbone=1.20e-05  lr_head=1.20e-04  time=53.9s
Epoch   3/60  train_loss=0.9522  train_r2=0.7664  val_loss=0.7123  val_r2=0.8266  val_rmse=0.8440  lr_backbone=1.60e-05  lr_head=1.60e-04  time=54.2s
  ✓ Saved best checkpoint  (val_r2=0.8266)
Epoch   4/60  train_loss=0.9456  train_r2=0.7671  val_loss=0.6522  val_r2=0.8413  val_rmse=0.8076  lr_backbone=2.00e-05  lr_head=2.00e-04  time=54.0s
  ✓ Saved best checkpoint  (val_r2=0.8413)
Epoch   5/60  train_loss=0.9149  train_r2=0.7750  val_loss=1.3952  val_r2=0.6605  val_rmse=1.1812  lr_backbone=2.00e-05  lr_head=2.00e-04  time=53.6s
Epoch   6/60  train_loss=0.8289  train_r2=0.7967  val_loss=0.6594  val_r2=0.8395  val_rmse=0.8120  lr_backbone=2.00e-05  lr_head=2.00e-04  time=53.7s
Epoch   7/60  train_loss=0.6868  train_r2=0.8309  val_loss=1.2359  val_r2=0.6992  val_rmse=1.1117  lr_backbone=1.99e-05  lr_head=1.99e-04  time=54.3s
Epoch   8/60  train_loss=0.6911  train_r2=0.8298  val_loss=0.6170  val_r2=0.8498  val_rmse=0.7855  lr_backbone=1.99e-05  lr_head=1.99e-04  time=54.8s
  ✓ Saved best checkpoint  (val_r2=0.8498)
Epoch   9/60  train_loss=0.6178  train_r2=0.8478  val_loss=0.7020  val_r2=0.8292  val_rmse=0.8379  lr_backbone=1.97e-05  lr_head=1.97e-04  time=53.8s
Epoch  10/60  train_loss=0.5952  train_r2=0.8534  val_loss=0.5996  val_r2=0.8541  val_rmse=0.7743  lr_backbone=1.96e-05  lr_head=1.96e-04  time=53.8s
  ✓ Saved best checkpoint  (val_r2=0.8541)
Epoch  11/60  train_loss=0.5523  train_r2=0.8639  val_loss=0.9781  val_r2=0.7620  val_rmse=0.9890  lr_backbone=1.94e-05  lr_head=1.94e-04  time=53.9s
Epoch  12/60  train_loss=0.5252  train_r2=0.8707  val_loss=0.6771  val_r2=0.8352  val_rmse=0.8228  lr_backbone=1.92e-05  lr_head=1.92e-04  time=55.0s
Epoch  13/60  train_loss=0.5078  train_r2=0.8753  val_loss=0.6322  val_r2=0.8461  val_rmse=0.7951  lr_backbone=1.90e-05  lr_head=1.90e-04  time=53.7s
Epoch  14/60  train_loss=0.4826  train_r2=0.8811  val_loss=0.5685  val_r2=0.8616  val_rmse=0.7540  lr_backbone=1.87e-05  lr_head=1.87e-04  time=53.7s
  ✓ Saved best checkpoint  (val_r2=0.8616)
Epoch  15/60  train_loss=0.4628  train_r2=0.8862  val_loss=0.5783  val_r2=0.8593  val_rmse=0.7604  lr_backbone=1.84e-05  lr_head=1.84e-04  time=54.0s
Epoch  16/60  train_loss=0.4446  train_r2=0.8906  val_loss=0.5892  val_r2=0.8566  val_rmse=0.7676  lr_backbone=1.81e-05  lr_head=1.81e-04  time=53.2s
Epoch  17/60  train_loss=0.4187  train_r2=0.8969  val_loss=0.6014  val_r2=0.8536  val_rmse=0.7755  lr_backbone=1.78e-05  lr_head=1.77e-04  time=53.1s
Epoch  18/60  train_loss=0.4161  train_r2=0.8975  val_loss=0.5756  val_r2=0.8599  val_rmse=0.7587  lr_backbone=1.74e-05  lr_head=1.74e-04  time=53.2s
Epoch  19/60  train_loss=0.3767  train_r2=0.9075  val_loss=0.6143  val_r2=0.8505  val_rmse=0.7838  lr_backbone=1.70e-05  lr_head=1.70e-04  time=54.1s
Epoch  20/60  train_loss=0.3556  train_r2=0.9124  val_loss=0.5727  val_r2=0.8606  val_rmse=0.7568  lr_backbone=1.66e-05  lr_head=1.66e-04  time=54.3s
Epoch  21/60  train_loss=0.3553  train_r2=0.9127  val_loss=0.6114  val_r2=0.8512  val_rmse=0.7819  lr_backbone=1.61e-05  lr_head=1.61e-04  time=53.7s
Epoch  22/60  train_loss=0.3532  train_r2=0.9130  val_loss=0.5990  val_r2=0.8542  val_rmse=0.7739  lr_backbone=1.57e-05  lr_head=1.56e-04  time=53.9s
Epoch  23/60  train_loss=0.3465  train_r2=0.9147  val_loss=0.6959  val_r2=0.8306  val_rmse=0.8342  lr_backbone=1.52e-05  lr_head=1.52e-04  time=53.9s
Epoch  24/60  train_loss=0.3207  train_r2=0.9210  val_loss=0.5786  val_r2=0.8592  val_rmse=0.7606  lr_backbone=1.47e-05  lr_head=1.47e-04  time=54.2s
Epoch  25/60  train_loss=0.3182  train_r2=0.9218  val_loss=0.6009  val_r2=0.8538  val_rmse=0.7752  lr_backbone=1.42e-05  lr_head=1.42e-04  time=54.5s
Epoch  26/60  train_loss=0.3041  train_r2=0.9252  val_loss=0.6186  val_r2=0.8495  val_rmse=0.7865  lr_backbone=1.37e-05  lr_head=1.36e-04  time=53.8s
  Early stopping triggered at epoch 26 (no improvement for 12 epochs).

Loading best checkpoint for test evaluation: /mnt/research-projects/j/jlgage/RawUAVData01/uavforslb/uav4slb/downsample_results/eva02_base_cv0/checkpoints/fold_2025/checkpoint_best.pt

======================================================================
TEST RESULTS — fold_2025
  R²   = 0.7400
  RMSE = 0.9555
  MAE  = 0.7326
======================================================================
Saved test predictions   → /mnt/research-projects/j/jlgage/RawUAVData01/uavforslb/uav4slb/downsample_results/eva02_base_cv0/predictions/fold_2025_test_predictions.csv
Saved training history   → /mnt/research-projects/j/jlgage/RawUAVData01/uavforslb/uav4slb/downsample_results/eva02_base_cv0/history/fold_2025_history.csv

======================================================================
CV0 SUMMARY — eva02_base
======================================================================

  Mean Val  R²   = 0.8615 ± 0.0073
  Mean Test R²   = 0.6548 ± 0.0788
  Mean Test RMSE = 1.1086 ± 0.3241
  Mean Test MAE  = 0.8710

✓ Results saved → /mnt/research-projects/j/jlgage/RawUAVData01/uavforslb/uav4slb/downsample_results/eva02_base_cv0
